Archive member included to satisfy reference by file (symbol)

/usr/local/mcuxpressoide-24.9.25/ide/plugins/com.nxp.mcuxpresso.tools.linux_24.9.0.202407110857/tools/bin/../lib/gcc/arm-none-eabi/13.2.1/../../../../arm-none-eabi/lib/thumb/v7e-m+fp/hard/libcr_nohost_nf.a(_cr__main.o)
                              ./startup/startup_mk66f18.o (__main)
/usr/local/mcuxpressoide-24.9.25/ide/plugins/com.nxp.mcuxpresso.tools.linux_24.9.0.202407110857/tools/bin/../lib/gcc/arm-none-eabi/13.2.1/../../../../arm-none-eabi/lib/thumb/v7e-m+fp/hard/libcr_nohost_nf.a(_cr_assert.o)
                              ./drivers/fsl_clock.o (__assertion_failed)
/usr/local/mcuxpressoide-24.9.25/ide/plugins/com.nxp.mcuxpresso.tools.linux_24.9.0.202407110857/tools/bin/../lib/gcc/arm-none-eabi/13.2.1/../../../../arm-none-eabi/lib/thumb/v7e-m+fp/hard/libcr_nohost_nf.a(__ciob.o)
                              /usr/local/mcuxpressoide-24.9.25/ide/plugins/com.nxp.mcuxpresso.tools.linux_24.9.0.202407110857/tools/bin/../lib/gcc/arm-none-eabi/13.2.1/../../../../arm-none-eabi/lib/thumb/v7e-m+fp/hard/libcr_nohost_nf.a(_cr_assert.o) (__Ciob)
/usr/local/mcuxpressoide-24.9.25/ide/plugins/com.nxp.mcuxpresso.tools.linux_24.9.0.202407110857/tools/bin/../lib/gcc/arm-none-eabi/13.2.1/../../../../arm-none-eabi/lib/thumb/v7e-m+fp/hard/libcr_nohost_nf.a(__sys_appexit.o)
                              /usr/local/mcuxpressoide-24.9.25/ide/plugins/com.nxp.mcuxpresso.tools.linux_24.9.0.202407110857/tools/bin/../lib/gcc/arm-none-eabi/13.2.1/../../../../arm-none-eabi/lib/thumb/v7e-m+fp/hard/libcr_nohost_nf.a(_cr_assert.o) (__sys_appexit)
/usr/local/mcuxpressoide-24.9.25/ide/plugins/com.nxp.mcuxpresso.tools.linux_24.9.0.202407110857/tools/bin/../lib/gcc/arm-none-eabi/13.2.1/../../../../arm-none-eabi/lib/thumb/v7e-m+fp/hard/libcr_c.a(memcpy.o)
                              ./utilities/fsl_str.o (memcpy)
/usr/local/mcuxpressoide-24.9.25/ide/plugins/com.nxp.mcuxpresso.tools.linux_24.9.0.202407110857/tools/bin/../lib/gcc/arm-none-eabi/13.2.1/../../../../arm-none-eabi/lib/thumb/v7e-m+fp/hard/libcr_c.a(memset.o)
                              ./utilities/fsl_debug_console.o (memset)
/usr/local/mcuxpressoide-24.9.25/ide/plugins/com.nxp.mcuxpresso.tools.linux_24.9.0.202407110857/tools/bin/../lib/gcc/arm-none-eabi/13.2.1/../../../../arm-none-eabi/lib/thumb/v7e-m+fp/hard/libcr_c.a(_deferredlazyseek.o)
                              /usr/local/mcuxpressoide-24.9.25/ide/plugins/com.nxp.mcuxpresso.tools.linux_24.9.0.202407110857/tools/bin/../lib/gcc/arm-none-eabi/13.2.1/../../../../arm-none-eabi/lib/thumb/v7e-m+fp/hard/libcr_nohost_nf.a(_cr_assert.o) (__flsbuf)
/usr/local/mcuxpressoide-24.9.25/ide/plugins/com.nxp.mcuxpresso.tools.linux_24.9.0.202407110857/tools/bin/../lib/gcc/arm-none-eabi/13.2.1/../../../../arm-none-eabi/lib/thumb/v7e-m+fp/hard/libcr_c.a(_fflush.o)
                              /usr/local/mcuxpressoide-24.9.25/ide/plugins/com.nxp.mcuxpresso.tools.linux_24.9.0.202407110857/tools/bin/../lib/gcc/arm-none-eabi/13.2.1/../../../../arm-none-eabi/lib/thumb/v7e-m+fp/hard/libcr_c.a(_deferredlazyseek.o) (_fflush)
/usr/local/mcuxpressoide-24.9.25/ide/plugins/com.nxp.mcuxpresso.tools.linux_24.9.0.202407110857/tools/bin/../lib/gcc/arm-none-eabi/13.2.1/../../../../arm-none-eabi/lib/thumb/v7e-m+fp/hard/libcr_c.a(_writebuf.o)
                              /usr/local/mcuxpressoide-24.9.25/ide/plugins/com.nxp.mcuxpresso.tools.linux_24.9.0.202407110857/tools/bin/../lib/gcc/arm-none-eabi/13.2.1/../../../../arm-none-eabi/lib/thumb/v7e-m+fp/hard/libcr_c.a(_deferredlazyseek.o) (_Cwritebuf)
/usr/local/mcuxpressoide-24.9.25/ide/plugins/com.nxp.mcuxpresso.tools.linux_24.9.0.202407110857/tools/bin/../lib/gcc/arm-none-eabi/13.2.1/../../../../arm-none-eabi/lib/thumb/v7e-m+fp/hard/libcr_c.a(alloc.o)
                              ./myDrivers/SAE/SO.o (malloc)
/usr/local/mcuxpressoide-24.9.25/ide/plugins/com.nxp.mcuxpresso.tools.linux_24.9.0.202407110857/tools/bin/../lib/gcc/arm-none-eabi/13.2.1/../../../../arm-none-eabi/lib/thumb/v7e-m+fp/hard/libcr_c.a(errno.o)
                              ./utilities/fsl_str.o (errno)
/usr/local/mcuxpressoide-24.9.25/ide/plugins/com.nxp.mcuxpresso.tools.linux_24.9.0.202407110857/tools/bin/../lib/gcc/arm-none-eabi/13.2.1/../../../../arm-none-eabi/lib/thumb/v7e-m+fp/hard/libcr_c.a(fputs.o)
                              /usr/local/mcuxpressoide-24.9.25/ide/plugins/com.nxp.mcuxpresso.tools.linux_24.9.0.202407110857/tools/bin/../lib/gcc/arm-none-eabi/13.2.1/../../../../arm-none-eabi/lib/thumb/v7e-m+fp/hard/libcr_nohost_nf.a(_cr_assert.o) (fputs)
/usr/local/mcuxpressoide-24.9.25/ide/plugins/com.nxp.mcuxpresso.tools.linux_24.9.0.202407110857/tools/bin/../lib/gcc/arm-none-eabi/13.2.1/../../../../arm-none-eabi/lib/thumb/v7e-m+fp/hard/libcr_c.a(fseek.o)
[...]
Memory Configuration

Name             Origin             Length             Attributes
PROGRAM_FLASH    0x00000000         0x00200000         xr
SRAM_UPPER       0x20000000         0x00030000         xrw
SRAM_LOWER       0x1fff0000         0x00010000         xrw
FLEX_RAM         0x14000000         0x00001000         xrw
*default*        0x00000000         0xffffffff

Linker script and memory map

LOAD ./utilities/fsl_debug_console.o
LOAD ./utilities/fsl_str.o
LOAD ./startup/startup_mk66f18.o
LOAD ./source/main.o
LOAD ./source/semihost_hardfault.o
LOAD ./myDrivers/SAE/App.o
LOAD ./myDrivers/SAE/SO.o
LOAD ./myDrivers/SAE/data_structures.o
LOAD ./myDrivers/Peripherics/Low_Power.o
LOAD ./myDrivers/Peripherics/PIT.o
LOAD ./myDrivers/Peripherics/RGB.o
LOAD ./drivers/fsl_clock.o
LOAD ./drivers/fsl_common.o
LOAD ./drivers/fsl_common_arm.o
LOAD ./drivers/fsl_gpio.o
LOAD ./drivers/fsl_i2c.o
LOAD ./drivers/fsl_pit.o
LOAD ./drivers/fsl_rtc.o
LOAD ./drivers/fsl_smc.o
LOAD ./drivers/fsl_uart.o
LOAD ./device/system_MK66F18.o
LOAD ./component/uart/fsl_adapter_uart.o
LOAD ./component/serial_manager/fsl_component_serial_manager.o
LOAD ./component/serial_manager/fsl_component_serial_port_uart.o
LOAD ./component/lists/fsl_component_generic_list.o
LOAD ./board/board.o
LOAD ./board/clock_config.o
LOAD ./board/peripherals.o
LOAD ./board/pin_mux.o
START GROUP
LOAD /usr/local/mcuxpressoide-24.9.25/ide/plugins/com.nxp.mcuxpresso.tools.linux_24.9.0.202407110857/tools/bin/../lib/gcc/arm-none-eabi/13.2.1/../../../../arm-none-eabi/lib/thumb/v7e-m+fp/hard/libcr_nohost_nf.a
LOAD /usr/local/mcuxpressoide-24.9.25/ide/plugins/com.nxp.mcuxpresso.tools.linux_24.9.0.202407110857/tools/bin/../lib/gcc/arm-none-eabi/13.2.1/../../../../arm-none-eabi/lib/thumb/v7e-m+fp/hard/libcr_c.a
LOAD /usr/local/mcuxpressoide-24.9.25/ide/plugins/com.nxp.mcuxpresso.tools.linux_24.9.0.202407110857/tools/bin/../lib/gcc/arm-none-eabi/13.2.1/thumb/v7e-m+fp/hard/libcr_eabihelpers.a
LOAD /usr/local/mcuxpressoide-24.9.25/ide/plugins/com.nxp.mcuxpresso.tools.linux_24.9.0.202407110857/tools/bin/../lib/gcc/arm-none-eabi/13.2.1/thumb/v7e-m+fp/hard/libgcc.a
END GROUP
                0x00000000                        __base_PROGRAM_FLASH = 0x0
                0x00000000                        __base_Flash = 0x0
                0x00200000                        __top_PROGRAM_FLASH = 0x200000
                0x00200000                        __top_Flash = 0x200000
                0x20000000                        __base_SRAM_UPPER = 0x20000000
                0x20000000                        __base_RAM = 0x20000000
                0x20030000                        __top_SRAM_UPPER = 0x20030000
                0x20030000                        __top_RAM = 0x20030000
                0x1fff0000                        __base_SRAM_LOWER = 0x1fff0000
                0x1fff0000                        __base_RAM2 = 0x1fff0000
                0x20000000                        __top_SRAM_LOWER = 0x20000000
                0x20000000                        __top_RAM2 = 0x20000000
                0x14000000                        __base_FLEX_RAM = 0x14000000
                0x14000000                        __base_RAM3 = 0x14000000
                0x14001000                        __top_FLEX_RAM = 0x14001000
                0x14001000                        __top_RAM3 = 0x14001000

.text           0x00000000     0x4528
 FILL mask 0xff
                0x00000000                        __vectors_start__ = ABSOLUTE (.)
 *(SORT_BY_ALIGNMENT(.isr_vector))
 .isr_vector    0x00000000      0x1d0 ./startup/startup_mk66f18.o
                0x00000000                __Vectors
                0x00000000                g_pfnVectors
                0x000001d0                        . = ALIGN (0x4)
                0x000001d0                        __section_table_start = .
                0x000001d0                        __data_section_table = .
                0x000001d0        0x4 LONG 0x4528 LOADADDR (.data)
                0x000001d4        0x4 LONG 0x20000000 ADDR (.data)
                0x000001d8        0x4 LONG 0x10 SIZEOF (.data)
                0x000001dc        0x4 LONG 0x4528 LOADADDR (.data_RAM2)
                0x000001e0        0x4 LONG 0x1fff0000 ADDR (.data_RAM2)
                0x000001e4        0x4 LONG 0x0 SIZEOF (.data_RAM2)
                0x000001e8        0x4 LONG 0x4528 LOADADDR (.data_RAM3)
                0x000001ec        0x4 LONG 0x14000000 ADDR (.data_RAM3)
                0x000001f0        0x4 LONG 0x0 SIZEOF (.data_RAM3)
                0x000001f4                        __data_section_table_end = .
                0x000001f4                        __bss_section_table = .
                0x000001f4        0x4 LONG 0x20000010 ADDR (.bss)
                0x000001f8        0x4 LONG 0x138 SIZEOF (.bss)
                0x000001fc        0x4 LONG 0x1fff0000 ADDR (.bss_RAM2)
                0x00000200        0x4 LONG 0x0 SIZEOF (.bss_RAM2)
                0x00000204        0x4 LONG 0x14000000 ADDR (.bss_RAM3)
                0x00000208        0x4 LONG 0x0 SIZEOF (.bss_RAM3)
                0x0000020c                        __bss_section_table_end = .
                0x0000020c                        __section_table_end = .
 *(SORT_BY_ALIGNMENT(.after_vectors*))
 .after_vectors.reset
                0x0000020c       0x4c ./startup/startup_mk66f18.o
                0x0000020c                ResetISR
 .after_vectors.init_data
                0x00000258       0x1e ./startup/startup_mk66f18.o
                0x00000258                data_init
 .after_vectors.init_bss
                0x00000276       0x12 ./startup/startup_mk66f18.o
                0x00000276                bss_init
 .after_vectors
                0x00000288       0x14 ./startup/startup_mk66f18.o
                0x00000288                NMI_Handler
                0x0000028c                MemManage_Handler
                0x0000028e                BusFault_Handler
                0x00000290                UsageFault_Handler
                0x00000292                SVC_Handler
                0x00000294                DebugMon_Handler
                0x00000296                PendSV_Handler
                0x00000298                SysTick_Handler
                0x0000029a                DMA13_DMA29_DriverIRQHandler
                0x0000029a                PORTB_DriverIRQHandler
                0x0000029a                SPI1_DriverIRQHandler
                0x0000029a                LPTMR0_DriverIRQHandler
                0x0000029a                DMA_Error_DriverIRQHandler
                0x0000029a                FTM1_DriverIRQHandler
                0x0000029a                FTM2_DriverIRQHandler
                0x0000029a                PIT2_DriverIRQHandler
                0x0000029a                TPM2_DriverIRQHandler
                0x0000029a                SDHC_DriverIRQHandler
                0x0000029a                DMA7_DMA23_DriverIRQHandler
                0x0000029a                I2S0_Tx_DriverIRQHandler
                0x0000029a                TSI0_DriverIRQHandler
                0x0000029a                RTC_Seconds_DriverIRQHandler
                0x0000029a                CMP3_DriverIRQHandler
                0x0000029a                LLWU_DriverIRQHandler
                0x0000029a                MCM_DriverIRQHandler
                0x0000029a                DMA14_DMA30_DriverIRQHandler
                0x0000029a                MCG_DriverIRQHandler
                0x0000029a                ENET_1588_Timer_DriverIRQHandler
                0x0000029a                DAC1_DriverIRQHandler
                0x0000029a                CMP1_DriverIRQHandler
                0x0000029a                USBHSDCD_DriverIRQHandler
                0x0000029a                DMA0_DMA16_DriverIRQHandler
                0x0000029a                FTM0_DriverIRQHandler
                0x0000029a                IntDefaultHandler
                0x0000029a                USB0_DriverIRQHandler
                0x0000029a                PORTC_DriverIRQHandler
                0x0000029a                DMA2_DMA18_DriverIRQHandler
                0x0000029a                DAC0_DriverIRQHandler
                0x0000029a                CMP2_DriverIRQHandler
                0x0000029a                UART2_ERR_DriverIRQHandler
                0x0000029a                SPI2_DriverIRQHandler
                0x0000029a                LVD_LVW_DriverIRQHandler
                0x0000029a                Reserved84_DriverIRQHandler
                0x0000029a                PIT0_DriverIRQHandler
                0x0000029a                RNG_DriverIRQHandler
                0x0000029a                USBDCD_DriverIRQHandler
                0x0000029a                UART3_ERR_DriverIRQHandler
                0x0000029a                DMA12_DMA28_DriverIRQHandler
                0x0000029a                DMA10_DMA26_DriverIRQHandler
                0x0000029a                UART0_ERR_DriverIRQHandler
                0x0000029a                CMT_DriverIRQHandler
                0x0000029a                Reserved71_DriverIRQHandler
                0x0000029a                ADC1_DriverIRQHandler
                0x0000029a                PORTA_DriverIRQHandler
                0x0000029a                DMA1_DMA17_DriverIRQHandler
                0x0000029a                PIT3_DriverIRQHandler
                0x0000029a                PIT1_DriverIRQHandler
                0x0000029a                TPM1_DriverIRQHandler
                0x0000029a                WDOG_EWM_DriverIRQHandler
                0x0000029a                PDB0_DriverIRQHandler
                0x0000029a                DMA8_DMA24_DriverIRQHandler
                0x0000029a                DMA6_DMA22_DriverIRQHandler
                0x0000029a                RTC_DriverIRQHandler
                0x0000029a                I2S0_Rx_DriverIRQHandler
                0x0000029a                Read_Collision_DriverIRQHandler
                0x0000029a                SWI_DriverIRQHandler
                0x0000029a                UART4_ERR_DriverIRQHandler
                0x0000029a                DMA11_DMA27_DriverIRQHandler
                0x0000029a                DMA4_DMA20_DriverIRQHandler
                0x0000029a                DMA9_DMA25_DriverIRQHandler
                0x0000029a                ENET_Receive_DriverIRQHandler
                0x0000029a                DMA3_DMA19_DriverIRQHandler
                0x0000029a                ENET_Error_DriverIRQHandler
                0x0000029a                LPUART0_DriverIRQHandler
                0x0000029a                Reserved85_DriverIRQHandler
                0x0000029a                SPI0_DriverIRQHandler
                0x0000029a                ADC0_DriverIRQHandler
                0x0000029a                USBHS_DriverIRQHandler
                0x0000029a                CMP0_DriverIRQHandler
                0x0000029a                CAN0_DriverIRQHandler
                0x0000029a                FTM3_DriverIRQHandler
                0x0000029a                DMA5_DMA21_DriverIRQHandler
                0x0000029a                DMA15_DMA31_DriverIRQHandler
                0x0000029a                UART1_ERR_DriverIRQHandler
                0x0000029a                ENET_Transmit_DriverIRQHandler
                0x0000029a                PORTD_DriverIRQHandler
                0x0000029a                Reserved46_DriverIRQHandler
                0x0000029a                PORTE_DriverIRQHandler
                0x0000029a                FTFE_DriverIRQHandler
                0x0000029a                CAN1_DriverIRQHandler
                0x00000400                        . = 0x400
 *fill*         0x0000029c      0x164 ff
                0x00000400                        PROVIDE (__FLASH_CONFIG_START__ = .)
 *(SORT_BY_ALIGNMENT(.FlashConfig))
 .FlashConfig   0x00000400       0x10 ./startup/startup_mk66f18.o
                0x00000400                Flash_Config
                0x00000410                        PROVIDE (__FLASH_CONFIG_END__ = .)
                0x00000001                        ASSERT (! ((__FLASH_CONFIG_START__ == __FLASH_CONFIG_END__)), Linker Flash Config Support Enabled, but no .FlashConfig section provided within application)
 *(SORT_BY_ALIGNMENT(.text*))
 .text.DbgConsole_SendDataReliable
                0x00000410       0x54 ./utilities/fsl_debug_console.o
                0x00000410                DbgConsole_SendDataReliable
 .text.DbgConsole_Init
                0x00000464      0x118 ./utilities/fsl_debug_console.o
                0x00000464                DbgConsole_Init
 .text.DbgConsole_Vprintf
                0x0000057c       0x68 ./utilities/fsl_debug_console.o
                0x0000057c                DbgConsole_Vprintf
 .text.main     0x000005e4       0x68 ./source/main.o
                0x000005e4                main
 .text.__NVIC_EnableIRQ
                0x0000064c       0x3c ./myDrivers/SAE/App.o
 .text.GPIO_Config
                0x00000688       0x60 ./myDrivers/SAE/App.o
                0x00000688                GPIO_Config
 .text.Task_A   0x000006e8       0x90 ./myDrivers/SAE/App.o
                0x000006e8                Task_A
 .text.Task_B   0x00000778       0x68 ./myDrivers/SAE/App.o
                0x00000778                Task_B
 .text.Task_C   0x000007e0       0x18 ./myDrivers/SAE/App.o
                0x000007e0                Task_C
 .text.PORTA_IRQHandler
                0x000007f8       0x2c ./myDrivers/SAE/App.o
                0x000007f8                PORTA_IRQHandler
 .text.__NVIC_DisableIRQ
                0x00000824       0x48 ./myDrivers/SAE/SO.o
 .text.Create_Task
                0x0000086c       0xec ./myDrivers/SAE/SO.o
                0x0000086c                Create_Task
 .text.Activate_Task
                0x00000958       0x5c ./myDrivers/SAE/SO.o
                0x00000958                Activate_Task
 .text.Activate_Task_ISR
                0x000009b4       0x48 ./myDrivers/SAE/SO.o
                0x000009b4                Activate_Task_ISR
 .text.Terminate_Task
                0x000009fc       0x24 ./myDrivers/SAE/SO.o
                0x000009fc                Terminate_Task
 .text.Scheduler
                0x00000a20       0x6c ./myDrivers/SAE/SO.o
                0x00000a20                Scheduler
 .text.Save_Context
                0x00000a8c       0x7c ./myDrivers/SAE/SO.o
                0x00000a8c                Save_Context
 .text.Restore_Context
                0x00000b08       0x50 ./myDrivers/SAE/SO.o
                0x00000b08                Restore_Context
 .text.PIT0_IRQHandler
                0x00000b58       0xac ./myDrivers/SAE/SO.o
                0x00000b58                PIT0_IRQHandler
 .text.__NVIC_EnableIRQ
                0x00000c04       0x3c ./myDrivers/Peripherics/Low_Power.o
 .text.sleep    0x00000c40       0x20 ./myDrivers/Peripherics/Low_Power.o
                0x00000c40                sleep
 .text.PIT_Config
                0x00000c60       0x48 ./myDrivers/Peripherics/PIT.o
                0x00000c60                PIT_Config
 .text.Config_Pins
                0x00000ca8       0xac ./myDrivers/Peripherics/RGB.o
                0x00000ca8                Config_Pins
 .text.Init_Pins
                0x00000d54       0x4c ./myDrivers/Peripherics/RGB.o
                0x00000d54                Init_Pins
 .text.Off      0x00000da0       0x30 ./myDrivers/Peripherics/RGB.o
                0x00000da0                Off
 .text.CLOCK_SetEr32kClock
                0x00000dd0       0x30 ./drivers/fsl_clock.o
 .text.CLOCK_SetPllFllSelClock
                0x00000e00       0x54 ./drivers/fsl_clock.o
 .text.CLOCK_GetMcgExtClkFreq
                0x00000e54       0x7c ./drivers/fsl_clock.o
 .text.CLOCK_GetFllExtRefClkFreq
                0x00000ed0       0xb0 ./drivers/fsl_clock.o
 .text.CLOCK_GetInternalRefClkSelectFreq
                0x00000f80       0x4c ./drivers/fsl_clock.o
 .text.CLOCK_GetFllRefClkFreq
                0x00000fcc       0x34 ./drivers/fsl_clock.o
 .text.CLOCK_GetOscRangeFromFreq
                0x00001000       0x3c ./drivers/fsl_clock.o
 .text.CLOCK_GetCoreSysClkFreq
                0x0000103c       0x28 ./drivers/fsl_clock.o
                0x0000103c                CLOCK_GetCoreSysClkFreq
 .text.CLOCK_SetSimConfig
                0x00001064       0x40 ./drivers/fsl_clock.o
                0x00001064                CLOCK_SetSimConfig
 .text.CLOCK_EnableUsbfs0Clock
                0x000010a4      0x11c ./drivers/fsl_clock.o
                0x000010a4                CLOCK_EnableUsbfs0Clock
 .text.CLOCK_GetOutClkFreq
                0x000011c0       0x90 ./drivers/fsl_clock.o
                0x000011c0                CLOCK_GetOutClkFreq
 .text.CLOCK_GetFllFreq
                0x00001250       0x84 ./drivers/fsl_clock.o
                0x00001250                CLOCK_GetFllFreq
 .text.CLOCK_GetPll0Freq
                0x000012d4       0x7c ./drivers/fsl_clock.o
                0x000012d4                CLOCK_GetPll0Freq
 .text.CLOCK_GetExtPllFreq
                0x00001350       0x18 ./drivers/fsl_clock.o
                0x00001350                CLOCK_GetExtPllFreq
 .text.CLOCK_SetExtPllFreq
                0x00001368       0x20 ./drivers/fsl_clock.o
                0x00001368                CLOCK_SetExtPllFreq
 .text.CLOCK_SetExternalRefClkConfig
                0x00001388       0x6c ./drivers/fsl_clock.o
                0x00001388                CLOCK_SetExternalRefClkConfig
 .text.CLOCK_SetInternalRefClkConfig
                0x000013f4      0x104 ./drivers/fsl_clock.o
                0x000013f4                CLOCK_SetInternalRefClkConfig
 .text.CLOCK_EnablePll0
                0x000014f8       0x88 ./drivers/fsl_clock.o
                0x000014f8                CLOCK_EnablePll0
 .text.CLOCK_InitOsc0
                0x00001580       0x8c ./drivers/fsl_clock.o
                0x00001580                CLOCK_InitOsc0
 .text.CLOCK_SetPbeMode
                0x0000160c       0xe8 ./drivers/fsl_clock.o
                0x0000160c                CLOCK_SetPbeMode
 .text.CLOCK_BootToPeeMode
                0x000016f4       0x68 ./drivers/fsl_clock.o
                0x000016f4                CLOCK_BootToPeeMode
 .text.I2C_TransferCommonIRQHandler
                0x0000175c       0x58 ./drivers/fsl_i2c.o
 .text.I2C0_DriverIRQHandler
                0x000017b4       0x1c ./drivers/fsl_i2c.o
                0x000017b4                I2C0_DriverIRQHandler
 .text.I2C1_DriverIRQHandler
                0x000017d0       0x1c ./drivers/fsl_i2c.o
                0x000017d0                I2C1_DriverIRQHandler
 .text.I2C2_DriverIRQHandler
                0x000017ec       0x1c ./drivers/fsl_i2c.o
                0x000017ec                I2C2_DriverIRQHandler
 .text.I2C3_DriverIRQHandler
                0x00001808       0x1c ./drivers/fsl_i2c.o
                0x00001808                I2C3_DriverIRQHandler
 .text.UART_GetInstance
                0x00001824       0x54 ./drivers/fsl_uart.o
                0x00001824                UART_GetInstance
 .text.UART_Init
                0x00001878      0x2f4 ./drivers/fsl_uart.o
                0x00001878                UART_Init
 .text.UART_GetDefaultConfig
                0x00001b6c       0x68 ./drivers/fsl_uart.o
                0x00001b6c                UART_GetDefaultConfig
 .text.UART0_DriverIRQHandler
                0x00001bd4       0x28 ./drivers/fsl_uart.o
                0x00001bd4                UART0_DriverIRQHandler
 .text.UART1_DriverIRQHandler
                0x00001bfc       0x28 ./drivers/fsl_uart.o
                0x00001bfc                UART1_DriverIRQHandler
 .text.UART2_DriverIRQHandler
                0x00001c24       0x28 ./drivers/fsl_uart.o
                0x00001c24                UART2_DriverIRQHandler
 .text.UART3_DriverIRQHandler
                0x00001c4c       0x28 ./drivers/fsl_uart.o
                0x00001c4c                UART3_DriverIRQHandler
 .text.UART4_DriverIRQHandler
                0x00001c74       0x28 ./drivers/fsl_uart.o
                0x00001c74                UART4_DriverIRQHandler
 .text.SystemInit
                0x00001c9c       0x3c ./device/system_MK66F18.o
                0x00001c9c                SystemInit
 .text.HAL_UartInit
                0x00001cd8      0x128 ./component/uart/fsl_adapter_uart.o
                0x00001cd8                HAL_UartInit
 .text.HAL_UartSendBlocking
                0x00001e00       0x64 ./component/uart/fsl_adapter_uart.o
                0x00001e00                HAL_UartSendBlocking
 .text.CLOCK_SetSdhc0Clock
                0x00001e64       0x38 ./board/clock_config.o
 .text.CLOCK_SetEnetTime0Clock
                0x00001e9c       0x38 ./board/clock_config.o
 .text.CLOCK_SetRmii0Clock
                0x00001ed4       0x38 ./board/clock_config.o
 .text.CLOCK_SetLpuartClock
                0x00001f0c       0x38 ./board/clock_config.o
 .text.CLOCK_SetTpmClock
                0x00001f44       0x38 ./board/clock_config.o
 .text.CLOCK_SetTraceClock
                0x00001f7c       0x54 ./board/clock_config.o
 .text.CLOCK_SetClkOutClock
                0x00001fd0       0x34 ./board/clock_config.o
 .text.CLOCK_SetRtcClkOutClock
                0x00002004       0x38 ./board/clock_config.o
 .text.CLOCK_SetSimSafeDivs
                0x0000203c       0x24 ./board/clock_config.o
 .text.CLOCK_SetXtal0Freq
                0x00002060       0x20 ./board/clock_config.o
 .text.CLOCK_SetXtal32Freq
                0x00002080       0x20 ./board/clock_config.o
 .text.CLOCK_CONFIG_SetRtcClock
                0x000020a0       0x84 ./board/clock_config.o
 .text.CLOCK_CONFIG_EnableUsbhs0PhyPllClock
                0x00002124       0xf4 ./board/clock_config.o
 .text.CLOCK_CONFIG_EnableUsbhs0PfdClock
                0x00002218       0xb4 ./board/clock_config.o
 .text.CLOCK_CONFIG_SetUsbSlowClock
                0x000022cc       0x38 ./board/clock_config.o
 .text.CLOCK_CONFIG_SetFllExtRefDiv
                0x00002304       0x3c ./board/clock_config.o
 .text.BOARD_BootClockHSRUN
                0x00002340       0xe0 ./board/clock_config.o
                0x00002340                BOARD_BootClockHSRUN
 .text.PORT_SetPinConfig
                0x00002420       0x38 ./board/pin_mux.o
 .text.BOARD_InitPins
                0x00002458       0x30 ./board/pin_mux.o
                0x00002458                BOARD_InitPins
 .text.BOARD_InitDEBUG_UARTPins
                0x00002488       0x68 ./board/pin_mux.o
                0x00002488                BOARD_InitDEBUG_UARTPins
 .text.__assertion_failed
                0x000024f0       0x4c /usr/local/mcuxpressoide-24.9.25/ide/plugins/com.nxp.mcuxpresso.tools.linux_24.9.0.202407110857/tools/bin/../lib/gcc/arm-none-eabi/13.2.1/../../../../arm-none-eabi/lib/thumb/v7e-m+fp/hard/libcr_nohost_nf.a(_cr_assert.o)
                0x000024f0                __assertion_failed
 .text._Cwritebuf
                0x0000253c       0x6c /usr/local/mcuxpressoide-24.9.25/ide/plugins/com.nxp.mcuxpresso.tools.linux_24.9.0.202407110857/tools/bin/../lib/gcc/arm-none-eabi/13.2.1/../../../../arm-none-eabi/lib/thumb/v7e-m+fp/hard/libcr_c.a(_writebuf.o)
                0x0000253c                _Cwritebuf
 .text.malloc   0x000025a8       0xc8 /usr/local/mcuxpressoide-24.9.25/ide/plugins/com.nxp.mcuxpresso.tools.linux_24.9.0.202407110857/tools/bin/../lib/gcc/arm-none-eabi/13.2.1/../../../../arm-none-eabi/lib/thumb/v7e-m+fp/hard/libcr_c.a(alloc.o)
                0x000025a8                malloc
 .text._Csys_alloc
                0x00002670       0x20 /usr/local/mcuxpressoide-24.9.25/ide/plugins/com.nxp.mcuxpresso.tools.linux_24.9.0.202407110857/tools/bin/../lib/gcc/arm-none-eabi/13.2.1/../../../../arm-none-eabi/lib/thumb/v7e-m+fp/hard/libcr_c.a(alloc.o)
                0x00002670                _Csys_alloc
 .text.fseek    0x00002690       0xf8 /usr/local/mcuxpressoide-24.9.25/ide/plugins/com.nxp.mcuxpresso.tools.linux_24.9.0.202407110857/tools/bin/../lib/gcc/arm-none-eabi/13.2.1/../../../../arm-none-eabi/lib/thumb/v7e-m+fp/hard/libcr_c.a(fseek.o)
                0x00002690                fseek
 .text.ftell    0x00002788       0x44 /usr/local/mcuxpressoide-24.9.25/ide/plugins/com.nxp.mcuxpresso.tools.linux_24.9.0.202407110857/tools/bin/../lib/gcc/arm-none-eabi/13.2.1/../../../../arm-none-eabi/lib/thumb/v7e-m+fp/hard/libcr_c.a(ftell.o)
                0x00002788                ftell
 .text._initio  0x000027cc       0x78 /usr/local/mcuxpressoide-24.9.25/ide/plugins/com.nxp.mcuxpresso.tools.linux_24.9.0.202407110857/tools/bin/../lib/gcc/arm-none-eabi/13.2.1/../../../../arm-none-eabi/lib/thumb/v7e-m+fp/hard/libcr_c.a(initio.o)
                0x000027cc                _initio
 .text._sbrk    0x00002844       0x3c /usr/local/mcuxpressoide-24.9.25/ide/plugins/com.nxp.mcuxpresso.tools.linux_24.9.0.202407110857/tools/bin/../lib/gcc/arm-none-eabi/13.2.1/../../../../arm-none-eabi/lib/thumb/v7e-m+fp/hard/libcr_c.a(_cr_sbrk.o)
                0x00002844                _sbrk
 .text.fflush   0x00002880       0x3c /usr/local/mcuxpressoide-24.9.25/ide/plugins/com.nxp.mcuxpresso.tools.linux_24.9.0.202407110857/tools/bin/../lib/gcc/arm-none-eabi/13.2.1/../../../../arm-none-eabi/lib/thumb/v7e-m+fp/hard/libcr_c.a(fflush.o)
                0x00002880                fflush
 .text.__check_heap_overflow
                0x000028bc       0x18 /usr/local/mcuxpressoide-24.9.25/ide/plugins/com.nxp.mcuxpresso.tools.linux_24.9.0.202407110857/tools/bin/../lib/gcc/arm-none-eabi/13.2.1/../../../../arm-none-eabi/lib/thumb/v7e-m+fp/hard/libcr_c.a(_cr_check_heap.o)
                0x000028bc                __check_heap_overflow
 .text.DbgConsole_PrintCallback
                0x000028d4       0x66 ./utilities/fsl_debug_console.o
 .text.DbgConsole_Printf
                0x0000293a       0x2c ./utilities/fsl_debug_console.o
                0x0000293a                DbgConsole_Printf
 .text.PrintGetWidth
                0x00002966       0x6a ./utilities/fsl_str.o
 .text.PrintGetPrecision
                0x000029d0       0x8c ./utilities/fsl_str.o
 .text.PrintIsobpu
                0x00002a5c       0x38 ./utilities/fsl_str.o
 .text.PrintIsdi
                0x00002a94       0x2c ./utilities/fsl_str.o
 .text.PrintOutputdifFobpu
                0x00002ac0       0x44 ./utilities/fsl_str.o
 .text.PrintOutputxX
                0x00002b04       0x44 ./utilities/fsl_str.o
 .text.PrintIsfF
                0x00002b48       0x2c ./utilities/fsl_str.o
 .text.PrintIsxX
                0x00002b74       0x2c ./utilities/fsl_str.o
 .text.PrintFilterLengthFlag
                0x00002ba0       0x3e ./utilities/fsl_str.o
 .text.PrintGetRadixFromobpu
                0x00002bde       0x40 ./utilities/fsl_str.o
 .text.ConvertRadixNumToString
                0x00002c1e       0xc2 ./utilities/fsl_str.o
 .text.StrFormatPrintf
                0x00002ce0      0x2ac ./utilities/fsl_str.o
                0x00002ce0                StrFormatPrintf
 .text.DMA0_DMA16_IRQHandler
                0x00002f8c        0x8 ./startup/startup_mk66f18.o
                0x00002f8c                DMA0_DMA16_IRQHandler
 .text.DMA1_DMA17_IRQHandler
                0x00002f94        0x8 ./startup/startup_mk66f18.o
                0x00002f94                DMA1_DMA17_IRQHandler
 .text.DMA2_DMA18_IRQHandler
                0x00002f9c        0x8 ./startup/startup_mk66f18.o
                0x00002f9c                DMA2_DMA18_IRQHandler
 .text.DMA3_DMA19_IRQHandler
                0x00002fa4        0x8 ./startup/startup_mk66f18.o
                0x00002fa4                DMA3_DMA19_IRQHandler
 .text.DMA4_DMA20_IRQHandler
                0x00002fac        0x8 ./startup/startup_mk66f18.o
                0x00002fac                DMA4_DMA20_IRQHandler
 .text.DMA5_DMA21_IRQHandler
                0x00002fb4        0x8 ./startup/startup_mk66f18.o
                0x00002fb4                DMA5_DMA21_IRQHandler
 .text.DMA6_DMA22_IRQHandler
                0x00002fbc        0x8 ./startup/startup_mk66f18.o
                0x00002fbc                DMA6_DMA22_IRQHandler
 .text.DMA7_DMA23_IRQHandler
                0x00002fc4        0x8 ./startup/startup_mk66f18.o
                0x00002fc4                DMA7_DMA23_IRQHandler
 .text.DMA8_DMA24_IRQHandler
                0x00002fcc        0x8 ./startup/startup_mk66f18.o
                0x00002fcc                DMA8_DMA24_IRQHandler
 .text.DMA9_DMA25_IRQHandler
                0x00002fd4        0x8 ./startup/startup_mk66f18.o
                0x00002fd4                DMA9_DMA25_IRQHandler
 .text.DMA10_DMA26_IRQHandler
                0x00002fdc        0x8 ./startup/startup_mk66f18.o
                0x00002fdc                DMA10_DMA26_IRQHandler
 .text.DMA11_DMA27_IRQHandler
                0x00002fe4        0x8 ./startup/startup_mk66f18.o
                0x00002fe4                DMA11_DMA27_IRQHandler
 .text.DMA12_DMA28_IRQHandler
                0x00002fec        0x8 ./startup/startup_mk66f18.o
                0x00002fec                DMA12_DMA28_IRQHandler
 .text.DMA13_DMA29_IRQHandler
                0x00002ff4        0x8 ./startup/startup_mk66f18.o
                0x00002ff4                DMA13_DMA29_IRQHandler
 .text.DMA14_DMA30_IRQHandler
                0x00002ffc        0x8 ./startup/startup_mk66f18.o
                0x00002ffc                DMA14_DMA30_IRQHandler
 .text.DMA15_DMA31_IRQHandler
                0x00003004        0x8 ./startup/startup_mk66f18.o
                0x00003004                DMA15_DMA31_IRQHandler
 .text.DMA_Error_IRQHandler
                0x0000300c        0x8 ./startup/startup_mk66f18.o
                0x0000300c                DMA_Error_IRQHandler
 .text.MCM_IRQHandler
                0x00003014        0x8 ./startup/startup_mk66f18.o
                0x00003014                MCM_IRQHandler
 .text.FTFE_IRQHandler
                0x0000301c        0x8 ./startup/startup_mk66f18.o
                0x0000301c                FTFE_IRQHandler
 .text.Read_Collision_IRQHandler
                0x00003024        0x8 ./startup/startup_mk66f18.o
                0x00003024                Read_Collision_IRQHandler
 .text.LVD_LVW_IRQHandler
                0x0000302c        0x8 ./startup/startup_mk66f18.o
                0x0000302c                LVD_LVW_IRQHandler
 .text.LLWU_IRQHandler
                0x00003034        0x8 ./startup/startup_mk66f18.o
                0x00003034                LLWU_IRQHandler
 .text.WDOG_EWM_IRQHandler
                0x0000303c        0x8 ./startup/startup_mk66f18.o
                0x0000303c                WDOG_EWM_IRQHandler
 .text.RNG_IRQHandler
                0x00003044        0x8 ./startup/startup_mk66f18.o
                0x00003044                RNG_IRQHandler
 .text.I2C0_IRQHandler
                0x0000304c        0x8 ./startup/startup_mk66f18.o
                0x0000304c                I2C0_IRQHandler
 .text.I2C1_IRQHandler
                0x00003054        0x8 ./startup/startup_mk66f18.o
                0x00003054                I2C1_IRQHandler
 .text.SPI0_IRQHandler
                0x0000305c        0x8 ./startup/startup_mk66f18.o
                0x0000305c                SPI0_IRQHandler
 .text.SPI1_IRQHandler
                0x00003064        0x8 ./startup/startup_mk66f18.o
                0x00003064                SPI1_IRQHandler
 .text.I2S0_Tx_IRQHandler
                0x0000306c        0x8 ./startup/startup_mk66f18.o
                0x0000306c                I2S0_Tx_IRQHandler
 .text.I2S0_Rx_IRQHandler
                0x00003074        0x8 ./startup/startup_mk66f18.o
                0x00003074                I2S0_Rx_IRQHandler
 .text.Reserved46_IRQHandler
                0x0000307c        0x8 ./startup/startup_mk66f18.o
                0x0000307c                Reserved46_IRQHandler
 .text.UART0_RX_TX_IRQHandler
                0x00003084        0x8 ./startup/startup_mk66f18.o
                0x00003084                UART0_RX_TX_IRQHandler
 .text.UART0_ERR_IRQHandler
                0x0000308c        0x8 ./startup/startup_mk66f18.o
                0x0000308c                UART0_ERR_IRQHandler
 .text.UART1_RX_TX_IRQHandler
                0x00003094        0x8 ./startup/startup_mk66f18.o
                0x00003094                UART1_RX_TX_IRQHandler
 .text.UART1_ERR_IRQHandler
                0x0000309c        0x8 ./startup/startup_mk66f18.o
                0x0000309c                UART1_ERR_IRQHandler
 .text.UART2_RX_TX_IRQHandler
                0x000030a4        0x8 ./startup/startup_mk66f18.o
                0x000030a4                UART2_RX_TX_IRQHandler
 .text.UART2_ERR_IRQHandler
                0x000030ac        0x8 ./startup/startup_mk66f18.o
                0x000030ac                UART2_ERR_IRQHandler
 .text.UART3_RX_TX_IRQHandler
                0x000030b4        0x8 ./startup/startup_mk66f18.o
                0x000030b4                UART3_RX_TX_IRQHandler
 .text.UART3_ERR_IRQHandler
                0x000030bc        0x8 ./startup/startup_mk66f18.o
                0x000030bc                UART3_ERR_IRQHandler
 .text.ADC0_IRQHandler
                0x000030c4        0x8 ./startup/startup_mk66f18.o
                0x000030c4                ADC0_IRQHandler
 .text.CMP0_IRQHandler
                0x000030cc        0x8 ./startup/startup_mk66f18.o
                0x000030cc                CMP0_IRQHandler
 .text.CMP1_IRQHandler
                0x000030d4        0x8 ./startup/startup_mk66f18.o
                0x000030d4                CMP1_IRQHandler
 .text.FTM0_IRQHandler
                0x000030dc        0x8 ./startup/startup_mk66f18.o
                0x000030dc                FTM0_IRQHandler
 .text.FTM1_IRQHandler
                0x000030e4        0x8 ./startup/startup_mk66f18.o
                0x000030e4                FTM1_IRQHandler
 .text.FTM2_IRQHandler
                0x000030ec        0x8 ./startup/startup_mk66f18.o
                0x000030ec                FTM2_IRQHandler
 .text.CMT_IRQHandler
                0x000030f4        0x8 ./startup/startup_mk66f18.o
                0x000030f4                CMT_IRQHandler
 .text.RTC_IRQHandler
                0x000030fc        0x8 ./startup/startup_mk66f18.o
                0x000030fc                RTC_IRQHandler
 .text.RTC_Seconds_IRQHandler
                0x00003104        0x8 ./startup/startup_mk66f18.o
                0x00003104                RTC_Seconds_IRQHandler
 .text.PIT1_IRQHandler
                0x0000310c        0x8 ./startup/startup_mk66f18.o
                0x0000310c                PIT1_IRQHandler
 .text.PIT2_IRQHandler
                0x00003114        0x8 ./startup/startup_mk66f18.o
                0x00003114                PIT2_IRQHandler
 .text.PIT3_IRQHandler
                0x0000311c        0x8 ./startup/startup_mk66f18.o
                0x0000311c                PIT3_IRQHandler
 .text.PDB0_IRQHandler
                0x00003124        0x8 ./startup/startup_mk66f18.o
                0x00003124                PDB0_IRQHandler
 .text.USB0_IRQHandler
                0x0000312c        0x8 ./startup/startup_mk66f18.o
                0x0000312c                USB0_IRQHandler
 .text.USBDCD_IRQHandler
                0x00003134        0x8 ./startup/startup_mk66f18.o
                0x00003134                USBDCD_IRQHandler
 .text.Reserved71_IRQHandler
                0x0000313c        0x8 ./startup/startup_mk66f18.o
                0x0000313c                Reserved71_IRQHandler
 .text.DAC0_IRQHandler
                0x00003144        0x8 ./startup/startup_mk66f18.o
                0x00003144                DAC0_IRQHandler
 .text.MCG_IRQHandler
                0x0000314c        0x8 ./startup/startup_mk66f18.o
                0x0000314c                MCG_IRQHandler
 .text.LPTMR0_IRQHandler
                0x00003154        0x8 ./startup/startup_mk66f18.o
                0x00003154                LPTMR0_IRQHandler
 .text.PORTB_IRQHandler
                0x0000315c        0x8 ./startup/startup_mk66f18.o
                0x0000315c                PORTB_IRQHandler
 .text.PORTC_IRQHandler
                0x00003164        0x8 ./startup/startup_mk66f18.o
                0x00003164                PORTC_IRQHandler
 .text.PORTD_IRQHandler
                0x0000316c        0x8 ./startup/startup_mk66f18.o
                0x0000316c                PORTD_IRQHandler
 .text.PORTE_IRQHandler
                0x00003174        0x8 ./startup/startup_mk66f18.o
                0x00003174                PORTE_IRQHandler
 .text.SWI_IRQHandler
                0x0000317c        0x8 ./startup/startup_mk66f18.o
                0x0000317c                SWI_IRQHandler
 .text.SPI2_IRQHandler
                0x00003184        0x8 ./startup/startup_mk66f18.o
                0x00003184                SPI2_IRQHandler
 .text.UART4_RX_TX_IRQHandler
                0x0000318c        0x8 ./startup/startup_mk66f18.o
                0x0000318c                UART4_RX_TX_IRQHandler
 .text.UART4_ERR_IRQHandler
                0x00003194        0x8 ./startup/startup_mk66f18.o
                0x00003194                UART4_ERR_IRQHandler
 .text.Reserved84_IRQHandler
                0x0000319c        0x8 ./startup/startup_mk66f18.o
                0x0000319c                Reserved84_IRQHandler
 .text.Reserved85_IRQHandler
                0x000031a4        0x8 ./startup/startup_mk66f18.o
                0x000031a4                Reserved85_IRQHandler
 .text.CMP2_IRQHandler
                0x000031ac        0x8 ./startup/startup_mk66f18.o
                0x000031ac                CMP2_IRQHandler
 .text.FTM3_IRQHandler
                0x000031b4        0x8 ./startup/startup_mk66f18.o
                0x000031b4                FTM3_IRQHandler
 .text.DAC1_IRQHandler
                0x000031bc        0x8 ./startup/startup_mk66f18.o
                0x000031bc                DAC1_IRQHandler
 .text.ADC1_IRQHandler
                0x000031c4        0x8 ./startup/startup_mk66f18.o
                0x000031c4                ADC1_IRQHandler
 .text.I2C2_IRQHandler
                0x000031cc        0x8 ./startup/startup_mk66f18.o
                0x000031cc                I2C2_IRQHandler
 .text.CAN0_ORed_Message_buffer_IRQHandler
                0x000031d4        0x8 ./startup/startup_mk66f18.o
                0x000031d4                CAN0_ORed_Message_buffer_IRQHandler
 .text.CAN0_Bus_Off_IRQHandler
                0x000031dc        0x8 ./startup/startup_mk66f18.o
                0x000031dc                CAN0_Bus_Off_IRQHandler
 .text.CAN0_Error_IRQHandler
                0x000031e4        0x8 ./startup/startup_mk66f18.o
                0x000031e4                CAN0_Error_IRQHandler
 .text.CAN0_Tx_Warning_IRQHandler
                0x000031ec        0x8 ./startup/startup_mk66f18.o
                0x000031ec                CAN0_Tx_Warning_IRQHandler
 .text.CAN0_Rx_Warning_IRQHandler
                0x000031f4        0x8 ./startup/startup_mk66f18.o
                0x000031f4                CAN0_Rx_Warning_IRQHandler
 .text.CAN0_Wake_Up_IRQHandler
                0x000031fc        0x8 ./startup/startup_mk66f18.o
                0x000031fc                CAN0_Wake_Up_IRQHandler
 .text.SDHC_IRQHandler
                0x00003204        0x8 ./startup/startup_mk66f18.o
                0x00003204                SDHC_IRQHandler
 .text.ENET_1588_Timer_IRQHandler
                0x0000320c        0x8 ./startup/startup_mk66f18.o
                0x0000320c                ENET_1588_Timer_IRQHandler
 .text.ENET_Transmit_IRQHandler
                0x00003214        0x8 ./startup/startup_mk66f18.o
                0x00003214                ENET_Transmit_IRQHandler
 .text.ENET_Receive_IRQHandler
                0x0000321c        0x8 ./startup/startup_mk66f18.o
                0x0000321c                ENET_Receive_IRQHandler
 .text.ENET_Error_IRQHandler
                0x00003224        0x8 ./startup/startup_mk66f18.o
                0x00003224                ENET_Error_IRQHandler
 .text.LPUART0_IRQHandler
                0x0000322c        0x8 ./startup/startup_mk66f18.o
                0x0000322c                LPUART0_IRQHandler
 .text.TSI0_IRQHandler
                0x00003234        0x8 ./startup/startup_mk66f18.o
                0x00003234                TSI0_IRQHandler
 .text.TPM1_IRQHandler
                0x0000323c        0x8 ./startup/startup_mk66f18.o
                0x0000323c                TPM1_IRQHandler
 .text.TPM2_IRQHandler
                0x00003244        0x8 ./startup/startup_mk66f18.o
                0x00003244                TPM2_IRQHandler
 .text.USBHSDCD_IRQHandler
                0x0000324c        0x8 ./startup/startup_mk66f18.o
                0x0000324c                USBHSDCD_IRQHandler
 .text.I2C3_IRQHandler
                0x00003254        0x8 ./startup/startup_mk66f18.o
                0x00003254                I2C3_IRQHandler
 .text.CMP3_IRQHandler
                0x0000325c        0x8 ./startup/startup_mk66f18.o
                0x0000325c                CMP3_IRQHandler
 .text.USBHS_IRQHandler
                0x00003264        0x8 ./startup/startup_mk66f18.o
                0x00003264                USBHS_IRQHandler
 .text.CAN1_ORed_Message_buffer_IRQHandler
                0x0000326c        0x8 ./startup/startup_mk66f18.o
                0x0000326c                CAN1_ORed_Message_buffer_IRQHandler
 .text.CAN1_Bus_Off_IRQHandler
                0x00003274        0x8 ./startup/startup_mk66f18.o
                0x00003274                CAN1_Bus_Off_IRQHandler
 .text.CAN1_Error_IRQHandler
                0x0000327c        0x8 ./startup/startup_mk66f18.o
                0x0000327c                CAN1_Error_IRQHandler
 .text.CAN1_Tx_Warning_IRQHandler
                0x00003284        0x8 ./startup/startup_mk66f18.o
                0x00003284                CAN1_Tx_Warning_IRQHandler
 .text.CAN1_Rx_Warning_IRQHandler
                0x0000328c        0x8 ./startup/startup_mk66f18.o
                0x0000328c                CAN1_Rx_Warning_IRQHandler
 .text.CAN1_Wake_Up_IRQHandler
                0x00003294        0x8 ./startup/startup_mk66f18.o
                0x00003294                CAN1_Wake_Up_IRQHandler
 .text.HardFault_Handler
                0x0000329c       0x36 ./source/semihost_hardfault.o
                0x0000329c                HardFault_Handler
 .text.EnableIRQ
                0x000032d2       0x32 ./myDrivers/SAE/App.o
 .text.SO_Init  0x00003304        0xc ./myDrivers/SAE/SO.o
                0x00003304                SO_Init
 .text.Queue_Init
                0x00003310       0x6a ./myDrivers/SAE/SO.o
                0x00003310                Queue_Init
 .text.Queue_IsEmpty
                0x0000337a       0x22 ./myDrivers/SAE/SO.o
                0x0000337a                Queue_IsEmpty
 .text.Queue_IsFull
                0x0000339c       0x26 ./myDrivers/SAE/SO.o
                0x0000339c                Queue_IsFull
 .text.Queue_Enqueue
                0x000033c2       0x66 ./myDrivers/SAE/SO.o
                0x000033c2                Queue_Enqueue
 .text.Queue_Dequeue
                0x00003428       0x66 ./myDrivers/SAE/SO.o
                0x00003428                Queue_Dequeue
 .text.EnableIRQ
                0x0000348e       0x32 ./myDrivers/Peripherics/Low_Power.o
 .text.CLOCK_EnableClock
                0x000034c0       0x34 ./drivers/fsl_clock.o
 .text.CLOCK_DisableClock
                0x000034f4       0x38 ./drivers/fsl_clock.o
 .text.OSC_SetExtRefClkConfig
                0x0000352c       0x40 ./drivers/fsl_clock.o
 .text.OSC_SetCapLoad
                0x0000356c       0x34 ./drivers/fsl_clock.o
 .text.CLOCK_GetPll0RefFreq
                0x000035a0        0xe ./drivers/fsl_clock.o
 .text.SMC_SetPowerModeHsrun
                0x000035ae       0x32 ./drivers/fsl_smc.o
                0x000035ae                SMC_SetPowerModeHsrun
 .text.CLOCK_EnableClock
                0x000035e0       0x34 ./drivers/fsl_uart.o
 .text.UART_WriteBlocking
                0x00003614       0x50 ./drivers/fsl_uart.o
                0x00003614                UART_WriteBlocking
 .text.UART0_RX_TX_DriverIRQHandler
                0x00003664       0x12 ./drivers/fsl_uart.o
                0x00003664                UART0_RX_TX_DriverIRQHandler
 .text.UART1_RX_TX_DriverIRQHandler
                0x00003676       0x12 ./drivers/fsl_uart.o
                0x00003676                UART1_RX_TX_DriverIRQHandler
 .text.UART2_RX_TX_DriverIRQHandler
                0x00003688       0x12 ./drivers/fsl_uart.o
                0x00003688                UART2_RX_TX_DriverIRQHandler
 .text.UART3_RX_TX_DriverIRQHandler
                0x0000369a       0x12 ./drivers/fsl_uart.o
                0x0000369a                UART3_RX_TX_DriverIRQHandler
 .text.UART4_RX_TX_DriverIRQHandler
                0x000036ac       0x12 ./drivers/fsl_uart.o
                0x000036ac                UART4_RX_TX_DriverIRQHandler
 .text.SystemInitHook
                0x000036be        0xe ./device/system_MK66F18.o
                0x000036be                SystemInitHook
 .text.HAL_UartGetStatus
                0x000036cc       0x22 ./component/uart/fsl_adapter_uart.o
 .text.DisableGlobalIRQ
                0x000036ee       0x22 ./component/serial_manager/fsl_component_serial_manager.o
 .text.EnableGlobalIRQ
                0x00003710       0x20 ./component/serial_manager/fsl_component_serial_manager.o
 .text.SerialManager_StartWriting
                0x00003730       0x38 ./component/serial_manager/fsl_component_serial_manager.o
 .text.SerialManager_Write
                0x00003768       0x44 ./component/serial_manager/fsl_component_serial_manager.o
 .text.SerialManager_Init
                0x000037ac       0x60 ./component/serial_manager/fsl_component_serial_manager.o
                0x000037ac                SerialManager_Init
 .text.SerialManager_OpenWriteHandle
                0x0000380c       0x50 ./component/serial_manager/fsl_component_serial_manager.o
                0x0000380c                SerialManager_OpenWriteHandle
 .text.SerialManager_OpenReadHandle
                0x0000385c       0x60 ./component/serial_manager/fsl_component_serial_manager.o
                0x0000385c                SerialManager_OpenReadHandle
 .text.SerialManager_WriteBlocking
                0x000038bc       0x20 ./component/serial_manager/fsl_component_serial_manager.o
                0x000038bc                SerialManager_WriteBlocking
 .text.Serial_UartInit
                0x000038dc       0x3e ./component/serial_manager/fsl_component_serial_port_uart.o
                0x000038dc                Serial_UartInit
 .text.Serial_UartWrite
                0x0000391a       0x38 ./component/serial_manager/fsl_component_serial_port_uart.o
                0x0000391a                Serial_UartWrite
 .text.BOARD_InitDebugConsole
                0x00003952       0x22 ./board/board.o
                0x00003952                BOARD_InitDebugConsole
 .text.CLOCK_EnableClock
                0x00003974       0x34 ./board/clock_config.o
 .text.CLOCK_DisableClock
                0x000039a8       0x38 ./board/clock_config.o
 .text.SMC_SetPowerModeProtection
                0x000039e0       0x1e ./board/clock_config.o
 .text.SMC_GetPowerModeState
                0x000039fe       0x1a ./board/clock_config.o
 .text.RTC_SetOscCapLoad
                0x00003a18       0x32 ./board/clock_config.o
 .text.BOARD_InitBootClocks
                0x00003a4a        0xc ./board/clock_config.o
                0x00003a4a                BOARD_InitBootClocks
 .text.BOARD_InitPeripherals
                0x00003a56        0xe ./board/peripherals.o
                0x00003a56                BOARD_InitPeripherals
 .text.BOARD_InitBootPeripherals
                0x00003a64        0xc ./board/peripherals.o
                0x00003a64                BOARD_InitBootPeripherals
 .text.CLOCK_EnableClock
                0x00003a70       0x34 ./board/pin_mux.o
 .text.PORT_SetPinMux
                0x00003aa4       0x3a ./board/pin_mux.o
 .text.BOARD_InitBootPins
                0x00003ade       0x10 ./board/pin_mux.o
                0x00003ade                BOARD_InitBootPins
 .text.__main   0x00003aee        0xe /usr/local/mcuxpressoide-24.9.25/ide/plugins/com.nxp.mcuxpresso.tools.linux_24.9.0.202407110857/tools/bin/../lib/gcc/arm-none-eabi/13.2.1/../../../../arm-none-eabi/lib/thumb/v7e-m+fp/hard/libcr_nohost_nf.a(_cr__main.o)
                0x00003aee                __main
 .text.__sys_appexit
                0x00003afc        0x2 /usr/local/mcuxpressoide-24.9.25/ide/plugins/com.nxp.mcuxpresso.tools.linux_24.9.0.202407110857/tools/bin/../lib/gcc/arm-none-eabi/13.2.1/../../../../arm-none-eabi/lib/thumb/v7e-m+fp/hard/libcr_nohost_nf.a(__sys_appexit.o)
                0x00003afc                __exit
                0x00003afc                __sys_appexit
 .text.memcpy   0x00003afe        0x4 /usr/local/mcuxpressoide-24.9.25/ide/plugins/com.nxp.mcuxpresso.tools.linux_24.9.0.202407110857/tools/bin/../lib/gcc/arm-none-eabi/13.2.1/../../../../arm-none-eabi/lib/thumb/v7e-m+fp/hard/libcr_c.a(memcpy.o)
                0x00003afe                memcpy
 .text.memset   0x00003b02        0x4 /usr/local/mcuxpressoide-24.9.25/ide/plugins/com.nxp.mcuxpresso.tools.linux_24.9.0.202407110857/tools/bin/../lib/gcc/arm-none-eabi/13.2.1/../../../../arm-none-eabi/lib/thumb/v7e-m+fp/hard/libcr_c.a(memset.o)
                0x00003b02                memset
 .text._deferredlazyseek
                0x00003b06       0x40 /usr/local/mcuxpressoide-24.9.25/ide/plugins/com.nxp.mcuxpresso.tools.linux_24.9.0.202407110857/tools/bin/../lib/gcc/arm-none-eabi/13.2.1/../../../../arm-none-eabi/lib/thumb/v7e-m+fp/hard/libcr_c.a(_deferredlazyseek.o)
                0x00003b06                _deferredlazyseek
 .text.__flsbuf
                0x00003b46      0x126 /usr/local/mcuxpressoide-24.9.25/ide/plugins/com.nxp.mcuxpresso.tools.linux_24.9.0.202407110857/tools/bin/../lib/gcc/arm-none-eabi/13.2.1/../../../../arm-none-eabi/lib/thumb/v7e-m+fp/hard/libcr_c.a(_deferredlazyseek.o)
                0x00003b46                __flsbuf
 .text._fflush  0x00003c6c       0x52 /usr/local/mcuxpressoide-24.9.25/ide/plugins/com.nxp.mcuxpresso.tools.linux_24.9.0.202407110857/tools/bin/../lib/gcc/arm-none-eabi/13.2.1/../../../../arm-none-eabi/lib/thumb/v7e-m+fp/hard/libcr_c.a(_fflush.o)
                0x00003c6c                _fflush
 .text.free     0x00003cbe       0x30 /usr/local/mcuxpressoide-24.9.25/ide/plugins/com.nxp.mcuxpresso.tools.linux_24.9.0.202407110857/tools/bin/../lib/gcc/arm-none-eabi/13.2.1/../../../../arm-none-eabi/lib/thumb/v7e-m+fp/hard/libcr_c.a(alloc.o)
                0x00003cbe                free
 .text.fputs    0x00003cee       0x2c /usr/local/mcuxpressoide-24.9.25/ide/plugins/com.nxp.mcuxpresso.tools.linux_24.9.0.202407110857/tools/bin/../lib/gcc/arm-none-eabi/13.2.1/../../../../arm-none-eabi/lib/thumb/v7e-m+fp/hard/libcr_c.a(fputs.o)
                0x00003cee                fputs
 .text.setvbuf  0x00003d1a       0x3e /usr/local/mcuxpressoide-24.9.25/ide/plugins/com.nxp.mcuxpresso.tools.linux_24.9.0.202407110857/tools/bin/../lib/gcc/arm-none-eabi/13.2.1/../../../../arm-none-eabi/lib/thumb/v7e-m+fp/hard/libcr_c.a(setvbuf.o)
                0x00003d1a                setvbuf
 .text.strlen   0x00003d58       0x4e /usr/local/mcuxpressoide-24.9.25/ide/plugins/com.nxp.mcuxpresso.tools.linux_24.9.0.202407110857/tools/bin/../lib/gcc/arm-none-eabi/13.2.1/../../../../arm-none-eabi/lib/thumb/v7e-m+fp/hard/libcr_c.a(strlen.o)
                0x00003d58                strlen
 .text._fdopen  0x00003da6       0x68 /usr/local/mcuxpressoide-24.9.25/ide/plugins/com.nxp.mcuxpresso.tools.linux_24.9.0.202407110857/tools/bin/../lib/gcc/arm-none-eabi/13.2.1/../../../../arm-none-eabi/lib/thumb/v7e-m+fp/hard/libcr_c.a(_fdopen.o)
                0x00003da6                _fdopen
 .text.fclose   0x00003e0e       0x58 /usr/local/mcuxpressoide-24.9.25/ide/plugins/com.nxp.mcuxpresso.tools.linux_24.9.0.202407110857/tools/bin/../lib/gcc/arm-none-eabi/13.2.1/../../../../arm-none-eabi/lib/thumb/v7e-m+fp/hard/libcr_c.a(fclose.o)
                0x00003e0e                fclose
 .text.remove   0x00003e66       0x14 /usr/local/mcuxpressoide-24.9.25/ide/plugins/com.nxp.mcuxpresso.tools.linux_24.9.0.202407110857/tools/bin/../lib/gcc/arm-none-eabi/13.2.1/../../../../arm-none-eabi/lib/thumb/v7e-m+fp/hard/libcr_c.a(remove.o)
                0x00003e66                remove
 .text._do_fflush
                0x00003e7a       0x40 /usr/local/mcuxpressoide-24.9.25/ide/plugins/com.nxp.mcuxpresso.tools.linux_24.9.0.202407110857/tools/bin/../lib/gcc/arm-none-eabi/13.2.1/../../../../arm-none-eabi/lib/thumb/v7e-m+fp/hard/libcr_c.a(_do_fflush.o)
                0x00003e7a                _do_fflush
 .text.__aeabi_memcpy
                0x00003eba       0x34 /usr/local/mcuxpressoide-24.9.25/ide/plugins/com.nxp.mcuxpresso.tools.linux_24.9.0.202407110857/tools/bin/../lib/gcc/arm-none-eabi/13.2.1/thumb/v7e-m+fp/hard/libcr_eabihelpers.a(memcpy.o)
                0x00003eba                __aeabi_memcpy
                0x00003ec4                __aeabi_memcpy4
                0x00003ec4                __aeabi_memcpy8
 .text.__aeabi_memset_lowlevel
                0x00003eee       0x32 /usr/local/mcuxpressoide-24.9.25/ide/plugins/com.nxp.mcuxpresso.tools.linux_24.9.0.202407110857/tools/bin/../lib/gcc/arm-none-eabi/13.2.1/thumb/v7e-m+fp/hard/libcr_eabihelpers.a(memcpy.o)
                0x00003eee                __aeabi_lowlevel_memset
 .text.__sys_close
                0x00003f20        0x6 /usr/local/mcuxpressoide-24.9.25/ide/plugins/com.nxp.mcuxpresso.tools.linux_24.9.0.202407110857/tools/bin/../lib/gcc/arm-none-eabi/13.2.1/../../../../arm-none-eabi/lib/thumb/v7e-m+fp/hard/libcr_nohost_nf.a(__sys_close.o)
                0x00003f20                __sys_close
 .text.__sys_flen
                0x00003f26        0x6 /usr/local/mcuxpressoide-24.9.25/ide/plugins/com.nxp.mcuxpresso.tools.linux_24.9.0.202407110857/tools/bin/../lib/gcc/arm-none-eabi/13.2.1/../../../../arm-none-eabi/lib/thumb/v7e-m+fp/hard/libcr_nohost_nf.a(__sys_flen.o)
                0x00003f26                __sys_flen
 .text.__sys_istty
                0x00003f2c        0x6 /usr/local/mcuxpressoide-24.9.25/ide/plugins/com.nxp.mcuxpresso.tools.linux_24.9.0.202407110857/tools/bin/../lib/gcc/arm-none-eabi/13.2.1/../../../../arm-none-eabi/lib/thumb/v7e-m+fp/hard/libcr_nohost_nf.a(__sys_istty.o)
                0x00003f2c                __sys_istty
 .text.__sys_remove
                0x00003f32        0x6 /usr/local/mcuxpressoide-24.9.25/ide/plugins/com.nxp.mcuxpresso.tools.linux_24.9.0.202407110857/tools/bin/../lib/gcc/arm-none-eabi/13.2.1/../../../../arm-none-eabi/lib/thumb/v7e-m+fp/hard/libcr_nohost_nf.a(__sys_remove.o)
                0x00003f32                __sys_remove
 .text.__sys_seek
                0x00003f38        0x6 /usr/local/mcuxpressoide-24.9.25/ide/plugins/com.nxp.mcuxpresso.tools.linux_24.9.0.202407110857/tools/bin/../lib/gcc/arm-none-eabi/13.2.1/../../../../arm-none-eabi/lib/thumb/v7e-m+fp/hard/libcr_nohost_nf.a(__sys_seek.o)
                0x00003f38                __sys_seek
 .text.__sys_tmpnam
                0x00003f3e        0x6 /usr/local/mcuxpressoide-24.9.25/ide/plugins/com.nxp.mcuxpresso.tools.linux_24.9.0.202407110857/tools/bin/../lib/gcc/arm-none-eabi/13.2.1/../../../../arm-none-eabi/lib/thumb/v7e-m+fp/hard/libcr_nohost_nf.a(__sys_tmpnam.o)
                0x00003f3e                __sys_tmpnam
 .text.__sys_write
                0x00003f44        0x4 /usr/local/mcuxpressoide-24.9.25/ide/plugins/com.nxp.mcuxpresso.tools.linux_24.9.0.202407110857/tools/bin/../lib/gcc/arm-none-eabi/13.2.1/../../../../arm-none-eabi/lib/thumb/v7e-m+fp/hard/libcr_nohost_nf.a(__sys_write.o)
                0x00003f44                __sys_write
 *(SORT_BY_ALIGNMENT(.rodata) SORT_BY_ALIGNMENT(.rodata.*) SORT_BY_ALIGNMENT(.constdata) SORT_BY_ALIGNMENT(.constdata.*))
 .rodata.Task_A.str1.4
                0x00003f48      0x53f ./myDrivers/SAE/App.o
                                 0xba (size before relaxing)
 .rodata.Task_B.str1.4
                0x00004487       0x7e ./myDrivers/SAE/App.o
 .rodata.Task_C.str1.4
                0x00004487       0x2a ./myDrivers/SAE/App.o
 .rodata.PIT0_IRQHandler.str1.4
                0x00004487       0x20 ./myDrivers/SAE/SO.o
 .rodata.CLOCK_GetMcgExtClkFreq.str1.4
                0x00004487       0x49 ./drivers/fsl_clock.o
 .rodata.CLOCK_EnableUsbfs0Clock.str1.4
                0x00004487       0x2d ./drivers/fsl_clock.o
 .rodata.CLOCK_GetPll0Freq.str1.4
                0x00004487       0x1d ./drivers/fsl_clock.o
 .rodata.CLOCK_EnablePll0.str1.4
                0x00004487       0x1a ./drivers/fsl_clock.o
 .rodata.CLOCK_SetPbeMode.str1.4
                0x00004487       0x1a ./drivers/fsl_clock.o
 .rodata.CLOCK_BootToPeeMode.str1.4
                0x00004487       0x1a ./drivers/fsl_clock.o
 *fill*         0x00004487        0x1 ff
 .rodata.fllFactorTable.1
                0x00004488       0x10 ./drivers/fsl_clock.o
 .rodata.s_uartBases
                0x00004498       0x14 ./drivers/fsl_uart.o
 .rodata.s_uartClock
                0x000044ac       0x14 ./drivers/fsl_uart.o
 .rodata.UART_GetInstance.str1.4
                0x000044c0       0x2b ./drivers/fsl_uart.o
 .rodata.UART_Init.str1.4
                0x000044c0       0xfb ./drivers/fsl_uart.o
 .rodata.UART_GetDefaultConfig.str1.4
                0x000044c0       0x20 ./drivers/fsl_uart.o
 .rodata.s_UartAdapterBase
                0x000044c0       0x14 ./component/uart/fsl_adapter_uart.o
 .rodata.HAL_UartInit.str1.4
                0x000044d4       0xdd ./component/uart/fsl_adapter_uart.o
 .rodata.HAL_UartSendBlocking.str1.4
                0x000044d4       0x60 ./component/uart/fsl_adapter_uart.o
 .rodata.mcgConfig_BOARD_BootClockHSRUN
                0x000044d4        0xc ./board/clock_config.o
                0x000044d4                mcgConfig_BOARD_BootClockHSRUN
 .rodata.simConfig_BOARD_BootClockHSRUN
                0x000044e0        0x8 ./board/clock_config.o
                0x000044e0                simConfig_BOARD_BootClockHSRUN
 .rodata.oscConfig_BOARD_BootClockHSRUN
                0x000044e8        0x8 ./board/clock_config.o
                0x000044e8                oscConfig_BOARD_BootClockHSRUN
 .rodata.PORT_SetPinConfig.str1.4
                0x000044f0       0x3f ./board/pin_mux.o
 .rodata.__num_Ciob_streams
                0x000044f0        0x4 /usr/local/mcuxpressoide-24.9.25/ide/plugins/com.nxp.mcuxpresso.tools.linux_24.9.0.202407110857/tools/bin/../lib/gcc/arm-none-eabi/13.2.1/../../../../arm-none-eabi/lib/thumb/v7e-m+fp/hard/libcr_nohost_nf.a(__ciob.o)
                0x000044f0                __num_Ciob_streams
 .rodata.__assertion_failed.str1.1
                0x000044f4       0x31 /usr/local/mcuxpressoide-24.9.25/ide/plugins/com.nxp.mcuxpresso.tools.linux_24.9.0.202407110857/tools/bin/../lib/gcc/arm-none-eabi/13.2.1/../../../../arm-none-eabi/lib/thumb/v7e-m+fp/hard/libcr_nohost_nf.a(_cr_assert.o)
                                 0x15 (size before relaxing)
 .rodata._Csys_alloc.str1.1
                0x00004525       0x18 /usr/local/mcuxpressoide-24.9.25/ide/plugins/com.nxp.mcuxpresso.tools.linux_24.9.0.202407110857/tools/bin/../lib/gcc/arm-none-eabi/13.2.1/../../../../arm-none-eabi/lib/thumb/v7e-m+fp/hard/libcr_c.a(alloc.o)
 .rodata._initio.str1.1
                0x00004525        0x4 /usr/local/mcuxpressoide-24.9.25/ide/plugins/com.nxp.mcuxpresso.tools.linux_24.9.0.202407110857/tools/bin/../lib/gcc/arm-none-eabi/13.2.1/../../../../arm-none-eabi/lib/thumb/v7e-m+fp/hard/libcr_c.a(initio.o)
                0x000045c0                        . = ALIGN (0x8)
 *fill*         0x00004525        0x3 ff

.glue_7         0x00004528        0x0
 .glue_7        0x00004528        0x0 linker stubs

.glue_7t        0x00004528        0x0
 .glue_7t       0x00004528        0x0 linker stubs

.vfp11_veneer   0x00004528        0x0
 .vfp11_veneer  0x00004528        0x0 linker stubs

.v4_bx          0x00004528        0x0
 .v4_bx         0x00004528        0x0 linker stubs

.iplt           0x00004528        0x0
 .iplt          0x00004528        0x0 ./utilities/fsl_debug_console.o

.rel.dyn        0x00004528        0x0
 .rel.iplt      0x00004528        0x0 ./utilities/fsl_debug_console.o

.ARM.extab
 *(SORT_BY_ALIGNMENT(.ARM.extab*) SORT_BY_ALIGNMENT(.gnu.linkonce.armextab.*))

.ARM.exidx      0x00004528        0x0
                0x00004528                        __exidx_start = .
 *(SORT_BY_ALIGNMENT(.ARM.exidx*) SORT_BY_ALIGNMENT(.gnu.linkonce.armexidx.*))
                0x00004528                        __exidx_end = .
                0x00004528                        _etext = .

.m_usb_data
 *(SORT_BY_ALIGNMENT(m_usb_bdt))

.data_RAM2      0x1fff0000        0x0 load address 0x00004528
 FILL mask 0xff
                [!provide]                        PROVIDE (__start_data_RAM2 = .)
                [!provide]                        PROVIDE (__start_data_SRAM_LOWER = .)
 *(SORT_BY_ALIGNMENT(.ramfunc.$RAM2))
 *(SORT_BY_ALIGNMENT(.ramfunc.$SRAM_LOWER))
 *(SORT_BY_ALIGNMENT(.data.$RAM2))
 *(SORT_BY_ALIGNMENT(.data.$SRAM_LOWER))
 *(SORT_BY_ALIGNMENT(.data.$RAM2.*))
 *(SORT_BY_ALIGNMENT(.data.$SRAM_LOWER.*))
                0x1fff0000                        . = ALIGN (0x8)
                [!provide]                        PROVIDE (__end_data_RAM2 = .)
                [!provide]                        PROVIDE (__end_data_SRAM_LOWER = .)

.data_RAM3      0x14000000        0x0 load address 0x00004528
 FILL mask 0xff
                [!provide]                        PROVIDE (__start_data_RAM3 = .)
                [!provide]                        PROVIDE (__start_data_FLEX_RAM = .)
 *(SORT_BY_ALIGNMENT(.ramfunc.$RAM3))
 *(SORT_BY_ALIGNMENT(.ramfunc.$FLEX_RAM))
 *(SORT_BY_ALIGNMENT(.data.$RAM3))
 *(SORT_BY_ALIGNMENT(.data.$FLEX_RAM))
 *(SORT_BY_ALIGNMENT(.data.$RAM3.*))
 *(SORT_BY_ALIGNMENT(.data.$FLEX_RAM.*))
                0x14000000                        . = ALIGN (0x8)
                [!provide]                        PROVIDE (__end_data_RAM3 = .)
                [!provide]                        PROVIDE (__end_data_FLEX_RAM = .)

.uninit_RESERVED
                0x20000000        0x0
                0x20000000                        _start_uninit_RESERVED = .
 *(SORT_BY_ALIGNMENT(.bss.$RESERVED*))
                0x20000000                        . = ALIGN (0x8)
                0x20000000                        _end_uninit_RESERVED = .

.data           0x20000000       0x10 load address 0x00004528
 FILL mask 0xff
                0x20000000                        _data = .
                [!provide]                        PROVIDE (__start_data_RAM = .)
                [!provide]                        PROVIDE (__start_data_SRAM_UPPER = .)
 *(SORT_BY_ALIGNMENT(vtable))
 *(SORT_BY_ALIGNMENT(.ramfunc*))
 *(SORT_BY_ALIGNMENT(CodeQuickAccess))
 *(SORT_BY_ALIGNMENT(DataQuickAccess))
 *(SORT_BY_ALIGNMENT(RamFunction))
 *(SORT_BY_ALIGNMENT(.data*))
 .data.s_slowIrcFreq
                0x20000000        0x4 ./drivers/fsl_clock.o
 .data.s_fastIrcFreq
                0x20000004        0x4 ./drivers/fsl_clock.o
 .data.SystemCoreClock
                0x20000008        0x4 ./device/system_MK66F18.o
                0x20000008                SystemCoreClock
                0x20000010                        . = ALIGN (0x8)
 *fill*         0x2000000c        0x4 ff
                0x20000010                        _edata = .
                [!provide]                        PROVIDE (__end_data_RAM = .)
                [!provide]                        PROVIDE (__end_data_SRAM_UPPER = .)

.igot.plt       0x20000010        0x0 load address 0x00004538
 .igot.plt      0x20000010        0x0 ./utilities/fsl_debug_console.o

.bss_RAM2       0x1fff0000        0x0
                [!provide]                        PROVIDE (__start_bss_RAM2 = .)
                [!provide]                        PROVIDE (__start_bss_SRAM_LOWER = .)
 *(SORT_BY_ALIGNMENT(.bss.$RAM2))
 *(SORT_BY_ALIGNMENT(.bss.$SRAM_LOWER))
 *(SORT_BY_ALIGNMENT(.bss.$RAM2.*))
 *(SORT_BY_ALIGNMENT(.bss.$SRAM_LOWER.*))
                0x1fff0000                        . = ALIGN ((. != 0x0)?0x8:0x1)
                [!provide]                        PROVIDE (__end_bss_RAM2 = .)
                [!provide]                        PROVIDE (__end_bss_SRAM_LOWER = .)

.bss_RAM3       0x14000000        0x0
                [!provide]                        PROVIDE (__start_bss_RAM3 = .)
                [!provide]                        PROVIDE (__start_bss_FLEX_RAM = .)
 *(SORT_BY_ALIGNMENT(.bss.$RAM3))
 *(SORT_BY_ALIGNMENT(.bss.$FLEX_RAM))
 *(SORT_BY_ALIGNMENT(.bss.$RAM3.*))
 *(SORT_BY_ALIGNMENT(.bss.$FLEX_RAM.*))
                0x14000000                        . = ALIGN ((. != 0x0)?0x8:0x1)
                [!provide]                        PROVIDE (__end_bss_RAM3 = .)
                [!provide]                        PROVIDE (__end_bss_FLEX_RAM = .)

.bss            0x20000010      0x138
                0x20000010                        _bss = .
                [!provide]                        PROVIDE (__start_bss_RAM = .)
                [!provide]                        PROVIDE (__start_bss_SRAM_UPPER = .)
 *(SORT_BY_ALIGNMENT(.bss*))
 .bss.s_debugConsoleState
                0x20000010       0x20 ./utilities/fsl_debug_console.o
 .bss.g_serialHandle
                0x20000030        0x4 ./utilities/fsl_debug_console.o
                0x20000030                g_serialHandle
 .bss.testQueue
                0x20000034        0x4 ./myDrivers/SAE/App.o
                0x20000034                testQueue
 .bss.list_a    0x20000038        0x4 ./myDrivers/SAE/SO.o
                0x20000038                list_a
 .bss.list      0x2000003c        0xc ./myDrivers/SAE/SO.o
                0x2000003c                list
 .bss.s_extPllFreq
                0x20000048        0x4 ./drivers/fsl_clock.o
 .bss.g_xtal0Freq
                0x2000004c        0x4 ./drivers/fsl_clock.o
                0x2000004c                g_xtal0Freq
 .bss.g_xtal32Freq
                0x20000050        0x4 ./drivers/fsl_clock.o
                0x20000050                g_xtal32Freq
 .bss.s_i2cHandle
                0x20000054       0x10 ./drivers/fsl_i2c.o
 .bss.s_i2cMasterIsr
                0x20000064        0x4 ./drivers/fsl_i2c.o
 .bss.s_i2cSlaveIsr
                0x20000068        0x4 ./drivers/fsl_i2c.o
 .bss.s_uartHandle
                0x2000006c       0x14 ./drivers/fsl_uart.o
                0x2000006c                s_uartHandle
 .bss.s_uartIsr
                0x20000080        0x4 ./drivers/fsl_uart.o
                0x20000080                s_uartIsr
 .bss.__Ciob    0x20000084       0xb4 /usr/local/mcuxpressoide-24.9.25/ide/plugins/com.nxp.mcuxpresso.tools.linux_24.9.0.202407110857/tools/bin/../lib/gcc/arm-none-eabi/13.2.1/../../../../arm-none-eabi/lib/thumb/v7e-m+fp/hard/libcr_nohost_nf.a(__ciob.o)
                0x20000084                __Ciob
 .bss.errno     0x20000138        0x4 /usr/local/mcuxpressoide-24.9.25/ide/plugins/com.nxp.mcuxpresso.tools.linux_24.9.0.202407110857/tools/bin/../lib/gcc/arm-none-eabi/13.2.1/../../../../arm-none-eabi/lib/thumb/v7e-m+fp/hard/libcr_c.a(errno.o)
                0x20000138                errno
 .bss.__end_of_heap
                0x2000013c        0x4 /usr/local/mcuxpressoide-24.9.25/ide/plugins/com.nxp.mcuxpresso.tools.linux_24.9.0.202407110857/tools/bin/../lib/gcc/arm-none-eabi/13.2.1/../../../../arm-none-eabi/lib/thumb/v7e-m+fp/hard/libcr_c.a(__init_alloc.o)
                0x2000013c                __end_of_heap
 .bss.__heaps   0x20000140        0x4 /usr/local/mcuxpressoide-24.9.25/ide/plugins/com.nxp.mcuxpresso.tools.linux_24.9.0.202407110857/tools/bin/../lib/gcc/arm-none-eabi/13.2.1/../../../../arm-none-eabi/lib/thumb/v7e-m+fp/hard/libcr_c.a(__init_alloc.o)
                0x20000140                __heaps
 .bss.s_debugConsoleReadWaitSemaphore
                0x20000144        0x1 ./utilities/fsl_debug_console.o
 *(SORT_BY_ALIGNMENT(COMMON))
                0x20000148                        . = ALIGN (0x8)
 *fill*         0x20000145        0x3 
                0x20000148                        _ebss = .
                [!provide]                        PROVIDE (__end_bss_RAM = .)
                [!provide]                        PROVIDE (__end_bss_SRAM_UPPER = .)
                [!provide]                        PROVIDE (end = .)

.noinit_RAM2    0x1fff0000        0x0
                [!provide]                        PROVIDE (__start_noinit_RAM2 = .)
                [!provide]                        PROVIDE (__start_noinit_SRAM_LOWER = .)
 *(SORT_BY_ALIGNMENT(.noinit.$RAM2))
 *(SORT_BY_ALIGNMENT(.noinit.$SRAM_LOWER))
 *(SORT_BY_ALIGNMENT(.noinit.$RAM2.*))
 *(SORT_BY_ALIGNMENT(.noinit.$SRAM_LOWER.*))
                0x1fff0000                        . = ALIGN (0x8)
                [!provide]                        PROVIDE (__end_noinit_RAM2 = .)
                [!provide]                        PROVIDE (__end_noinit_SRAM_LOWER = .)

.noinit_RAM3    0x14000000        0x0
                [!provide]                        PROVIDE (__start_noinit_RAM3 = .)
                [!provide]                        PROVIDE (__start_noinit_FLEX_RAM = .)
 *(SORT_BY_ALIGNMENT(.noinit.$RAM3))
 *(SORT_BY_ALIGNMENT(.noinit.$FLEX_RAM))
 *(SORT_BY_ALIGNMENT(.noinit.$RAM3.*))
 *(SORT_BY_ALIGNMENT(.noinit.$FLEX_RAM.*))
                0x14000000                        . = ALIGN (0x8)
                [!provide]                        PROVIDE (__end_noinit_RAM3 = .)
                [!provide]                        PROVIDE (__end_noinit_FLEX_RAM = .)

.noinit         0x20000148        0x0
                0x20000148                        _noinit = .
                [!provide]                        PROVIDE (__start_noinit_RAM = .)
                [!provide]                        PROVIDE (__start_noinit_SRAM_UPPER = .)
 *(SORT_BY_ALIGNMENT(.noinit*))
                0x20000148                        . = ALIGN (0x8)
                0x20000148                        _end_noinit = .
                [!provide]                        PROVIDE (__end_noinit_RAM = .)
                [!provide]                        PROVIDE (__end_noinit_SRAM_UPPER = .)
                0x00001000                        _HeapSize = 0x1000

.heap           0x20000148     0x1000
                0x20000148                        _pvHeapStart = .
                0x20001148                        . = (. + _HeapSize)
 *fill*         0x20000148     0x1000 
                0x20001148                        . = ALIGN (0x8)
                0x20001148                        _pvHeapLimit = .
                0x00001000                        _StackSize = 0x1000

.heap2stackfill
                0x20001148     0x1000
                0x20002148                        . = (. + _StackSize)
 *fill*         0x20001148     0x1000 

.stack          0x2002f000        0x0
                0x2002f000                        _vStackBase = .
                0x2002f000                        . = ALIGN (0x8)
                0x20030000                        _vStackTop = (. + _StackSize)
                0x00000000                        _image_start = LOADADDR (.text)
                0x00004538                        _image_end = (LOADADDR (.data) + SIZEOF (.data))
                0x00004538                        _image_size = (_image_end - _image_start)
OUTPUT(OSEK_Queues.axf elf32-littlearm)
LOAD linker stubs

.debug_info     0x00000000    0x14e7e
 .debug_info    0x00000000      0xdc9 ./utilities/fsl_debug_console.o
 .debug_info    0x00000dc9      0xb80 ./utilities/fsl_str.o
 .debug_info    0x00001949      0xe97 ./startup/startup_mk66f18.o
 .debug_info    0x000027e0      0x76b ./source/main.o
 .debug_info    0x00002f4b       0x3c ./source/semihost_hardfault.o
 .debug_info    0x00002f87      0xd58 ./myDrivers/SAE/App.o
 .debug_info    0x00003cdf      0xfce ./myDrivers/SAE/SO.o
 .debug_info    0x00004cad      0x70f ./myDrivers/Peripherics/Low_Power.o
 .debug_info    0x000053bc      0x661 ./myDrivers/Peripherics/PIT.o
 .debug_info    0x00005a1d      0x15e ./myDrivers/Peripherics/RGB.o
 .debug_info    0x00005b7b     0x296f ./drivers/fsl_clock.o
 .debug_info    0x000084ea     0x1f92 ./drivers/fsl_i2c.o
 .debug_info    0x0000a47c      0xb86 ./drivers/fsl_smc.o
 .debug_info    0x0000b002     0x20dd ./drivers/fsl_uart.o
 .debug_info    0x0000d0df      0xa4e ./device/system_MK66F18.o
 .debug_info    0x0000db2d      0xbe9 ./component/uart/fsl_adapter_uart.o
 .debug_info    0x0000e716      0x9c2 ./component/serial_manager/fsl_component_serial_manager.o
 .debug_info    0x0000f0d8      0x530 ./component/serial_manager/fsl_component_serial_port_uart.o
 .debug_info    0x0000f608      0x14b ./board/board.o
 .debug_info    0x0000f753     0x17fe ./board/clock_config.o
 .debug_info    0x00010f51       0x4e ./board/peripherals.o
 .debug_info    0x00010f9f      0xdc8 ./board/pin_mux.o
 .debug_info    0x00011d67       0x85 /usr/local/mcuxpressoide-24.9.25/ide/plugins/com.nxp.mcuxpresso.tools.linux_24.9.0.202407110857/tools/bin/../lib/gcc/arm-none-eabi/13.2.1/../../../../arm-none-eabi/lib/thumb/v7e-m+fp/hard/libcr_nohost_nf.a(_cr__main.o)
 .debug_info    0x00011dec      0x235 /usr/local/mcuxpressoide-24.9.25/ide/plugins/com.nxp.mcuxpresso.tools.linux_24.9.0.202407110857/tools/bin/../lib/gcc/arm-none-eabi/13.2.1/../../../../arm-none-eabi/lib/thumb/v7e-m+fp/hard/libcr_nohost_nf.a(_cr_assert.o)
 .debug_info    0x00012021      0x18b /usr/local/mcuxpressoide-24.9.25/ide/plugins/com.nxp.mcuxpresso.tools.linux_24.9.0.202407110857/tools/bin/../lib/gcc/arm-none-eabi/13.2.1/../../../../arm-none-eabi/lib/thumb/v7e-m+fp/hard/libcr_nohost_nf.a(__ciob.o)
 .debug_info    0x000121ac       0x38 /usr/local/mcuxpressoide-24.9.25/ide/plugins/com.nxp.mcuxpresso.tools.linux_24.9.0.202407110857/tools/bin/../lib/gcc/arm-none-eabi/13.2.1/../../../../arm-none-eabi/lib/thumb/v7e-m+fp/hard/libcr_nohost_nf.a(__sys_appexit.o)
 .debug_info    0x000121e4      0x12b /usr/local/mcuxpressoide-24.9.25/ide/plugins/com.nxp.mcuxpresso.tools.linux_24.9.0.202407110857/tools/bin/../lib/gcc/arm-none-eabi/13.2.1/../../../../arm-none-eabi/lib/thumb/v7e-m+fp/hard/libcr_c.a(memcpy.o)
 .debug_info    0x0001230f       0xfc /usr/local/mcuxpressoide-24.9.25/ide/plugins/com.nxp.mcuxpresso.tools.linux_24.9.0.202407110857/tools/bin/../lib/gcc/arm-none-eabi/13.2.1/../../../../arm-none-eabi/lib/thumb/v7e-m+fp/hard/libcr_c.a(memset.o)
 .debug_info    0x0001240b      0x369 /usr/local/mcuxpressoide-24.9.25/ide/plugins/com.nxp.mcuxpresso.tools.linux_24.9.0.202407110857/tools/bin/../lib/gcc/arm-none-eabi/13.2.1/../../../../arm-none-eabi/lib/thumb/v7e-m+fp/hard/libcr_c.a(_deferredlazyseek.o)
 .debug_info    0x00012774      0x1e3 /usr/local/mcuxpressoide-24.9.25/ide/plugins/com.nxp.mcuxpresso.tools.linux_24.9.0.202407110857/tools/bin/../lib/gcc/arm-none-eabi/13.2.1/../../../../arm-none-eabi/lib/thumb/v7e-m+fp/hard/libcr_c.a(_fflush.o)
 .debug_info    0x00012957      0x289 /usr/local/mcuxpressoide-24.9.25/ide/plugins/com.nxp.mcuxpresso.tools.linux_24.9.0.202407110857/tools/bin/../lib/gcc/arm-none-eabi/13.2.1/../../../../arm-none-eabi/lib/thumb/v7e-m+fp/hard/libcr_c.a(_writebuf.o)
 .debug_info    0x00012be0      0x520 /usr/local/mcuxpressoide-24.9.25/ide/plugins/com.nxp.mcuxpresso.tools.linux_24.9.0.202407110857/tools/bin/../lib/gcc/arm-none-eabi/13.2.1/../../../../arm-none-eabi/lib/thumb/v7e-m+fp/hard/libcr_c.a(alloc.o)
 .debug_info    0x00013100       0x44 /usr/local/mcuxpressoide-24.9.25/ide/plugins/com.nxp.mcuxpresso.tools.linux_24.9.0.202407110857/tools/bin/../lib/gcc/arm-none-eabi/13.2.1/../../../../arm-none-eabi/lib/thumb/v7e-m+fp/hard/libcr_c.a(errno.o)
 .debug_info    0x00013144      0x1e0 /usr/local/mcuxpressoide-24.9.25/ide/plugins/com.nxp.mcuxpresso.tools.linux_24.9.0.202407110857/tools/bin/../lib/gcc/arm-none-eabi/13.2.1/../../../../arm-none-eabi/lib/thumb/v7e-m+fp/hard/libcr_c.a(fputs.o)
 .debug_info    0x00013324      0x276 /usr/local/mcuxpressoide-24.9.25/ide/plugins/com.nxp.mcuxpresso.tools.linux_24.9.0.202407110857/tools/bin/../lib/gcc/arm-none-eabi/13.2.1/../../../../arm-none-eabi/lib/thumb/v7e-m+fp/hard/libcr_c.a(fseek.o)
 .debug_info    0x0001359a      0x197 /usr/local/mcuxpressoide-24.9.25/ide/plugins/com.nxp.mcuxpresso.tools.linux_24.9.0.202407110857/tools/bin/../lib/gcc/arm-none-eabi/13.2.1/../../../../arm-none-eabi/lib/thumb/v7e-m+fp/hard/libcr_c.a(ftell.o)
 .debug_info    0x00013731      0x339 /usr/local/mcuxpressoide-24.9.25/ide/plugins/com.nxp.mcuxpresso.tools.linux_24.9.0.202407110857/tools/bin/../lib/gcc/arm-none-eabi/13.2.1/../../../../arm-none-eabi/lib/thumb/v7e-m+fp/hard/libcr_c.a(initio.o)
 .debug_info    0x00013a6a      0x1fd /usr/local/mcuxpressoide-24.9.25/ide/plugins/com.nxp.mcuxpresso.tools.linux_24.9.0.202407110857/tools/bin/../lib/gcc/arm-none-eabi/13.2.1/../../../../arm-none-eabi/lib/thumb/v7e-m+fp/hard/libcr_c.a(setvbuf.o)
 .debug_info    0x00013c67       0xe1 /usr/local/mcuxpressoide-24.9.25/ide/plugins/com.nxp.mcuxpresso.tools.linux_24.9.0.202407110857/tools/bin/../lib/gcc/arm-none-eabi/13.2.1/../../../../arm-none-eabi/lib/thumb/v7e-m+fp/hard/libcr_c.a(strlen.o)
 .debug_info    0x00013d48       0xd4 /usr/local/mcuxpressoide-24.9.25/ide/plugins/com.nxp.mcuxpresso.tools.linux_24.9.0.202407110857/tools/bin/../lib/gcc/arm-none-eabi/13.2.1/../../../../arm-none-eabi/lib/thumb/v7e-m+fp/hard/libcr_c.a(__init_alloc.o)
 .debug_info    0x00013e1c      0x107 /usr/local/mcuxpressoide-24.9.25/ide/plugins/com.nxp.mcuxpresso.tools.linux_24.9.0.202407110857/tools/bin/../lib/gcc/arm-none-eabi/13.2.1/../../../../arm-none-eabi/lib/thumb/v7e-m+fp/hard/libcr_c.a(_cr_sbrk.o)
 .debug_info    0x00013f23      0x24b /usr/local/mcuxpressoide-24.9.25/ide/plugins/com.nxp.mcuxpresso.tools.linux_24.9.0.202407110857/tools/bin/../lib/gcc/arm-none-eabi/13.2.1/../../../../arm-none-eabi/lib/thumb/v7e-m+fp/hard/libcr_c.a(_fdopen.o)
 .debug_info    0x0001416e      0x318 /usr/local/mcuxpressoide-24.9.25/ide/plugins/com.nxp.mcuxpresso.tools.linux_24.9.0.202407110857/tools/bin/../lib/gcc/arm-none-eabi/13.2.1/../../../../arm-none-eabi/lib/thumb/v7e-m+fp/hard/libcr_c.a(fclose.o)
 .debug_info    0x00014486      0x209 /usr/local/mcuxpressoide-24.9.25/ide/plugins/com.nxp.mcuxpresso.tools.linux_24.9.0.202407110857/tools/bin/../lib/gcc/arm-none-eabi/13.2.1/../../../../arm-none-eabi/lib/thumb/v7e-m+fp/hard/libcr_c.a(fflush.o)
 .debug_info    0x0001468f      0x1d7 /usr/local/mcuxpressoide-24.9.25/ide/plugins/com.nxp.mcuxpresso.tools.linux_24.9.0.202407110857/tools/bin/../lib/gcc/arm-none-eabi/13.2.1/../../../../arm-none-eabi/lib/thumb/v7e-m+fp/hard/libcr_c.a(remove.o)
 .debug_info    0x00014866       0x78 /usr/local/mcuxpressoide-24.9.25/ide/plugins/com.nxp.mcuxpresso.tools.linux_24.9.0.202407110857/tools/bin/../lib/gcc/arm-none-eabi/13.2.1/../../../../arm-none-eabi/lib/thumb/v7e-m+fp/hard/libcr_c.a(_cr_check_heap.o)
 .debug_info    0x000148de      0x23a /usr/local/mcuxpressoide-24.9.25/ide/plugins/com.nxp.mcuxpresso.tools.linux_24.9.0.202407110857/tools/bin/../lib/gcc/arm-none-eabi/13.2.1/../../../../arm-none-eabi/lib/thumb/v7e-m+fp/hard/libcr_c.a(_do_fflush.o)
 .debug_info    0x00014b18       0x6a /usr/local/mcuxpressoide-24.9.25/ide/plugins/com.nxp.mcuxpresso.tools.linux_24.9.0.202407110857/tools/bin/../lib/gcc/arm-none-eabi/13.2.1/../../../../arm-none-eabi/lib/thumb/v7e-m+fp/hard/libcr_nohost_nf.a(__sys_close.o)
 .debug_info    0x00014b82       0x6a /usr/local/mcuxpressoide-24.9.25/ide/plugins/com.nxp.mcuxpresso.tools.linux_24.9.0.202407110857/tools/bin/../lib/gcc/arm-none-eabi/13.2.1/../../../../arm-none-eabi/lib/thumb/v7e-m+fp/hard/libcr_nohost_nf.a(__sys_flen.o)
 .debug_info    0x00014bec       0x6a /usr/local/mcuxpressoide-24.9.25/ide/plugins/com.nxp.mcuxpresso.tools.linux_24.9.0.202407110857/tools/bin/../lib/gcc/arm-none-eabi/13.2.1/../../../../arm-none-eabi/lib/thumb/v7e-m+fp/hard/libcr_nohost_nf.a(__sys_istty.o)
 .debug_info    0x00014c56       0x8a /usr/local/mcuxpressoide-24.9.25/ide/plugins/com.nxp.mcuxpresso.tools.linux_24.9.0.202407110857/tools/bin/../lib/gcc/arm-none-eabi/13.2.1/../../../../arm-none-eabi/lib/thumb/v7e-m+fp/hard/libcr_nohost_nf.a(__sys_remove.o)
 .debug_info    0x00014ce0       0x78 /usr/local/mcuxpressoide-24.9.25/ide/plugins/com.nxp.mcuxpresso.tools.linux_24.9.0.202407110857/tools/bin/../lib/gcc/arm-none-eabi/13.2.1/../../../../arm-none-eabi/lib/thumb/v7e-m+fp/hard/libcr_nohost_nf.a(__sys_seek.o)
 .debug_info    0x00014d58       0x93 /usr/local/mcuxpressoide-24.9.25/ide/plugins/com.nxp.mcuxpresso.tools.linux_24.9.0.202407110857/tools/bin/../lib/gcc/arm-none-eabi/13.2.1/../../../../arm-none-eabi/lib/thumb/v7e-m+fp/hard/libcr_nohost_nf.a(__sys_tmpnam.o)
 .debug_info    0x00014deb       0x93 /usr/local/mcuxpressoide-24.9.25/ide/plugins/com.nxp.mcuxpresso.tools.linux_24.9.0.202407110857/tools/bin/../lib/gcc/arm-none-eabi/13.2.1/../../../../arm-none-eabi/lib/thumb/v7e-m+fp/hard/libcr_nohost_nf.a(__sys_write.o)

.debug_abbrev   0x00000000     0x472a
 .debug_abbrev  0x00000000      0x270 ./utilities/fsl_debug_console.o
 .debug_abbrev  0x00000270      0x270 ./utilities/fsl_str.o
 .debug_abbrev  0x000004e0      0x17a ./startup/startup_mk66f18.o
 .debug_abbrev  0x0000065a       0xe9 ./source/main.o
 .debug_abbrev  0x00000743       0x31 ./source/semihost_hardfault.o
 .debug_abbrev  0x00000774      0x2db ./myDrivers/SAE/App.o
 .debug_abbrev  0x00000a4f      0x329 ./myDrivers/SAE/SO.o
 .debug_abbrev  0x00000d78      0x19a ./myDrivers/Peripherics/Low_Power.o
 .debug_abbrev  0x00000f12       0x9e ./myDrivers/Peripherics/PIT.o
 .debug_abbrev  0x00000fb0       0xaa ./myDrivers/Peripherics/RGB.o
 .debug_abbrev  0x0000105a      0x381 ./drivers/fsl_clock.o
 .debug_abbrev  0x000013db      0x392 ./drivers/fsl_i2c.o
 .debug_abbrev  0x0000176d      0x312 ./drivers/fsl_smc.o
 .debug_abbrev  0x00001a7f      0x45d ./drivers/fsl_uart.o
 .debug_abbrev  0x00001edc      0x148 ./device/system_MK66F18.o
 .debug_abbrev  0x00002024      0x214 ./component/uart/fsl_adapter_uart.o
 .debug_abbrev  0x00002238      0x25b ./component/serial_manager/fsl_component_serial_manager.o
 .debug_abbrev  0x00002493      0x18c ./component/serial_manager/fsl_component_serial_port_uart.o
 .debug_abbrev  0x0000261f       0xc7 ./board/board.o
 .debug_abbrev  0x000026e6      0x2f3 ./board/clock_config.o
 .debug_abbrev  0x000029d9       0x4b ./board/peripherals.o
 .debug_abbrev  0x00002a24      0x28a ./board/pin_mux.o
 .debug_abbrev  0x00002cae       0x70 /usr/local/mcuxpressoide-24.9.25/ide/plugins/com.nxp.mcuxpresso.tools.linux_24.9.0.202407110857/tools/bin/../lib/gcc/arm-none-eabi/13.2.1/../../../../arm-none-eabi/lib/thumb/v7e-m+fp/hard/libcr_nohost_nf.a(_cr__main.o)
 .debug_abbrev  0x00002d1e      0x12f /usr/local/mcuxpressoide-24.9.25/ide/plugins/com.nxp.mcuxpresso.tools.linux_24.9.0.202407110857/tools/bin/../lib/gcc/arm-none-eabi/13.2.1/../../../../arm-none-eabi/lib/thumb/v7e-m+fp/hard/libcr_nohost_nf.a(_cr_assert.o)
 .debug_abbrev  0x00002e4d       0xb5 /usr/local/mcuxpressoide-24.9.25/ide/plugins/com.nxp.mcuxpresso.tools.linux_24.9.0.202407110857/tools/bin/../lib/gcc/arm-none-eabi/13.2.1/../../../../arm-none-eabi/lib/thumb/v7e-m+fp/hard/libcr_nohost_nf.a(__ciob.o)
 .debug_abbrev  0x00002f02       0x2e /usr/local/mcuxpressoide-24.9.25/ide/plugins/com.nxp.mcuxpresso.tools.linux_24.9.0.202407110857/tools/bin/../lib/gcc/arm-none-eabi/13.2.1/../../../../arm-none-eabi/lib/thumb/v7e-m+fp/hard/libcr_nohost_nf.a(__sys_appexit.o)
 .debug_abbrev  0x00002f30       0xb6 /usr/local/mcuxpressoide-24.9.25/ide/plugins/com.nxp.mcuxpresso.tools.linux_24.9.0.202407110857/tools/bin/../lib/gcc/arm-none-eabi/13.2.1/../../../../arm-none-eabi/lib/thumb/v7e-m+fp/hard/libcr_c.a(memcpy.o)
 .debug_abbrev  0x00002fe6       0xa8 /usr/local/mcuxpressoide-24.9.25/ide/plugins/com.nxp.mcuxpresso.tools.linux_24.9.0.202407110857/tools/bin/../lib/gcc/arm-none-eabi/13.2.1/../../../../arm-none-eabi/lib/thumb/v7e-m+fp/hard/libcr_c.a(memset.o)
 .debug_abbrev  0x0000308e      0x152 /usr/local/mcuxpressoide-24.9.25/ide/plugins/com.nxp.mcuxpresso.tools.linux_24.9.0.202407110857/tools/bin/../lib/gcc/arm-none-eabi/13.2.1/../../../../arm-none-eabi/lib/thumb/v7e-m+fp/hard/libcr_c.a(_deferredlazyseek.o)
 .debug_abbrev  0x000031e0       0xf1 /usr/local/mcuxpressoide-24.9.25/ide/plugins/com.nxp.mcuxpresso.tools.linux_24.9.0.202407110857/tools/bin/../lib/gcc/arm-none-eabi/13.2.1/../../../../arm-none-eabi/lib/thumb/v7e-m+fp/hard/libcr_c.a(_fflush.o)
 .debug_abbrev  0x000032d1      0x126 /usr/local/mcuxpressoide-24.9.25/ide/plugins/com.nxp.mcuxpresso.tools.linux_24.9.0.202407110857/tools/bin/../lib/gcc/arm-none-eabi/13.2.1/../../../../arm-none-eabi/lib/thumb/v7e-m+fp/hard/libcr_c.a(_writebuf.o)
 .debug_abbrev  0x000033f7      0x284 /usr/local/mcuxpressoide-24.9.25/ide/plugins/com.nxp.mcuxpresso.tools.linux_24.9.0.202407110857/tools/bin/../lib/gcc/arm-none-eabi/13.2.1/../../../../arm-none-eabi/lib/thumb/v7e-m+fp/hard/libcr_c.a(alloc.o)
 .debug_abbrev  0x0000367b       0x44 /usr/local/mcuxpressoide-24.9.25/ide/plugins/com.nxp.mcuxpresso.tools.linux_24.9.0.202407110857/tools/bin/../lib/gcc/arm-none-eabi/13.2.1/../../../../arm-none-eabi/lib/thumb/v7e-m+fp/hard/libcr_c.a(errno.o)
 .debug_abbrev  0x000036bf      0x10c /usr/local/mcuxpressoide-24.9.25/ide/plugins/com.nxp.mcuxpresso.tools.linux_24.9.0.202407110857/tools/bin/../lib/gcc/arm-none-eabi/13.2.1/../../../../arm-none-eabi/lib/thumb/v7e-m+fp/hard/libcr_c.a(fputs.o)
 .debug_abbrev  0x000037cb      0x11b /usr/local/mcuxpressoide-24.9.25/ide/plugins/com.nxp.mcuxpresso.tools.linux_24.9.0.202407110857/tools/bin/../lib/gcc/arm-none-eabi/13.2.1/../../../../arm-none-eabi/lib/thumb/v7e-m+fp/hard/libcr_c.a(fseek.o)
 .debug_abbrev  0x000038e6       0xc2 /usr/local/mcuxpressoide-24.9.25/ide/plugins/com.nxp.mcuxpresso.tools.linux_24.9.0.202407110857/tools/bin/../lib/gcc/arm-none-eabi/13.2.1/../../../../arm-none-eabi/lib/thumb/v7e-m+fp/hard/libcr_c.a(ftell.o)
 .debug_abbrev  0x000039a8      0x169 /usr/local/mcuxpressoide-24.9.25/ide/plugins/com.nxp.mcuxpresso.tools.linux_24.9.0.202407110857/tools/bin/../lib/gcc/arm-none-eabi/13.2.1/../../../../arm-none-eabi/lib/thumb/v7e-m+fp/hard/libcr_c.a(initio.o)
 .debug_abbrev  0x00003b11       0xe1 /usr/local/mcuxpressoide-24.9.25/ide/plugins/com.nxp.mcuxpresso.tools.linux_24.9.0.202407110857/tools/bin/../lib/gcc/arm-none-eabi/13.2.1/../../../../arm-none-eabi/lib/thumb/v7e-m+fp/hard/libcr_c.a(setvbuf.o)
 .debug_abbrev  0x00003bf2       0xa7 /usr/local/mcuxpressoide-24.9.25/ide/plugins/com.nxp.mcuxpresso.tools.linux_24.9.0.202407110857/tools/bin/../lib/gcc/arm-none-eabi/13.2.1/../../../../arm-none-eabi/lib/thumb/v7e-m+fp/hard/libcr_c.a(strlen.o)
 .debug_abbrev  0x00003c99       0xaf /usr/local/mcuxpressoide-24.9.25/ide/plugins/com.nxp.mcuxpresso.tools.linux_24.9.0.202407110857/tools/bin/../lib/gcc/arm-none-eabi/13.2.1/../../../../arm-none-eabi/lib/thumb/v7e-m+fp/hard/libcr_c.a(__init_alloc.o)
 .debug_abbrev  0x00003d48       0xd3 /usr/local/mcuxpressoide-24.9.25/ide/plugins/com.nxp.mcuxpresso.tools.linux_24.9.0.202407110857/tools/bin/../lib/gcc/arm-none-eabi/13.2.1/../../../../arm-none-eabi/lib/thumb/v7e-m+fp/hard/libcr_c.a(_cr_sbrk.o)
 .debug_abbrev  0x00003e1b      0x119 /usr/local/mcuxpressoide-24.9.25/ide/plugins/com.nxp.mcuxpresso.tools.linux_24.9.0.202407110857/tools/bin/../lib/gcc/arm-none-eabi/13.2.1/../../../../arm-none-eabi/lib/thumb/v7e-m+fp/hard/libcr_c.a(_fdopen.o)
 .debug_abbrev  0x00003f34      0x155 /usr/local/mcuxpressoide-24.9.25/ide/plugins/com.nxp.mcuxpresso.tools.linux_24.9.0.202407110857/tools/bin/../lib/gcc/arm-none-eabi/13.2.1/../../../../arm-none-eabi/lib/thumb/v7e-m+fp/hard/libcr_c.a(fclose.o)
 .debug_abbrev  0x00004089      0x125 /usr/local/mcuxpressoide-24.9.25/ide/plugins/com.nxp.mcuxpresso.tools.linux_24.9.0.202407110857/tools/bin/../lib/gcc/arm-none-eabi/13.2.1/../../../../arm-none-eabi/lib/thumb/v7e-m+fp/hard/libcr_c.a(fflush.o)
 .debug_abbrev  0x000041ae       0xfb /usr/local/mcuxpressoide-24.9.25/ide/plugins/com.nxp.mcuxpresso.tools.linux_24.9.0.202407110857/tools/bin/../lib/gcc/arm-none-eabi/13.2.1/../../../../arm-none-eabi/lib/thumb/v7e-m+fp/hard/libcr_c.a(remove.o)
 .debug_abbrev  0x000042a9       0x6b /usr/local/mcuxpressoide-24.9.25/ide/plugins/com.nxp.mcuxpresso.tools.linux_24.9.0.202407110857/tools/bin/../lib/gcc/arm-none-eabi/13.2.1/../../../../arm-none-eabi/lib/thumb/v7e-m+fp/hard/libcr_c.a(_cr_check_heap.o)
 .debug_abbrev  0x00004314      0x12c /usr/local/mcuxpressoide-24.9.25/ide/plugins/com.nxp.mcuxpresso.tools.linux_24.9.0.202407110857/tools/bin/../lib/gcc/arm-none-eabi/13.2.1/../../../../arm-none-eabi/lib/thumb/v7e-m+fp/hard/libcr_c.a(_do_fflush.o)
 .debug_abbrev  0x00004440       0x5c /usr/local/mcuxpressoide-24.9.25/ide/plugins/com.nxp.mcuxpresso.tools.linux_24.9.0.202407110857/tools/bin/../lib/gcc/arm-none-eabi/13.2.1/../../../../arm-none-eabi/lib/thumb/v7e-m+fp/hard/libcr_nohost_nf.a(__sys_close.o)
 .debug_abbrev  0x0000449c       0x5c /usr/local/mcuxpressoide-24.9.25/ide/plugins/com.nxp.mcuxpresso.tools.linux_24.9.0.202407110857/tools/bin/../lib/gcc/arm-none-eabi/13.2.1/../../../../arm-none-eabi/lib/thumb/v7e-m+fp/hard/libcr_nohost_nf.a(__sys_flen.o)
 .debug_abbrev  0x000044f8       0x5c /usr/local/mcuxpressoide-24.9.25/ide/plugins/com.nxp.mcuxpresso.tools.linux_24.9.0.202407110857/tools/bin/../lib/gcc/arm-none-eabi/13.2.1/../../../../arm-none-eabi/lib/thumb/v7e-m+fp/hard/libcr_nohost_nf.a(__sys_istty.o)
 .debug_abbrev  0x00004554       0x7d /usr/local/mcuxpressoide-24.9.25/ide/plugins/com.nxp.mcuxpresso.tools.linux_24.9.0.202407110857/tools/bin/../lib/gcc/arm-none-eabi/13.2.1/../../../../arm-none-eabi/lib/thumb/v7e-m+fp/hard/libcr_nohost_nf.a(__sys_remove.o)
 .debug_abbrev  0x000045d1       0x6d /usr/local/mcuxpressoide-24.9.25/ide/plugins/com.nxp.mcuxpresso.tools.linux_24.9.0.202407110857/tools/bin/../lib/gcc/arm-none-eabi/13.2.1/../../../../arm-none-eabi/lib/thumb/v7e-m+fp/hard/libcr_nohost_nf.a(__sys_seek.o)
 .debug_abbrev  0x0000463e       0x76 /usr/local/mcuxpressoide-24.9.25/ide/plugins/com.nxp.mcuxpresso.tools.linux_24.9.0.202407110857/tools/bin/../lib/gcc/arm-none-eabi/13.2.1/../../../../arm-none-eabi/lib/thumb/v7e-m+fp/hard/libcr_nohost_nf.a(__sys_tmpnam.o)
 .debug_abbrev  0x000046b4       0x76 /usr/local/mcuxpressoide-24.9.25/ide/plugins/com.nxp.mcuxpresso.tools.linux_24.9.0.202407110857/tools/bin/../lib/gcc/arm-none-eabi/13.2.1/../../../../arm-none-eabi/lib/thumb/v7e-m+fp/hard/libcr_nohost_nf.a(__sys_write.o)

.debug_aranges  0x00000000     0x1458
 .debug_aranges
                0x00000000       0xa8 ./utilities/fsl_debug_console.o
 .debug_aranges
                0x000000a8       0xb8 ./utilities/fsl_str.o
 .debug_aranges
                0x00000160      0x3a0 ./startup/startup_mk66f18.o
 .debug_aranges
                0x00000500       0x20 ./source/main.o
 .debug_aranges
                0x00000520       0x20 ./source/semihost_hardfault.o
 .debug_aranges
                0x00000540       0x68 ./myDrivers/SAE/App.o
 .debug_aranges
                0x000005a8       0xa8 ./myDrivers/SAE/SO.o
 .debug_aranges
                0x00000650       0x38 ./myDrivers/Peripherics/Low_Power.o
 .debug_aranges
                0x00000688       0x20 ./myDrivers/Peripherics/PIT.o
 .debug_aranges
                0x000006a8       0x50 ./myDrivers/Peripherics/RGB.o
 .debug_aranges
                0x000006f8      0x258 ./drivers/fsl_clock.o
 .debug_aranges
                0x00000950      0x188 ./drivers/fsl_i2c.o
 .debug_aranges
                0x00000ad8       0x98 ./drivers/fsl_smc.o
 .debug_aranges
                0x00000b70      0x1a8 ./drivers/fsl_uart.o
 .debug_aranges
                0x00000d18       0x30 ./device/system_MK66F18.o
 .debug_aranges
                0x00000d48       0x50 ./component/uart/fsl_adapter_uart.o
 .debug_aranges
                0x00000d98       0x98 ./component/serial_manager/fsl_component_serial_manager.o
 .debug_aranges
                0x00000e30       0x48 ./component/serial_manager/fsl_component_serial_port_uart.o
 .debug_aranges
                0x00000e78       0x20 ./board/board.o
 .debug_aranges
                0x00000e98       0xd8 ./board/clock_config.o
 .debug_aranges
                0x00000f70       0x28 ./board/peripherals.o
 .debug_aranges
                0x00000f98       0x98 ./board/pin_mux.o
 .debug_aranges
                0x00001030       0x20 /usr/local/mcuxpressoide-24.9.25/ide/plugins/com.nxp.mcuxpresso.tools.linux_24.9.0.202407110857/tools/bin/../lib/gcc/arm-none-eabi/13.2.1/../../../../arm-none-eabi/lib/thumb/v7e-m+fp/hard/libcr_nohost_nf.a(_cr__main.o)
 .debug_aranges
                0x00001050       0x20 /usr/local/mcuxpressoide-24.9.25/ide/plugins/com.nxp.mcuxpresso.tools.linux_24.9.0.202407110857/tools/bin/../lib/gcc/arm-none-eabi/13.2.1/../../../../arm-none-eabi/lib/thumb/v7e-m+fp/hard/libcr_nohost_nf.a(_cr_assert.o)
 .debug_aranges
                0x00001070       0x18 /usr/local/mcuxpressoide-24.9.25/ide/plugins/com.nxp.mcuxpresso.tools.linux_24.9.0.202407110857/tools/bin/../lib/gcc/arm-none-eabi/13.2.1/../../../../arm-none-eabi/lib/thumb/v7e-m+fp/hard/libcr_nohost_nf.a(__ciob.o)
 .debug_aranges
                0x00001088       0x20 /usr/local/mcuxpressoide-24.9.25/ide/plugins/com.nxp.mcuxpresso.tools.linux_24.9.0.202407110857/tools/bin/../lib/gcc/arm-none-eabi/13.2.1/../../../../arm-none-eabi/lib/thumb/v7e-m+fp/hard/libcr_nohost_nf.a(__sys_appexit.o)
 .debug_aranges
                0x000010a8       0x20 /usr/local/mcuxpressoide-24.9.25/ide/plugins/com.nxp.mcuxpresso.tools.linux_24.9.0.202407110857/tools/bin/../lib/gcc/arm-none-eabi/13.2.1/../../../../arm-none-eabi/lib/thumb/v7e-m+fp/hard/libcr_c.a(memcpy.o)
 .debug_aranges
                0x000010c8       0x20 /usr/local/mcuxpressoide-24.9.25/ide/plugins/com.nxp.mcuxpresso.tools.linux_24.9.0.202407110857/tools/bin/../lib/gcc/arm-none-eabi/13.2.1/../../../../arm-none-eabi/lib/thumb/v7e-m+fp/hard/libcr_c.a(memset.o)
 .debug_aranges
                0x000010e8       0x28 /usr/local/mcuxpressoide-24.9.25/ide/plugins/com.nxp.mcuxpresso.tools.linux_24.9.0.202407110857/tools/bin/../lib/gcc/arm-none-eabi/13.2.1/../../../../arm-none-eabi/lib/thumb/v7e-m+fp/hard/libcr_c.a(_deferredlazyseek.o)
 .debug_aranges
                0x00001110       0x20 /usr/local/mcuxpressoide-24.9.25/ide/plugins/com.nxp.mcuxpresso.tools.linux_24.9.0.202407110857/tools/bin/../lib/gcc/arm-none-eabi/13.2.1/../../../../arm-none-eabi/lib/thumb/v7e-m+fp/hard/libcr_c.a(_fflush.o)
 .debug_aranges