Archive member included to satisfy reference by file (symbol)

/usr/local/mcuxpressoide-24.9.25/ide/plugins/com.nxp.mcuxpresso.tools.linux_24.9.0.202407110857/tools/bin/../lib/gcc/arm-none-eabi/13.2.1/../../../../arm-none-eabi/lib/thumb/v7e-m+fp/hard/libcr_nohost_nf.a(_cr__main.o)
                              ./startup/startup_mk66f18.o (__main)
/usr/local/mcuxpressoide-24.9.25/ide/plugins/com.nxp.mcuxpresso.tools.linux_24.9.0.202407110857/tools/bin/../lib/gcc/arm-none-eabi/13.2.1/../../../../arm-none-eabi/lib/thumb/v7e-m+fp/hard/libcr_nohost_nf.a(_cr_assert.o)
                              ./drivers/fsl_clock.o (__assertion_failed)
/usr/local/mcuxpressoide-24.9.25/ide/plugins/com.nxp.mcuxpresso.tools.linux_24.9.0.202407110857/tools/bin/../lib/gcc/arm-none-eabi/13.2.1/../../../../arm-none-eabi/lib/thumb/v7e-m+fp/hard/libcr_nohost_nf.a(__ciob.o)
                              /usr/local/mcuxpressoide-24.9.25/ide/plugins/com.nxp.mcuxpresso.tools.linux_24.9.0.202407110857/tools/bin/../lib/gcc/arm-none-eabi/13.2.1/../../../../arm-none-eabi/lib/thumb/v7e-m+fp/hard/libcr_nohost_nf.a(_cr_assert.o) (__Ciob)
/usr/local/mcuxpressoide-24.9.25/ide/plugins/com.nxp.mcuxpresso.tools.linux_24.9.0.202407110857/tools/bin/../lib/gcc/arm-none-eabi/13.2.1/../../../../arm-none-eabi/lib/thumb/v7e-m+fp/hard/libcr_nohost_nf.a(__sys_appexit.o)
                              /usr/local/mcuxpressoide-24.9.25/ide/plugins/com.nxp.mcuxpresso.tools.linux_24.9.0.202407110857/tools/bin/../lib/gcc/arm-none-eabi/13.2.1/../../../../arm-none-eabi/lib/thumb/v7e-m+fp/hard/libcr_nohost_nf.a(_cr_assert.o) (__sys_appexit)
/usr/local/mcuxpressoide-24.9.25/ide/plugins/com.nxp.mcuxpresso.tools.linux_24.9.0.202407110857/tools/bin/../lib/gcc/arm-none-eabi/13.2.1/../../../../arm-none-eabi/lib/thumb/v7e-m+fp/hard/libcr_c.a(memcpy.o)
                              ./utilities/fsl_str.o (memcpy)
/usr/local/mcuxpressoide-24.9.25/ide/plugins/com.nxp.mcuxpresso.tools.linux_24.9.0.202407110857/tools/bin/../lib/gcc/arm-none-eabi/13.2.1/../../../../arm-none-eabi/lib/thumb/v7e-m+fp/hard/libcr_c.a(memset.o)
                              ./utilities/fsl_debug_console.o (memset)
/usr/local/mcuxpressoide-24.9.25/ide/plugins/com.nxp.mcuxpresso.tools.linux_24.9.0.202407110857/tools/bin/../lib/gcc/arm-none-eabi/13.2.1/../../../../arm-none-eabi/lib/thumb/v7e-m+fp/hard/libcr_c.a(_deferredlazyseek.o)
                              /usr/local/mcuxpressoide-24.9.25/ide/plugins/com.nxp.mcuxpresso.tools.linux_24.9.0.202407110857/tools/bin/../lib/gcc/arm-none-eabi/13.2.1/../../../../arm-none-eabi/lib/thumb/v7e-m+fp/hard/libcr_nohost_nf.a(_cr_assert.o) (__flsbuf)
/usr/local/mcuxpressoide-24.9.25/ide/plugins/com.nxp.mcuxpresso.tools.linux_24.9.0.202407110857/tools/bin/../lib/gcc/arm-none-eabi/13.2.1/../../../../arm-none-eabi/lib/thumb/v7e-m+fp/hard/libcr_c.a(_fflush.o)
                              /usr/local/mcuxpressoide-24.9.25/ide/plugins/com.nxp.mcuxpresso.tools.linux_24.9.0.202407110857/tools/bin/../lib/gcc/arm-none-eabi/13.2.1/../../../../arm-none-eabi/lib/thumb/v7e-m+fp/hard/libcr_c.a(_deferredlazyseek.o) (_fflush)
/usr/local/mcuxpressoide-24.9.25/ide/plugins/com.nxp.mcuxpresso.tools.linux_24.9.0.202407110857/tools/bin/../lib/gcc/arm-none-eabi/13.2.1/../../../../arm-none-eabi/lib/thumb/v7e-m+fp/hard/libcr_c.a(_writebuf.o)
                              /usr/local/mcuxpressoide-24.9.25/ide/plugins/com.nxp.mcuxpresso.tools.linux_24.9.0.202407110857/tools/bin/../lib/gcc/arm-none-eabi/13.2.1/../../../../arm-none-eabi/lib/thumb/v7e-m+fp/hard/libcr_c.a(_deferredlazyseek.o) (_Cwritebuf)
/usr/local/mcuxpressoide-24.9.25/ide/plugins/com.nxp.mcuxpresso.tools.linux_24.9.0.202407110857/tools/bin/../lib/gcc/arm-none-eabi/13.2.1/../../../../arm-none-eabi/lib/thumb/v7e-m+fp/hard/libcr_c.a(alloc.o)
                              ./myDrivers/SAE/SO.o (malloc)
/usr/local/mcuxpressoide-24.9.25/ide/plugins/com.nxp.mcuxpresso.tools.linux_24.9.0.202407110857/tools/bin/../lib/gcc/arm-none-eabi/13.2.1/../../../../arm-none-eabi/lib/thumb/v7e-m+fp/hard/libcr_c.a(errno.o)
                              ./utilities/fsl_str.o (errno)
/usr/local/mcuxpressoide-24.9.25/ide/plugins/com.nxp.mcuxpresso.tools.linux_24.9.0.202407110857/tools/bin/../lib/gcc/arm-none-eabi/13.2.1/../../../../arm-none-eabi/lib/thumb/v7e-m+fp/hard/libcr_c.a(fputs.o)
                              /usr/local/mcuxpressoide-24.9.25/ide/plugins/com.nxp.mcuxpresso.tools.linux_24.9.0.202407110857/tools/bin/../lib/gcc/arm-none-eabi/13.2.1/../../../../arm-none-eabi/lib/thumb/v7e-m+fp/hard/libcr_nohost_nf.a(_cr_assert.o) (fputs)
/usr/local/mcuxpressoide-24.9.25/ide/plugins/com.nxp.mcuxpresso.tools.linux_24.9.0.202407110857/tools/bin/../lib/gcc/arm-none-eabi/13.2.1/../../../../arm-none-eabi/lib/thumb/v7e-m+fp/hard/libcr_c.a(fseek.o)
[...]
Memory Configuration

Name             Origin             Length             Attributes
PROGRAM_FLASH    0x00000000         0x00200000         xr
SRAM_UPPER       0x20000000         0x00030000         xrw
SRAM_LOWER       0x1fff0000         0x00010000         xrw
FLEX_RAM         0x14000000         0x00001000         xrw
*default*        0x00000000         0xffffffff

Linker script and memory map

LOAD ./utilities/fsl_debug_console.o
LOAD ./utilities/fsl_str.o
LOAD ./startup/startup_mk66f18.o
LOAD ./source/main.o
LOAD ./source/semihost_hardfault.o
LOAD ./myDrivers/SAE/App.o
LOAD ./myDrivers/SAE/SO.o
LOAD ./myDrivers/SAE/data_structures.o
LOAD ./myDrivers/Peripherics/GPIO.o
LOAD ./myDrivers/Peripherics/Low_Power.o
LOAD ./myDrivers/Peripherics/PIT.o
LOAD ./drivers/fsl_clock.o
LOAD ./drivers/fsl_common.o
LOAD ./drivers/fsl_common_arm.o
LOAD ./drivers/fsl_gpio.o
LOAD ./drivers/fsl_i2c.o
LOAD ./drivers/fsl_pit.o
LOAD ./drivers/fsl_rtc.o
LOAD ./drivers/fsl_smc.o
LOAD ./drivers/fsl_uart.o
LOAD ./device/system_MK66F18.o
LOAD ./component/uart/fsl_adapter_uart.o
LOAD ./component/serial_manager/fsl_component_serial_manager.o
LOAD ./component/serial_manager/fsl_component_serial_port_uart.o
LOAD ./component/lists/fsl_component_generic_list.o
LOAD ./board/board.o
LOAD ./board/clock_config.o
LOAD ./board/peripherals.o
LOAD ./board/pin_mux.o
START GROUP
LOAD /usr/local/mcuxpressoide-24.9.25/ide/plugins/com.nxp.mcuxpresso.tools.linux_24.9.0.202407110857/tools/bin/../lib/gcc/arm-none-eabi/13.2.1/../../../../arm-none-eabi/lib/thumb/v7e-m+fp/hard/libcr_nohost_nf.a
LOAD /usr/local/mcuxpressoide-24.9.25/ide/plugins/com.nxp.mcuxpresso.tools.linux_24.9.0.202407110857/tools/bin/../lib/gcc/arm-none-eabi/13.2.1/../../../../arm-none-eabi/lib/thumb/v7e-m+fp/hard/libcr_c.a
LOAD /usr/local/mcuxpressoide-24.9.25/ide/plugins/com.nxp.mcuxpresso.tools.linux_24.9.0.202407110857/tools/bin/../lib/gcc/arm-none-eabi/13.2.1/thumb/v7e-m+fp/hard/libcr_eabihelpers.a
LOAD /usr/local/mcuxpressoide-24.9.25/ide/plugins/com.nxp.mcuxpresso.tools.linux_24.9.0.202407110857/tools/bin/../lib/gcc/arm-none-eabi/13.2.1/thumb/v7e-m+fp/hard/libgcc.a
END GROUP
                0x00000000                        __base_PROGRAM_FLASH = 0x0
                0x00000000                        __base_Flash = 0x0
                0x00200000                        __top_PROGRAM_FLASH = 0x200000
                0x00200000                        __top_Flash = 0x200000
                0x20000000                        __base_SRAM_UPPER = 0x20000000
                0x20000000                        __base_RAM = 0x20000000
                0x20030000                        __top_SRAM_UPPER = 0x20030000
                0x20030000                        __top_RAM = 0x20030000
                0x1fff0000                        __base_SRAM_LOWER = 0x1fff0000
                0x1fff0000                        __base_RAM2 = 0x1fff0000
                0x20000000                        __top_SRAM_LOWER = 0x20000000
                0x20000000                        __top_RAM2 = 0x20000000
                0x14000000                        __base_FLEX_RAM = 0x14000000
                0x14000000                        __base_RAM3 = 0x14000000
                0x14001000                        __top_FLEX_RAM = 0x14001000
                0x14001000                        __top_RAM3 = 0x14001000

.text           0x00000000     0x4288
 FILL mask 0xff
                0x00000000                        __vectors_start__ = ABSOLUTE (.)
 *(SORT_BY_ALIGNMENT(.isr_vector))
 .isr_vector    0x00000000      0x1d0 ./startup/startup_mk66f18.o
                0x00000000                __Vectors
                0x00000000                g_pfnVectors
                0x000001d0                        . = ALIGN (0x4)
                0x000001d0                        __section_table_start = .
                0x000001d0                        __data_section_table = .
                0x000001d0        0x4 LONG 0x4288 LOADADDR (.data)
                0x000001d4        0x4 LONG 0x20000000 ADDR (.data)
                0x000001d8        0x4 LONG 0x10 SIZEOF (.data)
                0x000001dc        0x4 LONG 0x4288 LOADADDR (.data_RAM2)
                0x000001e0        0x4 LONG 0x1fff0000 ADDR (.data_RAM2)
                0x000001e4        0x4 LONG 0x0 SIZEOF (.data_RAM2)
                0x000001e8        0x4 LONG 0x4288 LOADADDR (.data_RAM3)
                0x000001ec        0x4 LONG 0x14000000 ADDR (.data_RAM3)
                0x000001f0        0x4 LONG 0x0 SIZEOF (.data_RAM3)
                0x000001f4                        __data_section_table_end = .
                0x000001f4                        __bss_section_table = .
                0x000001f4        0x4 LONG 0x20000010 ADDR (.bss)
                0x000001f8        0x4 LONG 0x138 SIZEOF (.bss)
                0x000001fc        0x4 LONG 0x1fff0000 ADDR (.bss_RAM2)
                0x00000200        0x4 LONG 0x0 SIZEOF (.bss_RAM2)
                0x00000204        0x4 LONG 0x14000000 ADDR (.bss_RAM3)
                0x00000208        0x4 LONG 0x0 SIZEOF (.bss_RAM3)
                0x0000020c                        __bss_section_table_end = .
                0x0000020c                        __section_table_end = .
 *(SORT_BY_ALIGNMENT(.after_vectors*))
 .after_vectors.reset
                0x0000020c       0x4c ./startup/startup_mk66f18.o
                0x0000020c                ResetISR
 .after_vectors.init_data
                0x00000258       0x1e ./startup/startup_mk66f18.o
                0x00000258                data_init
 .after_vectors.init_bss
                0x00000276       0x12 ./startup/startup_mk66f18.o
                0x00000276                bss_init
 .after_vectors
                0x00000288       0x14 ./startup/startup_mk66f18.o
                0x00000288                NMI_Handler
                0x0000028c                MemManage_Handler
                0x0000028e                BusFault_Handler
                0x00000290                UsageFault_Handler
                0x00000292                SVC_Handler
                0x00000294                DebugMon_Handler
                0x00000296                PendSV_Handler
                0x00000298                SysTick_Handler
                0x0000029a                DMA13_DMA29_DriverIRQHandler
                0x0000029a                PORTB_DriverIRQHandler
                0x0000029a                SPI1_DriverIRQHandler
                0x0000029a                LPTMR0_DriverIRQHandler
                0x0000029a                DMA_Error_DriverIRQHandler
                0x0000029a                FTM1_DriverIRQHandler
                0x0000029a                FTM2_DriverIRQHandler
                0x0000029a                PIT2_DriverIRQHandler
                0x0000029a                TPM2_DriverIRQHandler
                0x0000029a                SDHC_DriverIRQHandler
                0x0000029a                DMA7_DMA23_DriverIRQHandler
                0x0000029a                I2S0_Tx_DriverIRQHandler
                0x0000029a                TSI0_DriverIRQHandler
                0x0000029a                RTC_Seconds_DriverIRQHandler
                0x0000029a                CMP3_DriverIRQHandler
                0x0000029a                LLWU_DriverIRQHandler
                0x0000029a                MCM_DriverIRQHandler
                0x0000029a                DMA14_DMA30_DriverIRQHandler
                0x0000029a                MCG_DriverIRQHandler
                0x0000029a                ENET_1588_Timer_DriverIRQHandler
                0x0000029a                DAC1_DriverIRQHandler
                0x0000029a                CMP1_DriverIRQHandler
                0x0000029a                USBHSDCD_DriverIRQHandler
                0x0000029a                DMA0_DMA16_DriverIRQHandler
                0x0000029a                FTM0_DriverIRQHandler
                0x0000029a                IntDefaultHandler
                0x0000029a                USB0_DriverIRQHandler
                0x0000029a                PORTC_DriverIRQHandler
                0x0000029a                DMA2_DMA18_DriverIRQHandler
                0x0000029a                DAC0_DriverIRQHandler
                0x0000029a                CMP2_DriverIRQHandler
                0x0000029a                UART2_ERR_DriverIRQHandler
                0x0000029a                SPI2_DriverIRQHandler
                0x0000029a                LVD_LVW_DriverIRQHandler
                0x0000029a                Reserved84_DriverIRQHandler
                0x0000029a                PIT0_DriverIRQHandler
                0x0000029a                RNG_DriverIRQHandler
                0x0000029a                USBDCD_DriverIRQHandler
                0x0000029a                UART3_ERR_DriverIRQHandler
                0x0000029a                DMA12_DMA28_DriverIRQHandler
                0x0000029a                DMA10_DMA26_DriverIRQHandler
                0x0000029a                UART0_ERR_DriverIRQHandler
                0x0000029a                CMT_DriverIRQHandler
                0x0000029a                Reserved71_DriverIRQHandler
                0x0000029a                ADC1_DriverIRQHandler
                0x0000029a                PORTA_DriverIRQHandler
                0x0000029a                DMA1_DMA17_DriverIRQHandler
                0x0000029a                PIT3_DriverIRQHandler
                0x0000029a                PIT1_DriverIRQHandler
                0x0000029a                TPM1_DriverIRQHandler
                0x0000029a                WDOG_EWM_DriverIRQHandler
                0x0000029a                PDB0_DriverIRQHandler
                0x0000029a                DMA8_DMA24_DriverIRQHandler
                0x0000029a                DMA6_DMA22_DriverIRQHandler
                0x0000029a                RTC_DriverIRQHandler
                0x0000029a                I2S0_Rx_DriverIRQHandler
                0x0000029a                Read_Collision_DriverIRQHandler
                0x0000029a                SWI_DriverIRQHandler
                0x0000029a                UART4_ERR_DriverIRQHandler
                0x0000029a                DMA11_DMA27_DriverIRQHandler
                0x0000029a                DMA4_DMA20_DriverIRQHandler
                0x0000029a                DMA9_DMA25_DriverIRQHandler
                0x0000029a                ENET_Receive_DriverIRQHandler
                0x0000029a                DMA3_DMA19_DriverIRQHandler
                0x0000029a                ENET_Error_DriverIRQHandler
                0x0000029a                LPUART0_DriverIRQHandler
                0x0000029a                Reserved85_DriverIRQHandler
                0x0000029a                SPI0_DriverIRQHandler
                0x0000029a                ADC0_DriverIRQHandler
                0x0000029a                USBHS_DriverIRQHandler
                0x0000029a                CMP0_DriverIRQHandler
                0x0000029a                CAN0_DriverIRQHandler
                0x0000029a                FTM3_DriverIRQHandler
                0x0000029a                DMA5_DMA21_DriverIRQHandler
                0x0000029a                DMA15_DMA31_DriverIRQHandler
                0x0000029a                UART1_ERR_DriverIRQHandler
                0x0000029a                ENET_Transmit_DriverIRQHandler
                0x0000029a                PORTD_DriverIRQHandler
                0x0000029a                Reserved46_DriverIRQHandler
                0x0000029a                PORTE_DriverIRQHandler
                0x0000029a                FTFE_DriverIRQHandler
                0x0000029a                CAN1_DriverIRQHandler
                0x00000400                        . = 0x400
 *fill*         0x0000029c      0x164 ff
                0x00000400                        PROVIDE (__FLASH_CONFIG_START__ = .)
 *(SORT_BY_ALIGNMENT(.FlashConfig))
 .FlashConfig   0x00000400       0x10 ./startup/startup_mk66f18.o
                0x00000400                Flash_Config
                0x00000410                        PROVIDE (__FLASH_CONFIG_END__ = .)
                0x00000001                        ASSERT (! ((__FLASH_CONFIG_START__ == __FLASH_CONFIG_END__)), Linker Flash Config Support Enabled, but no .FlashConfig section provided within application)
 *(SORT_BY_ALIGNMENT(.text*))
 .text.DbgConsole_SendDataReliable
                0x00000410       0x54 ./utilities/fsl_debug_console.o
                0x00000410                DbgConsole_SendDataReliable
 .text.DbgConsole_Init
                0x00000464      0x118 ./utilities/fsl_debug_console.o
                0x00000464                DbgConsole_Init
 .text.DbgConsole_Vprintf
                0x0000057c       0x68 ./utilities/fsl_debug_console.o
                0x0000057c                DbgConsole_Vprintf
 .text.main     0x000005e4       0x38 ./source/main.o
                0x000005e4                main
 .text.__NVIC_EnableIRQ
                0x0000061c       0x3c ./myDrivers/SAE/App.o
 .text.__NVIC_DisableIRQ
                0x00000658       0x48 ./myDrivers/SAE/App.o
 .text.Task_UART1
                0x000006a0       0xbc ./myDrivers/SAE/App.o
                0x000006a0                Task_UART1
 .text.PORTA_IRQHandler
                0x0000075c       0x7c ./myDrivers/SAE/App.o
                0x0000075c                PORTA_IRQHandler
 .text.PORTB_IRQHandler
                0x000007d8       0x20 ./myDrivers/SAE/App.o
                0x000007d8                PORTB_IRQHandler
 .text.PORTC_IRQHandler
                0x000007f8       0x20 ./myDrivers/SAE/App.o
                0x000007f8                PORTC_IRQHandler
 .text.PORTD_IRQHandler
                0x00000818       0x20 ./myDrivers/SAE/App.o
                0x00000818                PORTD_IRQHandler
 .text.PORTE_IRQHandler
                0x00000838       0x20 ./myDrivers/SAE/App.o
                0x00000838                PORTE_IRQHandler
 .text.__NVIC_DisableIRQ
                0x00000858       0x48 ./myDrivers/SAE/SO.o
 .text.Create_Task
                0x000008a0       0xec ./myDrivers/SAE/SO.o
                0x000008a0                Create_Task
 .text.Activate_Task_ISR
                0x0000098c       0x48 ./myDrivers/SAE/SO.o
                0x0000098c                Activate_Task_ISR
 .text.Terminate_Task
                0x000009d4       0x24 ./myDrivers/SAE/SO.o
                0x000009d4                Terminate_Task
 .text.Scheduler
                0x000009f8       0x6c ./myDrivers/SAE/SO.o
                0x000009f8                Scheduler
 .text.Save_Context
                0x00000a64       0x24 ./myDrivers/SAE/SO.o
                0x00000a64                Save_Context
 .text.Restore_Context
                0x00000a88       0x50 ./myDrivers/SAE/SO.o
                0x00000a88                Restore_Context
 .text.PIT0_IRQHandler
                0x00000ad8       0xac ./myDrivers/SAE/SO.o
                0x00000ad8                PIT0_IRQHandler
 .text.__NVIC_EnableIRQ
                0x00000b84       0x3c ./myDrivers/Peripherics/GPIO.o
 .text.Config_Pins
                0x00000bc0       0x9c ./myDrivers/Peripherics/GPIO.o
                0x00000bc0                Config_Pins
 .text.GPIO_Config
                0x00000c5c       0x68 ./myDrivers/Peripherics/GPIO.o
                0x00000c5c                GPIO_Config
 .text.Init_Pins
                0x00000cc4       0x4c ./myDrivers/Peripherics/GPIO.o
                0x00000cc4                Init_Pins
 .text.Off      0x00000d10       0x30 ./myDrivers/Peripherics/GPIO.o
                0x00000d10                Off
 .text.__NVIC_EnableIRQ
                0x00000d40       0x3c ./myDrivers/Peripherics/Low_Power.o
 .text.sleep    0x00000d7c       0x20 ./myDrivers/Peripherics/Low_Power.o
                0x00000d7c                sleep
 .text.CLOCK_SetEr32kClock
                0x00000d9c       0x30 ./drivers/fsl_clock.o
 .text.CLOCK_SetPllFllSelClock
                0x00000dcc       0x54 ./drivers/fsl_clock.o
 .text.CLOCK_GetMcgExtClkFreq
                0x00000e20       0x7c ./drivers/fsl_clock.o
 .text.CLOCK_GetFllExtRefClkFreq
                0x00000e9c       0xb0 ./drivers/fsl_clock.o
 .text.CLOCK_GetInternalRefClkSelectFreq
                0x00000f4c       0x4c ./drivers/fsl_clock.o
 .text.CLOCK_GetFllRefClkFreq
                0x00000f98       0x34 ./drivers/fsl_clock.o
 .text.CLOCK_GetOscRangeFromFreq
                0x00000fcc       0x3c ./drivers/fsl_clock.o
 .text.CLOCK_GetCoreSysClkFreq
                0x00001008       0x28 ./drivers/fsl_clock.o
                0x00001008                CLOCK_GetCoreSysClkFreq
 .text.CLOCK_SetSimConfig
                0x00001030       0x40 ./drivers/fsl_clock.o
                0x00001030                CLOCK_SetSimConfig
 .text.CLOCK_EnableUsbfs0Clock
                0x00001070      0x11c ./drivers/fsl_clock.o
                0x00001070                CLOCK_EnableUsbfs0Clock
 .text.CLOCK_GetOutClkFreq
                0x0000118c       0x90 ./drivers/fsl_clock.o
                0x0000118c                CLOCK_GetOutClkFreq
 .text.CLOCK_GetFllFreq
                0x0000121c       0x84 ./drivers/fsl_clock.o
                0x0000121c                CLOCK_GetFllFreq
 .text.CLOCK_GetPll0Freq
                0x000012a0       0x7c ./drivers/fsl_clock.o
                0x000012a0                CLOCK_GetPll0Freq
 .text.CLOCK_GetExtPllFreq
                0x0000131c       0x18 ./drivers/fsl_clock.o
                0x0000131c                CLOCK_GetExtPllFreq
 .text.CLOCK_SetExtPllFreq
                0x00001334       0x20 ./drivers/fsl_clock.o
                0x00001334                CLOCK_SetExtPllFreq
 .text.CLOCK_SetExternalRefClkConfig
                0x00001354       0x6c ./drivers/fsl_clock.o
                0x00001354                CLOCK_SetExternalRefClkConfig
 .text.CLOCK_SetInternalRefClkConfig
                0x000013c0      0x104 ./drivers/fsl_clock.o
                0x000013c0                CLOCK_SetInternalRefClkConfig
 .text.CLOCK_EnablePll0
                0x000014c4       0x88 ./drivers/fsl_clock.o
                0x000014c4                CLOCK_EnablePll0
 .text.CLOCK_InitOsc0
                0x0000154c       0x8c ./drivers/fsl_clock.o
                0x0000154c                CLOCK_InitOsc0
 .text.CLOCK_SetPbeMode
                0x000015d8       0xe8 ./drivers/fsl_clock.o
                0x000015d8                CLOCK_SetPbeMode
 .text.CLOCK_BootToPeeMode
                0x000016c0       0x68 ./drivers/fsl_clock.o
                0x000016c0                CLOCK_BootToPeeMode
 .text.I2C_TransferCommonIRQHandler
                0x00001728       0x58 ./drivers/fsl_i2c.o
 .text.I2C0_DriverIRQHandler
                0x00001780       0x1c ./drivers/fsl_i2c.o
                0x00001780                I2C0_DriverIRQHandler
 .text.I2C1_DriverIRQHandler
                0x0000179c       0x1c ./drivers/fsl_i2c.o
                0x0000179c                I2C1_DriverIRQHandler
 .text.I2C2_DriverIRQHandler
                0x000017b8       0x1c ./drivers/fsl_i2c.o
                0x000017b8                I2C2_DriverIRQHandler
 .text.I2C3_DriverIRQHandler
                0x000017d4       0x1c ./drivers/fsl_i2c.o
                0x000017d4                I2C3_DriverIRQHandler
 .text.UART_GetInstance
                0x000017f0       0x54 ./drivers/fsl_uart.o
                0x000017f0                UART_GetInstance
 .text.UART_Init
                0x00001844      0x2f4 ./drivers/fsl_uart.o
                0x00001844                UART_Init
 .text.UART_GetDefaultConfig
                0x00001b38       0x68 ./drivers/fsl_uart.o
                0x00001b38                UART_GetDefaultConfig
 .text.UART0_DriverIRQHandler
                0x00001ba0       0x28 ./drivers/fsl_uart.o
                0x00001ba0                UART0_DriverIRQHandler
 .text.UART1_DriverIRQHandler
                0x00001bc8       0x28 ./drivers/fsl_uart.o
                0x00001bc8                UART1_DriverIRQHandler
 .text.UART2_DriverIRQHandler
                0x00001bf0       0x28 ./drivers/fsl_uart.o
                0x00001bf0                UART2_DriverIRQHandler
 .text.UART3_DriverIRQHandler
                0x00001c18       0x28 ./drivers/fsl_uart.o
                0x00001c18                UART3_DriverIRQHandler
 .text.UART4_DriverIRQHandler
                0x00001c40       0x28 ./drivers/fsl_uart.o
                0x00001c40                UART4_DriverIRQHandler
 .text.SystemInit
                0x00001c68       0x3c ./device/system_MK66F18.o
                0x00001c68                SystemInit
 .text.HAL_UartInit
                0x00001ca4      0x128 ./component/uart/fsl_adapter_uart.o
                0x00001ca4                HAL_UartInit
 .text.HAL_UartSendBlocking
                0x00001dcc       0x64 ./component/uart/fsl_adapter_uart.o
                0x00001dcc                HAL_UartSendBlocking
 .text.CLOCK_SetSdhc0Clock
                0x00001e30       0x38 ./board/clock_config.o
 .text.CLOCK_SetEnetTime0Clock
                0x00001e68       0x38 ./board/clock_config.o
 .text.CLOCK_SetRmii0Clock
                0x00001ea0       0x38 ./board/clock_config.o
 .text.CLOCK_SetLpuartClock
                0x00001ed8       0x38 ./board/clock_config.o
 .text.CLOCK_SetTpmClock
                0x00001f10       0x38 ./board/clock_config.o
 .text.CLOCK_SetTraceClock
                0x00001f48       0x54 ./board/clock_config.o
 .text.CLOCK_SetClkOutClock
                0x00001f9c       0x34 ./board/clock_config.o
 .text.CLOCK_SetRtcClkOutClock
                0x00001fd0       0x38 ./board/clock_config.o
 .text.CLOCK_SetSimSafeDivs
                0x00002008       0x24 ./board/clock_config.o
 .text.CLOCK_SetXtal0Freq
                0x0000202c       0x20 ./board/clock_config.o
 .text.CLOCK_SetXtal32Freq
                0x0000204c       0x20 ./board/clock_config.o
 .text.CLOCK_CONFIG_SetRtcClock
                0x0000206c       0x84 ./board/clock_config.o
 .text.CLOCK_CONFIG_EnableUsbhs0PhyPllClock
                0x000020f0       0xf4 ./board/clock_config.o
 .text.CLOCK_CONFIG_EnableUsbhs0PfdClock
                0x000021e4       0xb4 ./board/clock_config.o
 .text.CLOCK_CONFIG_SetUsbSlowClock
                0x00002298       0x38 ./board/clock_config.o
 .text.CLOCK_CONFIG_SetFllExtRefDiv
                0x000022d0       0x3c ./board/clock_config.o
 .text.BOARD_BootClockHSRUN
                0x0000230c       0xe0 ./board/clock_config.o
                0x0000230c                BOARD_BootClockHSRUN
 .text.PORT_SetPinConfig
                0x000023ec       0x38 ./board/pin_mux.o
 .text.BOARD_InitPins
                0x00002424       0x30 ./board/pin_mux.o
                0x00002424                BOARD_InitPins
 .text.BOARD_InitDEBUG_UARTPins
                0x00002454       0x68 ./board/pin_mux.o
                0x00002454                BOARD_InitDEBUG_UARTPins
 .text.__assertion_failed
                0x000024bc       0x4c /usr/local/mcuxpressoide-24.9.25/ide/plugins/com.nxp.mcuxpresso.tools.linux_24.9.0.202407110857/tools/bin/../lib/gcc/arm-none-eabi/13.2.1/../../../../arm-none-eabi/lib/thumb/v7e-m+fp/hard/libcr_nohost_nf.a(_cr_assert.o)
                0x000024bc                __assertion_failed
 .text._Cwritebuf
                0x00002508       0x6c /usr/local/mcuxpressoide-24.9.25/ide/plugins/com.nxp.mcuxpresso.tools.linux_24.9.0.202407110857/tools/bin/../lib/gcc/arm-none-eabi/13.2.1/../../../../arm-none-eabi/lib/thumb/v7e-m+fp/hard/libcr_c.a(_writebuf.o)
                0x00002508                _Cwritebuf
 .text.malloc   0x00002574       0xc8 /usr/local/mcuxpressoide-24.9.25/ide/plugins/com.nxp.mcuxpresso.tools.linux_24.9.0.202407110857/tools/bin/../lib/gcc/arm-none-eabi/13.2.1/../../../../arm-none-eabi/lib/thumb/v7e-m+fp/hard/libcr_c.a(alloc.o)
                0x00002574                malloc
 .text._Csys_alloc
                0x0000263c       0x20 /usr/local/mcuxpressoide-24.9.25/ide/plugins/com.nxp.mcuxpresso.tools.linux_24.9.0.202407110857/tools/bin/../lib/gcc/arm-none-eabi/13.2.1/../../../../arm-none-eabi/lib/thumb/v7e-m+fp/hard/libcr_c.a(alloc.o)
                0x0000263c                _Csys_alloc
 .text.fseek    0x0000265c       0xf8 /usr/local/mcuxpressoide-24.9.25/ide/plugins/com.nxp.mcuxpresso.tools.linux_24.9.0.202407110857/tools/bin/../lib/gcc/arm-none-eabi/13.2.1/../../../../arm-none-eabi/lib/thumb/v7e-m+fp/hard/libcr_c.a(fseek.o)
                0x0000265c                fseek
 .text.ftell    0x00002754       0x44 /usr/local/mcuxpressoide-24.9.25/ide/plugins/com.nxp.mcuxpresso.tools.linux_24.9.0.202407110857/tools/bin/../lib/gcc/arm-none-eabi/13.2.1/../../../../arm-none-eabi/lib/thumb/v7e-m+fp/hard/libcr_c.a(ftell.o)
                0x00002754                ftell
 .text._initio  0x00002798       0x78 /usr/local/mcuxpressoide-24.9.25/ide/plugins/com.nxp.mcuxpresso.tools.linux_24.9.0.202407110857/tools/bin/../lib/gcc/arm-none-eabi/13.2.1/../../../../arm-none-eabi/lib/thumb/v7e-m+fp/hard/libcr_c.a(initio.o)
                0x00002798                _initio
 .text._sbrk    0x00002810       0x3c /usr/local/mcuxpressoide-24.9.25/ide/plugins/com.nxp.mcuxpresso.tools.linux_24.9.0.202407110857/tools/bin/../lib/gcc/arm-none-eabi/13.2.1/../../../../arm-none-eabi/lib/thumb/v7e-m+fp/hard/libcr_c.a(_cr_sbrk.o)
                0x00002810                _sbrk
 .text.fflush   0x0000284c       0x3c /usr/local/mcuxpressoide-24.9.25/ide/plugins/com.nxp.mcuxpresso.tools.linux_24.9.0.202407110857/tools/bin/../lib/gcc/arm-none-eabi/13.2.1/../../../../arm-none-eabi/lib/thumb/v7e-m+fp/hard/libcr_c.a(fflush.o)
                0x0000284c                fflush
 .text.__check_heap_overflow
                0x00002888       0x18 /usr/local/mcuxpressoide-24.9.25/ide/plugins/com.nxp.mcuxpresso.tools.linux_24.9.0.202407110857/tools/bin/../lib/gcc/arm-none-eabi/13.2.1/../../../../arm-none-eabi/lib/thumb/v7e-m+fp/hard/libcr_c.a(_cr_check_heap.o)
                0x00002888                __check_heap_overflow
 .text.DbgConsole_PrintCallback
                0x000028a0       0x66 ./utilities/fsl_debug_console.o
 .text.DbgConsole_Printf
                0x00002906       0x2c ./utilities/fsl_debug_console.o
                0x00002906                DbgConsole_Printf
 .text.PrintGetWidth
                0x00002932       0x6a ./utilities/fsl_str.o
 .text.PrintGetPrecision
                0x0000299c       0x8c ./utilities/fsl_str.o
 .text.PrintIsobpu
                0x00002a28       0x38 ./utilities/fsl_str.o
 .text.PrintIsdi
                0x00002a60       0x2c ./utilities/fsl_str.o
 .text.PrintOutputdifFobpu
                0x00002a8c       0x44 ./utilities/fsl_str.o
 .text.PrintOutputxX
                0x00002ad0       0x44 ./utilities/fsl_str.o
 .text.PrintIsfF
                0x00002b14       0x2c ./utilities/fsl_str.o
 .text.PrintIsxX
                0x00002b40       0x2c ./utilities/fsl_str.o
 .text.PrintFilterLengthFlag
                0x00002b6c       0x3e ./utilities/fsl_str.o
 .text.PrintGetRadixFromobpu
                0x00002baa       0x40 ./utilities/fsl_str.o
 .text.ConvertRadixNumToString
                0x00002bea       0xc2 ./utilities/fsl_str.o
 .text.StrFormatPrintf
                0x00002cac      0x2ac ./utilities/fsl_str.o
                0x00002cac                StrFormatPrintf
 .text.DMA0_DMA16_IRQHandler
                0x00002f58        0x8 ./startup/startup_mk66f18.o
                0x00002f58                DMA0_DMA16_IRQHandler
 .text.DMA1_DMA17_IRQHandler
                0x00002f60        0x8 ./startup/startup_mk66f18.o
                0x00002f60                DMA1_DMA17_IRQHandler
 .text.DMA2_DMA18_IRQHandler
                0x00002f68        0x8 ./startup/startup_mk66f18.o
                0x00002f68                DMA2_DMA18_IRQHandler
 .text.DMA3_DMA19_IRQHandler
                0x00002f70        0x8 ./startup/startup_mk66f18.o
                0x00002f70                DMA3_DMA19_IRQHandler
 .text.DMA4_DMA20_IRQHandler
                0x00002f78        0x8 ./startup/startup_mk66f18.o
                0x00002f78                DMA4_DMA20_IRQHandler
 .text.DMA5_DMA21_IRQHandler
                0x00002f80        0x8 ./startup/startup_mk66f18.o
                0x00002f80                DMA5_DMA21_IRQHandler
 .text.DMA6_DMA22_IRQHandler
                0x00002f88        0x8 ./startup/startup_mk66f18.o
                0x00002f88                DMA6_DMA22_IRQHandler
 .text.DMA7_DMA23_IRQHandler
                0x00002f90        0x8 ./startup/startup_mk66f18.o
                0x00002f90                DMA7_DMA23_IRQHandler
 .text.DMA8_DMA24_IRQHandler
                0x00002f98        0x8 ./startup/startup_mk66f18.o
                0x00002f98                DMA8_DMA24_IRQHandler
 .text.DMA9_DMA25_IRQHandler
                0x00002fa0        0x8 ./startup/startup_mk66f18.o
                0x00002fa0                DMA9_DMA25_IRQHandler
 .text.DMA10_DMA26_IRQHandler
                0x00002fa8        0x8 ./startup/startup_mk66f18.o
                0x00002fa8                DMA10_DMA26_IRQHandler
 .text.DMA11_DMA27_IRQHandler
                0x00002fb0        0x8 ./startup/startup_mk66f18.o
                0x00002fb0                DMA11_DMA27_IRQHandler
 .text.DMA12_DMA28_IRQHandler
                0x00002fb8        0x8 ./startup/startup_mk66f18.o
                0x00002fb8                DMA12_DMA28_IRQHandler
 .text.DMA13_DMA29_IRQHandler
                0x00002fc0        0x8 ./startup/startup_mk66f18.o
                0x00002fc0                DMA13_DMA29_IRQHandler
 .text.DMA14_DMA30_IRQHandler
                0x00002fc8        0x8 ./startup/startup_mk66f18.o
                0x00002fc8                DMA14_DMA30_IRQHandler
 .text.DMA15_DMA31_IRQHandler
                0x00002fd0        0x8 ./startup/startup_mk66f18.o
                0x00002fd0                DMA15_DMA31_IRQHandler
 .text.DMA_Error_IRQHandler
                0x00002fd8        0x8 ./startup/startup_mk66f18.o
                0x00002fd8                DMA_Error_IRQHandler
 .text.MCM_IRQHandler
                0x00002fe0        0x8 ./startup/startup_mk66f18.o
                0x00002fe0                MCM_IRQHandler
 .text.FTFE_IRQHandler
                0x00002fe8        0x8 ./startup/startup_mk66f18.o
                0x00002fe8                FTFE_IRQHandler
 .text.Read_Collision_IRQHandler
                0x00002ff0        0x8 ./startup/startup_mk66f18.o
                0x00002ff0                Read_Collision_IRQHandler
 .text.LVD_LVW_IRQHandler
                0x00002ff8        0x8 ./startup/startup_mk66f18.o
                0x00002ff8                LVD_LVW_IRQHandler
 .text.LLWU_IRQHandler
                0x00003000        0x8 ./startup/startup_mk66f18.o
                0x00003000                LLWU_IRQHandler
 .text.WDOG_EWM_IRQHandler
                0x00003008        0x8 ./startup/startup_mk66f18.o
                0x00003008                WDOG_EWM_IRQHandler
 .text.RNG_IRQHandler
                0x00003010        0x8 ./startup/startup_mk66f18.o
                0x00003010                RNG_IRQHandler
 .text.I2C0_IRQHandler
                0x00003018        0x8 ./startup/startup_mk66f18.o
                0x00003018                I2C0_IRQHandler
 .text.I2C1_IRQHandler
                0x00003020        0x8 ./startup/startup_mk66f18.o
                0x00003020                I2C1_IRQHandler
 .text.SPI0_IRQHandler
                0x00003028        0x8 ./startup/startup_mk66f18.o
                0x00003028                SPI0_IRQHandler
 .text.SPI1_IRQHandler
                0x00003030        0x8 ./startup/startup_mk66f18.o
                0x00003030                SPI1_IRQHandler
 .text.I2S0_Tx_IRQHandler
                0x00003038        0x8 ./startup/startup_mk66f18.o
                0x00003038                I2S0_Tx_IRQHandler
 .text.I2S0_Rx_IRQHandler
                0x00003040        0x8 ./startup/startup_mk66f18.o
                0x00003040                I2S0_Rx_IRQHandler
 .text.Reserved46_IRQHandler
                0x00003048        0x8 ./startup/startup_mk66f18.o
                0x00003048                Reserved46_IRQHandler
 .text.UART0_RX_TX_IRQHandler
                0x00003050        0x8 ./startup/startup_mk66f18.o
                0x00003050                UART0_RX_TX_IRQHandler
 .text.UART0_ERR_IRQHandler
                0x00003058        0x8 ./startup/startup_mk66f18.o
                0x00003058                UART0_ERR_IRQHandler
 .text.UART1_RX_TX_IRQHandler
                0x00003060        0x8 ./startup/startup_mk66f18.o
                0x00003060                UART1_RX_TX_IRQHandler
 .text.UART1_ERR_IRQHandler
                0x00003068        0x8 ./startup/startup_mk66f18.o
                0x00003068                UART1_ERR_IRQHandler
 .text.UART2_RX_TX_IRQHandler
                0x00003070        0x8 ./startup/startup_mk66f18.o
                0x00003070                UART2_RX_TX_IRQHandler
 .text.UART2_ERR_IRQHandler
                0x00003078        0x8 ./startup/startup_mk66f18.o
                0x00003078                UART2_ERR_IRQHandler
 .text.UART3_RX_TX_IRQHandler
                0x00003080        0x8 ./startup/startup_mk66f18.o
                0x00003080                UART3_RX_TX_IRQHandler
 .text.UART3_ERR_IRQHandler
                0x00003088        0x8 ./startup/startup_mk66f18.o
                0x00003088                UART3_ERR_IRQHandler
 .text.ADC0_IRQHandler
                0x00003090        0x8 ./startup/startup_mk66f18.o
                0x00003090                ADC0_IRQHandler
 .text.CMP0_IRQHandler
                0x00003098        0x8 ./startup/startup_mk66f18.o
                0x00003098                CMP0_IRQHandler
 .text.CMP1_IRQHandler
                0x000030a0        0x8 ./startup/startup_mk66f18.o
                0x000030a0                CMP1_IRQHandler
 .text.FTM0_IRQHandler
                0x000030a8        0x8 ./startup/startup_mk66f18.o
                0x000030a8                FTM0_IRQHandler
 .text.FTM1_IRQHandler
                0x000030b0        0x8 ./startup/startup_mk66f18.o
                0x000030b0                FTM1_IRQHandler
 .text.FTM2_IRQHandler
                0x000030b8        0x8 ./startup/startup_mk66f18.o
                0x000030b8                FTM2_IRQHandler
 .text.CMT_IRQHandler
                0x000030c0        0x8 ./startup/startup_mk66f18.o
                0x000030c0                CMT_IRQHandler
 .text.RTC_IRQHandler
                0x000030c8        0x8 ./startup/startup_mk66f18.o
                0x000030c8                RTC_IRQHandler
 .text.RTC_Seconds_IRQHandler
                0x000030d0        0x8 ./startup/startup_mk66f18.o
                0x000030d0                RTC_Seconds_IRQHandler
 .text.PIT1_IRQHandler
                0x000030d8        0x8 ./startup/startup_mk66f18.o
                0x000030d8                PIT1_IRQHandler
 .text.PIT2_IRQHandler
                0x000030e0        0x8 ./startup/startup_mk66f18.o
                0x000030e0                PIT2_IRQHandler
 .text.PIT3_IRQHandler
                0x000030e8        0x8 ./startup/startup_mk66f18.o
                0x000030e8                PIT3_IRQHandler
 .text.PDB0_IRQHandler
                0x000030f0        0x8 ./startup/startup_mk66f18.o
                0x000030f0                PDB0_IRQHandler
 .text.USB0_IRQHandler
                0x000030f8        0x8 ./startup/startup_mk66f18.o
                0x000030f8                USB0_IRQHandler
 .text.USBDCD_IRQHandler
                0x00003100        0x8 ./startup/startup_mk66f18.o
                0x00003100                USBDCD_IRQHandler
 .text.Reserved71_IRQHandler
                0x00003108        0x8 ./startup/startup_mk66f18.o
                0x00003108                Reserved71_IRQHandler
 .text.DAC0_IRQHandler
                0x00003110        0x8 ./startup/startup_mk66f18.o
                0x00003110                DAC0_IRQHandler
 .text.MCG_IRQHandler
                0x00003118        0x8 ./startup/startup_mk66f18.o
                0x00003118                MCG_IRQHandler
 .text.LPTMR0_IRQHandler
                0x00003120        0x8 ./startup/startup_mk66f18.o
                0x00003120                LPTMR0_IRQHandler
 .text.SWI_IRQHandler
                0x00003128        0x8 ./startup/startup_mk66f18.o
                0x00003128                SWI_IRQHandler
 .text.SPI2_IRQHandler
                0x00003130        0x8 ./startup/startup_mk66f18.o
                0x00003130                SPI2_IRQHandler
 .text.UART4_RX_TX_IRQHandler
                0x00003138        0x8 ./startup/startup_mk66f18.o
                0x00003138                UART4_RX_TX_IRQHandler
 .text.UART4_ERR_IRQHandler
                0x00003140        0x8 ./startup/startup_mk66f18.o
                0x00003140                UART4_ERR_IRQHandler
 .text.Reserved84_IRQHandler
                0x00003148        0x8 ./startup/startup_mk66f18.o
                0x00003148                Reserved84_IRQHandler
 .text.Reserved85_IRQHandler
                0x00003150        0x8 ./startup/startup_mk66f18.o
                0x00003150                Reserved85_IRQHandler
 .text.CMP2_IRQHandler
                0x00003158        0x8 ./startup/startup_mk66f18.o
                0x00003158                CMP2_IRQHandler
 .text.FTM3_IRQHandler
                0x00003160        0x8 ./startup/startup_mk66f18.o
                0x00003160                FTM3_IRQHandler
 .text.DAC1_IRQHandler
                0x00003168        0x8 ./startup/startup_mk66f18.o
                0x00003168                DAC1_IRQHandler
 .text.ADC1_IRQHandler
                0x00003170        0x8 ./startup/startup_mk66f18.o
                0x00003170                ADC1_IRQHandler
 .text.I2C2_IRQHandler
                0x00003178        0x8 ./startup/startup_mk66f18.o
                0x00003178                I2C2_IRQHandler
 .text.CAN0_ORed_Message_buffer_IRQHandler
                0x00003180        0x8 ./startup/startup_mk66f18.o
                0x00003180                CAN0_ORed_Message_buffer_IRQHandler
 .text.CAN0_Bus_Off_IRQHandler
                0x00003188        0x8 ./startup/startup_mk66f18.o
                0x00003188                CAN0_Bus_Off_IRQHandler
 .text.CAN0_Error_IRQHandler
                0x00003190        0x8 ./startup/startup_mk66f18.o
                0x00003190                CAN0_Error_IRQHandler
 .text.CAN0_Tx_Warning_IRQHandler
                0x00003198        0x8 ./startup/startup_mk66f18.o
                0x00003198                CAN0_Tx_Warning_IRQHandler
 .text.CAN0_Rx_Warning_IRQHandler
                0x000031a0        0x8 ./startup/startup_mk66f18.o
                0x000031a0                CAN0_Rx_Warning_IRQHandler
 .text.CAN0_Wake_Up_IRQHandler
                0x000031a8        0x8 ./startup/startup_mk66f18.o
                0x000031a8                CAN0_Wake_Up_IRQHandler
 .text.SDHC_IRQHandler
                0x000031b0        0x8 ./startup/startup_mk66f18.o
                0x000031b0                SDHC_IRQHandler
 .text.ENET_1588_Timer_IRQHandler
                0x000031b8        0x8 ./startup/startup_mk66f18.o
                0x000031b8                ENET_1588_Timer_IRQHandler
 .text.ENET_Transmit_IRQHandler
                0x000031c0        0x8 ./startup/startup_mk66f18.o
                0x000031c0                ENET_Transmit_IRQHandler
 .text.ENET_Receive_IRQHandler
                0x000031c8        0x8 ./startup/startup_mk66f18.o
                0x000031c8                ENET_Receive_IRQHandler
 .text.ENET_Error_IRQHandler
                0x000031d0        0x8 ./startup/startup_mk66f18.o
                0x000031d0                ENET_Error_IRQHandler
 .text.LPUART0_IRQHandler
                0x000031d8        0x8 ./startup/startup_mk66f18.o
                0x000031d8                LPUART0_IRQHandler
 .text.TSI0_IRQHandler
                0x000031e0        0x8 ./startup/startup_mk66f18.o
                0x000031e0                TSI0_IRQHandler
 .text.TPM1_IRQHandler
                0x000031e8        0x8 ./startup/startup_mk66f18.o
                0x000031e8                TPM1_IRQHandler
 .text.TPM2_IRQHandler
                0x000031f0        0x8 ./startup/startup_mk66f18.o
                0x000031f0                TPM2_IRQHandler
 .text.USBHSDCD_IRQHandler
                0x000031f8        0x8 ./startup/startup_mk66f18.o
                0x000031f8                USBHSDCD_IRQHandler
 .text.I2C3_IRQHandler
                0x00003200        0x8 ./startup/startup_mk66f18.o
                0x00003200                I2C3_IRQHandler
 .text.CMP3_IRQHandler
                0x00003208        0x8 ./startup/startup_mk66f18.o
                0x00003208                CMP3_IRQHandler
 .text.USBHS_IRQHandler
                0x00003210        0x8 ./startup/startup_mk66f18.o
                0x00003210                USBHS_IRQHandler
 .text.CAN1_ORed_Message_buffer_IRQHandler
                0x00003218        0x8 ./startup/startup_mk66f18.o
                0x00003218                CAN1_ORed_Message_buffer_IRQHandler
 .text.CAN1_Bus_Off_IRQHandler
                0x00003220        0x8 ./startup/startup_mk66f18.o
                0x00003220                CAN1_Bus_Off_IRQHandler
 .text.CAN1_Error_IRQHandler
                0x00003228        0x8 ./startup/startup_mk66f18.o
                0x00003228                CAN1_Error_IRQHandler
 .text.CAN1_Tx_Warning_IRQHandler
                0x00003230        0x8 ./startup/startup_mk66f18.o
                0x00003230                CAN1_Tx_Warning_IRQHandler
 .text.CAN1_Rx_Warning_IRQHandler
                0x00003238        0x8 ./startup/startup_mk66f18.o
                0x00003238                CAN1_Rx_Warning_IRQHandler
 .text.CAN1_Wake_Up_IRQHandler
                0x00003240        0x8 ./startup/startup_mk66f18.o
                0x00003240                CAN1_Wake_Up_IRQHandler
 .text.HardFault_Handler
                0x00003248       0x36 ./source/semihost_hardfault.o
                0x00003248                HardFault_Handler
 .text.EnableIRQ
                0x0000327e       0x32 ./myDrivers/SAE/App.o
 .text.DisableIRQ
                0x000032b0       0x32 ./myDrivers/SAE/App.o
 .text.delay    0x000032e2       0x2a ./myDrivers/SAE/App.o
                0x000032e2                delay
 .text.SO_Init  0x0000330c        0xc ./myDrivers/SAE/SO.o
                0x0000330c                SO_Init
 .text.EnableIRQ
                0x00003318       0x32 ./myDrivers/Peripherics/GPIO.o
 .text.EnableIRQ
                0x0000334a       0x32 ./myDrivers/Peripherics/Low_Power.o
 .text.CLOCK_EnableClock
                0x0000337c       0x34 ./drivers/fsl_clock.o
 .text.CLOCK_DisableClock
                0x000033b0       0x38 ./drivers/fsl_clock.o
 .text.OSC_SetExtRefClkConfig
                0x000033e8       0x40 ./drivers/fsl_clock.o
 .text.OSC_SetCapLoad
                0x00003428       0x34 ./drivers/fsl_clock.o
 .text.CLOCK_GetPll0RefFreq
                0x0000345c        0xe ./drivers/fsl_clock.o
 .text.SMC_SetPowerModeHsrun
                0x0000346a       0x32 ./drivers/fsl_smc.o
                0x0000346a                SMC_SetPowerModeHsrun
 .text.CLOCK_EnableClock
                0x0000349c       0x34 ./drivers/fsl_uart.o
 .text.UART_WriteBlocking
                0x000034d0       0x50 ./drivers/fsl_uart.o
                0x000034d0                UART_WriteBlocking
 .text.UART0_RX_TX_DriverIRQHandler
                0x00003520       0x12 ./drivers/fsl_uart.o
                0x00003520                UART0_RX_TX_DriverIRQHandler
 .text.UART1_RX_TX_DriverIRQHandler
                0x00003532       0x12 ./drivers/fsl_uart.o
                0x00003532                UART1_RX_TX_DriverIRQHandler
 .text.UART2_RX_TX_DriverIRQHandler
                0x00003544       0x12 ./drivers/fsl_uart.o
                0x00003544                UART2_RX_TX_DriverIRQHandler
 .text.UART3_RX_TX_DriverIRQHandler
                0x00003556       0x12 ./drivers/fsl_uart.o
                0x00003556                UART3_RX_TX_DriverIRQHandler
 .text.UART4_RX_TX_DriverIRQHandler
                0x00003568       0x12 ./drivers/fsl_uart.o
                0x00003568                UART4_RX_TX_DriverIRQHandler
 .text.SystemInitHook
                0x0000357a        0xe ./device/system_MK66F18.o
                0x0000357a                SystemInitHook
 .text.HAL_UartGetStatus
                0x00003588       0x22 ./component/uart/fsl_adapter_uart.o
 .text.DisableGlobalIRQ
                0x000035aa       0x22 ./component/serial_manager/fsl_component_serial_manager.o
 .text.EnableGlobalIRQ
                0x000035cc       0x20 ./component/serial_manager/fsl_component_serial_manager.o
 .text.SerialManager_StartWriting
                0x000035ec       0x38 ./component/serial_manager/fsl_component_serial_manager.o
 .text.SerialManager_Write
                0x00003624       0x44 ./component/serial_manager/fsl_component_serial_manager.o
 .text.SerialManager_Init
                0x00003668       0x60 ./component/serial_manager/fsl_component_serial_manager.o
                0x00003668                SerialManager_Init
 .text.SerialManager_OpenWriteHandle
                0x000036c8       0x50 ./component/serial_manager/fsl_component_serial_manager.o
                0x000036c8                SerialManager_OpenWriteHandle
 .text.SerialManager_OpenReadHandle
                0x00003718       0x60 ./component/serial_manager/fsl_component_serial_manager.o
                0x00003718                SerialManager_OpenReadHandle
 .text.SerialManager_WriteBlocking
                0x00003778       0x20 ./component/serial_manager/fsl_component_serial_manager.o
                0x00003778                SerialManager_WriteBlocking
 .text.Serial_UartInit
                0x00003798       0x3e ./component/serial_manager/fsl_component_serial_port_uart.o
                0x00003798                Serial_UartInit
 .text.Serial_UartWrite
                0x000037d6       0x38 ./component/serial_manager/fsl_component_serial_port_uart.o
                0x000037d6                Serial_UartWrite
 .text.BOARD_InitDebugConsole
                0x0000380e       0x22 ./board/board.o
                0x0000380e                BOARD_InitDebugConsole
 .text.CLOCK_EnableClock
                0x00003830       0x34 ./board/clock_config.o
 .text.CLOCK_DisableClock
                0x00003864       0x38 ./board/clock_config.o
 .text.SMC_SetPowerModeProtection
                0x0000389c       0x1e ./board/clock_config.o
 .text.SMC_GetPowerModeState
                0x000038ba       0x1a ./board/clock_config.o
 .text.RTC_SetOscCapLoad
                0x000038d4       0x32 ./board/clock_config.o
 .text.BOARD_InitBootClocks
                0x00003906        0xc ./board/clock_config.o
                0x00003906                BOARD_InitBootClocks
 .text.BOARD_InitPeripherals
                0x00003912        0xe ./board/peripherals.o
                0x00003912                BOARD_InitPeripherals
 .text.BOARD_InitBootPeripherals
                0x00003920        0xc ./board/peripherals.o
                0x00003920                BOARD_InitBootPeripherals
 .text.CLOCK_EnableClock
                0x0000392c       0x34 ./board/pin_mux.o
 .text.PORT_SetPinMux
                0x00003960       0x3a ./board/pin_mux.o
 .text.BOARD_InitBootPins
                0x0000399a       0x10 ./board/pin_mux.o
                0x0000399a                BOARD_InitBootPins
 .text.__main   0x000039aa        0xe /usr/local/mcuxpressoide-24.9.25/ide/plugins/com.nxp.mcuxpresso.tools.linux_24.9.0.202407110857/tools/bin/../lib/gcc/arm-none-eabi/13.2.1/../../../../arm-none-eabi/lib/thumb/v7e-m+fp/hard/libcr_nohost_nf.a(_cr__main.o)
                0x000039aa                __main
 .text.__sys_appexit
                0x000039b8        0x2 /usr/local/mcuxpressoide-24.9.25/ide/plugins/com.nxp.mcuxpresso.tools.linux_24.9.0.202407110857/tools/bin/../lib/gcc/arm-none-eabi/13.2.1/../../../../arm-none-eabi/lib/thumb/v7e-m+fp/hard/libcr_nohost_nf.a(__sys_appexit.o)
                0x000039b8                __exit
                0x000039b8                __sys_appexit
 .text.memcpy   0x000039ba        0x4 /usr/local/mcuxpressoide-24.9.25/ide/plugins/com.nxp.mcuxpresso.tools.linux_24.9.0.202407110857/tools/bin/../lib/gcc/arm-none-eabi/13.2.1/../../../../arm-none-eabi/lib/thumb/v7e-m+fp/hard/libcr_c.a(memcpy.o)
                0x000039ba                memcpy
 .text.memset   0x000039be        0x4 /usr/local/mcuxpressoide-24.9.25/ide/plugins/com.nxp.mcuxpresso.tools.linux_24.9.0.202407110857/tools/bin/../lib/gcc/arm-none-eabi/13.2.1/../../../../arm-none-eabi/lib/thumb/v7e-m+fp/hard/libcr_c.a(memset.o)
                0x000039be                memset
 .text._deferredlazyseek
                0x000039c2       0x40 /usr/local/mcuxpressoide-24.9.25/ide/plugins/com.nxp.mcuxpresso.tools.linux_24.9.0.202407110857/tools/bin/../lib/gcc/arm-none-eabi/13.2.1/../../../../arm-none-eabi/lib/thumb/v7e-m+fp/hard/libcr_c.a(_deferredlazyseek.o)
                0x000039c2                _deferredlazyseek
 .text.__flsbuf
                0x00003a02      0x126 /usr/local/mcuxpressoide-24.9.25/ide/plugins/com.nxp.mcuxpresso.tools.linux_24.9.0.202407110857/tools/bin/../lib/gcc/arm-none-eabi/13.2.1/../../../../arm-none-eabi/lib/thumb/v7e-m+fp/hard/libcr_c.a(_deferredlazyseek.o)
                0x00003a02                __flsbuf
 .text._fflush  0x00003b28       0x52 /usr/local/mcuxpressoide-24.9.25/ide/plugins/com.nxp.mcuxpresso.tools.linux_24.9.0.202407110857/tools/bin/../lib/gcc/arm-none-eabi/13.2.1/../../../../arm-none-eabi/lib/thumb/v7e-m+fp/hard/libcr_c.a(_fflush.o)
                0x00003b28                _fflush
 .text.free     0x00003b7a       0x30 /usr/local/mcuxpressoide-24.9.25/ide/plugins/com.nxp.mcuxpresso.tools.linux_24.9.0.202407110857/tools/bin/../lib/gcc/arm-none-eabi/13.2.1/../../../../arm-none-eabi/lib/thumb/v7e-m+fp/hard/libcr_c.a(alloc.o)
                0x00003b7a                free
 .text.fputs    0x00003baa       0x2c /usr/local/mcuxpressoide-24.9.25/ide/plugins/com.nxp.mcuxpresso.tools.linux_24.9.0.202407110857/tools/bin/../lib/gcc/arm-none-eabi/13.2.1/../../../../arm-none-eabi/lib/thumb/v7e-m+fp/hard/libcr_c.a(fputs.o)
                0x00003baa                fputs
 .text.setvbuf  0x00003bd6       0x3e /usr/local/mcuxpressoide-24.9.25/ide/plugins/com.nxp.mcuxpresso.tools.linux_24.9.0.202407110857/tools/bin/../lib/gcc/arm-none-eabi/13.2.1/../../../../arm-none-eabi/lib/thumb/v7e-m+fp/hard/libcr_c.a(setvbuf.o)
                0x00003bd6                setvbuf
 .text.strlen   0x00003c14       0x4e /usr/local/mcuxpressoide-24.9.25/ide/plugins/com.nxp.mcuxpresso.tools.linux_24.9.0.202407110857/tools/bin/../lib/gcc/arm-none-eabi/13.2.1/../../../../arm-none-eabi/lib/thumb/v7e-m+fp/hard/libcr_c.a(strlen.o)
                0x00003c14                strlen
 .text._fdopen  0x00003c62       0x68 /usr/local/mcuxpressoide-24.9.25/ide/plugins/com.nxp.mcuxpresso.tools.linux_24.9.0.202407110857/tools/bin/../lib/gcc/arm-none-eabi/13.2.1/../../../../arm-none-eabi/lib/thumb/v7e-m+fp/hard/libcr_c.a(_fdopen.o)
                0x00003c62                _fdopen
 .text.fclose   0x00003cca       0x58 /usr/local/mcuxpressoide-24.9.25/ide/plugins/com.nxp.mcuxpresso.tools.linux_24.9.0.202407110857/tools/bin/../lib/gcc/arm-none-eabi/13.2.1/../../../../arm-none-eabi/lib/thumb/v7e-m+fp/hard/libcr_c.a(fclose.o)
                0x00003cca                fclose
 .text.remove   0x00003d22       0x14 /usr/local/mcuxpressoide-24.9.25/ide/plugins/com.nxp.mcuxpresso.tools.linux_24.9.0.202407110857/tools/bin/../lib/gcc/arm-none-eabi/13.2.1/../../../../arm-none-eabi/lib/thumb/v7e-m+fp/hard/libcr_c.a(remove.o)
                0x00003d22                remove
 .text._do_fflush
                0x00003d36       0x40 /usr/local/mcuxpressoide-24.9.25/ide/plugins/com.nxp.mcuxpresso.tools.linux_24.9.0.202407110857/tools/bin/../lib/gcc/arm-none-eabi/13.2.1/../../../../arm-none-eabi/lib/thumb/v7e-m+fp/hard/libcr_c.a(_do_fflush.o)
                0x00003d36                _do_fflush
 .text.__aeabi_memcpy
                0x00003d76       0x34 /usr/local/mcuxpressoide-24.9.25/ide/plugins/com.nxp.mcuxpresso.tools.linux_24.9.0.202407110857/tools/bin/../lib/gcc/arm-none-eabi/13.2.1/thumb/v7e-m+fp/hard/libcr_eabihelpers.a(memcpy.o)
                0x00003d76                __aeabi_memcpy
                0x00003d80                __aeabi_memcpy4
                0x00003d80                __aeabi_memcpy8
 .text.__aeabi_memset_lowlevel
                0x00003daa       0x32 /usr/local/mcuxpressoide-24.9.25/ide/plugins/com.nxp.mcuxpresso.tools.linux_24.9.0.202407110857/tools/bin/../lib/gcc/arm-none-eabi/13.2.1/thumb/v7e-m+fp/hard/libcr_eabihelpers.a(memcpy.o)
                0x00003daa                __aeabi_lowlevel_memset
 .text.__sys_close
                0x00003ddc        0x6 /usr/local/mcuxpressoide-24.9.25/ide/plugins/com.nxp.mcuxpresso.tools.linux_24.9.0.202407110857/tools/bin/../lib/gcc/arm-none-eabi/13.2.1/../../../../arm-none-eabi/lib/thumb/v7e-m+fp/hard/libcr_nohost_nf.a(__sys_close.o)
                0x00003ddc                __sys_close
 .text.__sys_flen
                0x00003de2        0x6 /usr/local/mcuxpressoide-24.9.25/ide/plugins/com.nxp.mcuxpresso.tools.linux_24.9.0.202407110857/tools/bin/../lib/gcc/arm-none-eabi/13.2.1/../../../../arm-none-eabi/lib/thumb/v7e-m+fp/hard/libcr_nohost_nf.a(__sys_flen.o)
                0x00003de2                __sys_flen
 .text.__sys_istty
                0x00003de8        0x6 /usr/local/mcuxpressoide-24.9.25/ide/plugins/com.nxp.mcuxpresso.tools.linux_24.9.0.202407110857/tools/bin/../lib/gcc/arm-none-eabi/13.2.1/../../../../arm-none-eabi/lib/thumb/v7e-m+fp/hard/libcr_nohost_nf.a(__sys_istty.o)
                0x00003de8                __sys_istty
 .text.__sys_remove
                0x00003dee        0x6 /usr/local/mcuxpressoide-24.9.25/ide/plugins/com.nxp.mcuxpresso.tools.linux_24.9.0.202407110857/tools/bin/../lib/gcc/arm-none-eabi/13.2.1/../../../../arm-none-eabi/lib/thumb/v7e-m+fp/hard/libcr_nohost_nf.a(__sys_remove.o)
                0x00003dee                __sys_remove
 .text.__sys_seek
                0x00003df4        0x6 /usr/local/mcuxpressoide-24.9.25/ide/plugins/com.nxp.mcuxpresso.tools.linux_24.9.0.202407110857/tools/bin/../lib/gcc/arm-none-eabi/13.2.1/../../../../arm-none-eabi/lib/thumb/v7e-m+fp/hard/libcr_nohost_nf.a(__sys_seek.o)
                0x00003df4                __sys_seek
 .text.__sys_tmpnam
                0x00003dfa        0x6 /usr/local/mcuxpressoide-24.9.25/ide/plugins/com.nxp.mcuxpresso.tools.linux_24.9.0.202407110857/tools/bin/../lib/gcc/arm-none-eabi/13.2.1/../../../../arm-none-eabi/lib/thumb/v7e-m+fp/hard/libcr_nohost_nf.a(__sys_tmpnam.o)
                0x00003dfa                __sys_tmpnam
 .text.__sys_write
                0x00003e00        0x4 /usr/local/mcuxpressoide-24.9.25/ide/plugins/com.nxp.mcuxpresso.tools.linux_24.9.0.202407110857/tools/bin/../lib/gcc/arm-none-eabi/13.2.1/../../../../arm-none-eabi/lib/thumb/v7e-m+fp/hard/libcr_nohost_nf.a(__sys_write.o)
                0x00003e00                __sys_write
 *(SORT_BY_ALIGNMENT(.rodata) SORT_BY_ALIGNMENT(.rodata.*) SORT_BY_ALIGNMENT(.constdata) SORT_BY_ALIGNMENT(.constdata.*))
 .rodata.PIT0_IRQHandler.str1.4
                0x00003e04      0x3de ./myDrivers/SAE/SO.o
                                 0x20 (size before relaxing)
 .rodata.CLOCK_GetMcgExtClkFreq.str1.4
                0x000041e2       0x49 ./drivers/fsl_clock.o
 .rodata.CLOCK_EnableUsbfs0Clock.str1.4
                0x000041e2       0x2d ./drivers/fsl_clock.o
 .rodata.CLOCK_GetPll0Freq.str1.4
                0x000041e2       0x1d ./drivers/fsl_clock.o
 .rodata.CLOCK_EnablePll0.str1.4
                0x000041e2       0x1a ./drivers/fsl_clock.o
 .rodata.CLOCK_SetPbeMode.str1.4
                0x000041e2       0x1a ./drivers/fsl_clock.o
 .rodata.CLOCK_BootToPeeMode.str1.4
                0x000041e2       0x1a ./drivers/fsl_clock.o
 *fill*         0x000041e2        0x2 ff
 .rodata.fllFactorTable.1
                0x000041e4       0x10 ./drivers/fsl_clock.o
 .rodata.s_uartBases
                0x000041f4       0x14 ./drivers/fsl_uart.o
 .rodata.s_uartClock
                0x00004208       0x14 ./drivers/fsl_uart.o
 .rodata.UART_GetInstance.str1.4
                0x0000421c       0x2b ./drivers/fsl_uart.o
 .rodata.UART_Init.str1.4
                0x0000421c       0xfb ./drivers/fsl_uart.o
 .rodata.UART_GetDefaultConfig.str1.4
                0x0000421c       0x20 ./drivers/fsl_uart.o
 .rodata.s_UartAdapterBase
                0x0000421c       0x14 ./component/uart/fsl_adapter_uart.o
 .rodata.HAL_UartInit.str1.4
                0x00004230       0xdd ./component/uart/fsl_adapter_uart.o
 .rodata.HAL_UartSendBlocking.str1.4
                0x00004230       0x60 ./component/uart/fsl_adapter_uart.o
 .rodata.mcgConfig_BOARD_BootClockHSRUN
                0x00004230        0xc ./board/clock_config.o
                0x00004230                mcgConfig_BOARD_BootClockHSRUN
 .rodata.simConfig_BOARD_BootClockHSRUN
                0x0000423c        0x8 ./board/clock_config.o
                0x0000423c                simConfig_BOARD_BootClockHSRUN
 .rodata.oscConfig_BOARD_BootClockHSRUN
                0x00004244        0x8 ./board/clock_config.o
                0x00004244                oscConfig_BOARD_BootClockHSRUN
 .rodata.PORT_SetPinConfig.str1.4
                0x0000424c       0x42 ./board/pin_mux.o
 .rodata.__num_Ciob_streams
                0x0000424c        0x4 /usr/local/mcuxpressoide-24.9.25/ide/plugins/com.nxp.mcuxpresso.tools.linux_24.9.0.202407110857/tools/bin/../lib/gcc/arm-none-eabi/13.2.1/../../../../arm-none-eabi/lib/thumb/v7e-m+fp/hard/libcr_nohost_nf.a(__ciob.o)
                0x0000424c                __num_Ciob_streams
 .rodata.__assertion_failed.str1.1
                0x00004250       0x31 /usr/local/mcuxpressoide-24.9.25/ide/plugins/com.nxp.mcuxpresso.tools.linux_24.9.0.202407110857/tools/bin/../lib/gcc/arm-none-eabi/13.2.1/../../../../arm-none-eabi/lib/thumb/v7e-m+fp/hard/libcr_nohost_nf.a(_cr_assert.o)
                                 0x15 (size before relaxing)
 .rodata._Csys_alloc.str1.1
                0x00004281       0x18 /usr/local/mcuxpressoide-24.9.25/ide/plugins/com.nxp.mcuxpresso.tools.linux_24.9.0.202407110857/tools/bin/../lib/gcc/arm-none-eabi/13.2.1/../../../../arm-none-eabi/lib/thumb/v7e-m+fp/hard/libcr_c.a(alloc.o)
 .rodata._initio.str1.1
                0x00004281        0x4 /usr/local/mcuxpressoide-24.9.25/ide/plugins/com.nxp.mcuxpresso.tools.linux_24.9.0.202407110857/tools/bin/../lib/gcc/arm-none-eabi/13.2.1/../../../../arm-none-eabi/lib/thumb/v7e-m+fp/hard/libcr_c.a(initio.o)
                0x00004318                        . = ALIGN (0x8)
 *fill*         0x00004281        0x7 ff

.glue_7         0x00004288        0x0
 .glue_7        0x00004288        0x0 linker stubs

.glue_7t        0x00004288        0x0
 .glue_7t       0x00004288        0x0 linker stubs

.vfp11_veneer   0x00004288        0x0
 .vfp11_veneer  0x00004288        0x0 linker stubs

.v4_bx          0x00004288        0x0
 .v4_bx         0x00004288        0x0 linker stubs

.iplt           0x00004288        0x0
 .iplt          0x00004288        0x0 ./utilities/fsl_debug_console.o

.rel.dyn        0x00004288        0x0
 .rel.iplt      0x00004288        0x0 ./utilities/fsl_debug_console.o

.ARM.extab
 *(SORT_BY_ALIGNMENT(.ARM.extab*) SORT_BY_ALIGNMENT(.gnu.linkonce.armextab.*))

.ARM.exidx      0x00004288        0x0
                0x00004288                        __exidx_start = .
 *(SORT_BY_ALIGNMENT(.ARM.exidx*) SORT_BY_ALIGNMENT(.gnu.linkonce.armexidx.*))
                0x00004288                        __exidx_end = .
                0x00004288                        _etext = .

.m_usb_data
 *(SORT_BY_ALIGNMENT(m_usb_bdt))

.data_RAM2      0x1fff0000        0x0 load address 0x00004288
 FILL mask 0xff
                [!provide]                        PROVIDE (__start_data_RAM2 = .)
                [!provide]                        PROVIDE (__start_data_SRAM_LOWER = .)
 *(SORT_BY_ALIGNMENT(.ramfunc.$RAM2))
 *(SORT_BY_ALIGNMENT(.ramfunc.$SRAM_LOWER))
 *(SORT_BY_ALIGNMENT(.data.$RAM2))
 *(SORT_BY_ALIGNMENT(.data.$SRAM_LOWER))
 *(SORT_BY_ALIGNMENT(.data.$RAM2.*))
 *(SORT_BY_ALIGNMENT(.data.$SRAM_LOWER.*))
                0x1fff0000                        . = ALIGN (0x8)
                [!provide]                        PROVIDE (__end_data_RAM2 = .)
                [!provide]                        PROVIDE (__end_data_SRAM_LOWER = .)

.data_RAM3      0x14000000        0x0 load address 0x00004288
 FILL mask 0xff
                [!provide]                        PROVIDE (__start_data_RAM3 = .)
                [!provide]                        PROVIDE (__start_data_FLEX_RAM = .)
 *(SORT_BY_ALIGNMENT(.ramfunc.$RAM3))
 *(SORT_BY_ALIGNMENT(.ramfunc.$FLEX_RAM))
 *(SORT_BY_ALIGNMENT(.data.$RAM3))
 *(SORT_BY_ALIGNMENT(.data.$FLEX_RAM))
 *(SORT_BY_ALIGNMENT(.data.$RAM3.*))
 *(SORT_BY_ALIGNMENT(.data.$FLEX_RAM.*))
                0x14000000                        . = ALIGN (0x8)
                [!provide]                        PROVIDE (__end_data_RAM3 = .)
                [!provide]                        PROVIDE (__end_data_FLEX_RAM = .)

.uninit_RESERVED
                0x20000000        0x0
                0x20000000                        _start_uninit_RESERVED = .
 *(SORT_BY_ALIGNMENT(.bss.$RESERVED*))
                0x20000000                        . = ALIGN (0x8)
                0x20000000                        _end_uninit_RESERVED = .

.data           0x20000000       0x10 load address 0x00004288
 FILL mask 0xff
                0x20000000                        _data = .
                [!provide]                        PROVIDE (__start_data_RAM = .)
                [!provide]                        PROVIDE (__start_data_SRAM_UPPER = .)
 *(SORT_BY_ALIGNMENT(vtable))
 *(SORT_BY_ALIGNMENT(.ramfunc*))
 *(SORT_BY_ALIGNMENT(CodeQuickAccess))
 *(SORT_BY_ALIGNMENT(DataQuickAccess))
 *(SORT_BY_ALIGNMENT(RamFunction))
 *(SORT_BY_ALIGNMENT(.data*))
 .data.s_slowIrcFreq
                0x20000000        0x4 ./drivers/fsl_clock.o
 .data.s_fastIrcFreq
                0x20000004        0x4 ./drivers/fsl_clock.o
 .data.SystemCoreClock
                0x20000008        0x4 ./device/system_MK66F18.o
                0x20000008                SystemCoreClock
                0x20000010                        . = ALIGN (0x8)
 *fill*         0x2000000c        0x4 ff
                0x20000010                        _edata = .
                [!provide]                        PROVIDE (__end_data_RAM = .)
                [!provide]                        PROVIDE (__end_data_SRAM_UPPER = .)

.igot.plt       0x20000010        0x0 load address 0x00004298
 .igot.plt      0x20000010        0x0 ./utilities/fsl_debug_console.o

.bss_RAM2       0x1fff0000        0x0
                [!provide]                        PROVIDE (__start_bss_RAM2 = .)
                [!provide]                        PROVIDE (__start_bss_SRAM_LOWER = .)
 *(SORT_BY_ALIGNMENT(.bss.$RAM2))
 *(SORT_BY_ALIGNMENT(.bss.$SRAM_LOWER))
 *(SORT_BY_ALIGNMENT(.bss.$RAM2.*))
 *(SORT_BY_ALIGNMENT(.bss.$SRAM_LOWER.*))
                0x1fff0000                        . = ALIGN ((. != 0x0)?0x8:0x1)
                [!provide]                        PROVIDE (__end_bss_RAM2 = .)
                [!provide]                        PROVIDE (__end_bss_SRAM_LOWER = .)

.bss_RAM3       0x14000000        0x0
                [!provide]                        PROVIDE (__start_bss_RAM3 = .)
                [!provide]                        PROVIDE (__start_bss_FLEX_RAM = .)
 *(SORT_BY_ALIGNMENT(.bss.$RAM3))
 *(SORT_BY_ALIGNMENT(.bss.$FLEX_RAM))
 *(SORT_BY_ALIGNMENT(.bss.$RAM3.*))
 *(SORT_BY_ALIGNMENT(.bss.$FLEX_RAM.*))
                0x14000000                        . = ALIGN ((. != 0x0)?0x8:0x1)
                [!provide]                        PROVIDE (__end_bss_RAM3 = .)
                [!provide]                        PROVIDE (__end_bss_FLEX_RAM = .)

.bss            0x20000010      0x138
                0x20000010                        _bss = .
                [!provide]                        PROVIDE (__start_bss_RAM = .)
                [!provide]                        PROVIDE (__start_bss_SRAM_UPPER = .)
 *(SORT_BY_ALIGNMENT(.bss*))
 .bss.s_debugConsoleState
                0x20000010       0x20 ./utilities/fsl_debug_console.o
 .bss.g_serialHandle
                0x20000030        0x4 ./utilities/fsl_debug_console.o
                0x20000030                g_serialHandle
 .bss.list_a    0x20000034        0x4 ./myDrivers/SAE/SO.o
                0x20000034                list_a
 .bss.list      0x20000038        0xc ./myDrivers/SAE/SO.o
                0x20000038                list
 .bss.s_extPllFreq
                0x20000044        0x4 ./drivers/fsl_clock.o
 .bss.g_xtal0Freq
                0x20000048        0x4 ./drivers/fsl_clock.o
                0x20000048                g_xtal0Freq
 .bss.g_xtal32Freq
                0x2000004c        0x4 ./drivers/fsl_clock.o
                0x2000004c                g_xtal32Freq
 .bss.s_i2cHandle
                0x20000050       0x10 ./drivers/fsl_i2c.o
 .bss.s_i2cMasterIsr
                0x20000060        0x4 ./drivers/fsl_i2c.o
 .bss.s_i2cSlaveIsr
                0x20000064        0x4 ./drivers/fsl_i2c.o
 .bss.s_uartHandle
                0x20000068       0x14 ./drivers/fsl_uart.o
                0x20000068                s_uartHandle
 .bss.s_uartIsr
                0x2000007c        0x4 ./drivers/fsl_uart.o
                0x2000007c                s_uartIsr
 .bss.__Ciob    0x20000080       0xb4 /usr/local/mcuxpressoide-24.9.25/ide/plugins/com.nxp.mcuxpresso.tools.linux_24.9.0.202407110857/tools/bin/../lib/gcc/arm-none-eabi/13.2.1/../../../../arm-none-eabi/lib/thumb/v7e-m+fp/hard/libcr_nohost_nf.a(__ciob.o)
                0x20000080                __Ciob
 .bss.errno     0x20000134        0x4 /usr/local/mcuxpressoide-24.9.25/ide/plugins/com.nxp.mcuxpresso.tools.linux_24.9.0.202407110857/tools/bin/../lib/gcc/arm-none-eabi/13.2.1/../../../../arm-none-eabi/lib/thumb/v7e-m+fp/hard/libcr_c.a(errno.o)
                0x20000134                errno
 .bss.__end_of_heap
                0x20000138        0x4 /usr/local/mcuxpressoide-24.9.25/ide/plugins/com.nxp.mcuxpresso.tools.linux_24.9.0.202407110857/tools/bin/../lib/gcc/arm-none-eabi/13.2.1/../../../../arm-none-eabi/lib/thumb/v7e-m+fp/hard/libcr_c.a(__init_alloc.o)
                0x20000138                __end_of_heap
 .bss.__heaps   0x2000013c        0x4 /usr/local/mcuxpressoide-24.9.25/ide/plugins/com.nxp.mcuxpresso.tools.linux_24.9.0.202407110857/tools/bin/../lib/gcc/arm-none-eabi/13.2.1/../../../../arm-none-eabi/lib/thumb/v7e-m+fp/hard/libcr_c.a(__init_alloc.o)
                0x2000013c                __heaps
 .bss.s_debugConsoleReadWaitSemaphore
                0x20000140        0x1 ./utilities/fsl_debug_console.o
 .bss.UART1_data
                0x20000141        0x1 ./myDrivers/SAE/App.o
                0x20000141                UART1_data
 *(SORT_BY_ALIGNMENT(COMMON))
                0x20000148                        . = ALIGN (0x8)
 *fill*         0x20000142        0x6 
                0x20000148                        _ebss = .
                [!provide]                        PROVIDE (__end_bss_RAM = .)
                [!provide]                        PROVIDE (__end_bss_SRAM_UPPER = .)
                [!provide]                        PROVIDE (end = .)

.noinit_RAM2    0x1fff0000        0x0
                [!provide]                        PROVIDE (__start_noinit_RAM2 = .)
                [!provide]                        PROVIDE (__start_noinit_SRAM_LOWER = .)
 *(SORT_BY_ALIGNMENT(.noinit.$RAM2))
 *(SORT_BY_ALIGNMENT(.noinit.$SRAM_LOWER))
 *(SORT_BY_ALIGNMENT(.noinit.$RAM2.*))
 *(SORT_BY_ALIGNMENT(.noinit.$SRAM_LOWER.*))
                0x1fff0000                        . = ALIGN (0x8)
                [!provide]                        PROVIDE (__end_noinit_RAM2 = .)
                [!provide]                        PROVIDE (__end_noinit_SRAM_LOWER = .)

.noinit_RAM3    0x14000000        0x0
                [!provide]                        PROVIDE (__start_noinit_RAM3 = .)
                [!provide]                        PROVIDE (__start_noinit_FLEX_RAM = .)
 *(SORT_BY_ALIGNMENT(.noinit.$RAM3))
 *(SORT_BY_ALIGNMENT(.noinit.$FLEX_RAM))
 *(SORT_BY_ALIGNMENT(.noinit.$RAM3.*))
 *(SORT_BY_ALIGNMENT(.noinit.$FLEX_RAM.*))
                0x14000000                        . = ALIGN (0x8)
                [!provide]                        PROVIDE (__end_noinit_RAM3 = .)
                [!provide]                        PROVIDE (__end_noinit_FLEX_RAM = .)

.noinit         0x20000148        0x0
                0x20000148                        _noinit = .
                [!provide]                        PROVIDE (__start_noinit_RAM = .)
                [!provide]                        PROVIDE (__start_noinit_SRAM_UPPER = .)
 *(SORT_BY_ALIGNMENT(.noinit*))
                0x20000148                        . = ALIGN (0x8)
                0x20000148                        _end_noinit = .
                [!provide]                        PROVIDE (__end_noinit_RAM = .)
                [!provide]                        PROVIDE (__end_noinit_SRAM_UPPER = .)
                0x00001000                        _HeapSize = 0x1000

.heap           0x20000148     0x1000
                0x20000148                        _pvHeapStart = .
                0x20001148                        . = (. + _HeapSize)
 *fill*         0x20000148     0x1000 
                0x20001148                        . = ALIGN (0x8)
                0x20001148                        _pvHeapLimit = .
                0x00001000                        _StackSize = 0x1000

.heap2stackfill
                0x20001148     0x1000
                0x20002148                        . = (. + _StackSize)
 *fill*         0x20001148     0x1000 

.stack          0x2002f000        0x0
                0x2002f000                        _vStackBase = .
                0x2002f000                        . = ALIGN (0x8)
                0x20030000                        _vStackTop = (. + _StackSize)
                0x00000000                        _image_start = LOADADDR (.text)
                0x00004298                        _image_end = (LOADADDR (.data) + SIZEOF (.data))
                0x00004298                        _image_size = (_image_end - _image_start)
OUTPUT(OSEK_vUART_PWM.axf elf32-littlearm)
LOAD linker stubs

.debug_info     0x00000000    0x14f02
 .debug_info    0x00000000      0xdc9 ./utilities/fsl_debug_console.o
 .debug_info    0x00000dc9      0xb80 ./utilities/fsl_str.o
 .debug_info    0x00001949      0xe97 ./startup/startup_mk66f18.o
 .debug_info    0x000027e0      0x74b ./source/main.o
 .debug_info    0x00002f2b       0x3c ./source/semihost_hardfault.o
 .debug_info    0x00002f67      0xc92 ./myDrivers/SAE/App.o
 .debug_info    0x00003bf9      0xfce ./myDrivers/SAE/SO.o
 .debug_info    0x00004bc7      0x929 ./myDrivers/Peripherics/GPIO.o
 .debug_info    0x000054f0      0x70f ./myDrivers/Peripherics/Low_Power.o
 .debug_info    0x00005bff     0x296f ./drivers/fsl_clock.o
 .debug_info    0x0000856e     0x1f92 ./drivers/fsl_i2c.o
 .debug_info    0x0000a500      0xb86 ./drivers/fsl_smc.o
 .debug_info    0x0000b086     0x20dd ./drivers/fsl_uart.o
 .debug_info    0x0000d163      0xa4e ./device/system_MK66F18.o
 .debug_info    0x0000dbb1      0xbe9 ./component/uart/fsl_adapter_uart.o
 .debug_info    0x0000e79a      0x9c2 ./component/serial_manager/fsl_component_serial_manager.o
 .debug_info    0x0000f15c      0x530 ./component/serial_manager/fsl_component_serial_port_uart.o
 .debug_info    0x0000f68c      0x14b ./board/board.o
 .debug_info    0x0000f7d7     0x17fe ./board/clock_config.o
 .debug_info    0x00010fd5       0x4e ./board/peripherals.o
 .debug_info    0x00011023      0xdc8 ./board/pin_mux.o
 .debug_info    0x00011deb       0x85 /usr/local/mcuxpressoide-24.9.25/ide/plugins/com.nxp.mcuxpresso.tools.linux_24.9.0.202407110857/tools/bin/../lib/gcc/arm-none-eabi/13.2.1/../../../../arm-none-eabi/lib/thumb/v7e-m+fp/hard/libcr_nohost_nf.a(_cr__main.o)
 .debug_info    0x00011e70      0x235 /usr/local/mcuxpressoide-24.9.25/ide/plugins/com.nxp.mcuxpresso.tools.linux_24.9.0.202407110857/tools/bin/../lib/gcc/arm-none-eabi/13.2.1/../../../../arm-none-eabi/lib/thumb/v7e-m+fp/hard/libcr_nohost_nf.a(_cr_assert.o)
 .debug_info    0x000120a5      0x18b /usr/local/mcuxpressoide-24.9.25/ide/plugins/com.nxp.mcuxpresso.tools.linux_24.9.0.202407110857/tools/bin/../lib/gcc/arm-none-eabi/13.2.1/../../../../arm-none-eabi/lib/thumb/v7e-m+fp/hard/libcr_nohost_nf.a(__ciob.o)
 .debug_info    0x00012230       0x38 /usr/local/mcuxpressoide-24.9.25/ide/plugins/com.nxp.mcuxpresso.tools.linux_24.9.0.202407110857/tools/bin/../lib/gcc/arm-none-eabi/13.2.1/../../../../arm-none-eabi/lib/thumb/v7e-m+fp/hard/libcr_nohost_nf.a(__sys_appexit.o)
 .debug_info    0x00012268      0x12b /usr/local/mcuxpressoide-24.9.25/ide/plugins/com.nxp.mcuxpresso.tools.linux_24.9.0.202407110857/tools/bin/../lib/gcc/arm-none-eabi/13.2.1/../../../../arm-none-eabi/lib/thumb/v7e-m+fp/hard/libcr_c.a(memcpy.o)
 .debug_info    0x00012393       0xfc /usr/local/mcuxpressoide-24.9.25/ide/plugins/com.nxp.mcuxpresso.tools.linux_24.9.0.202407110857/tools/bin/../lib/gcc/arm-none-eabi/13.2.1/../../../../arm-none-eabi/lib/thumb/v7e-m+fp/hard/libcr_c.a(memset.o)
 .debug_info    0x0001248f      0x369 /usr/local/mcuxpressoide-24.9.25/ide/plugins/com.nxp.mcuxpresso.tools.linux_24.9.0.202407110857/tools/bin/../lib/gcc/arm-none-eabi/13.2.1/../../../../arm-none-eabi/lib/thumb/v7e-m+fp/hard/libcr_c.a(_deferredlazyseek.o)
 .debug_info    0x000127f8      0x1e3 /usr/local/mcuxpressoide-24.9.25/ide/plugins/com.nxp.mcuxpresso.tools.linux_24.9.0.202407110857/tools/bin/../lib/gcc/arm-none-eabi/13.2.1/../../../../arm-none-eabi/lib/thumb/v7e-m+fp/hard/libcr_c.a(_fflush.o)
 .debug_info    0x000129db      0x289 /usr/local/mcuxpressoide-24.9.25/ide/plugins/com.nxp.mcuxpresso.tools.linux_24.9.0.202407110857/tools/bin/../lib/gcc/arm-none-eabi/13.2.1/../../../../arm-none-eabi/lib/thumb/v7e-m+fp/hard/libcr_c.a(_writebuf.o)
 .debug_info    0x00012c64      0x520 /usr/local/mcuxpressoide-24.9.25/ide/plugins/com.nxp.mcuxpresso.tools.linux_24.9.0.202407110857/tools/bin/../lib/gcc/arm-none-eabi/13.2.1/../../../../arm-none-eabi/lib/thumb/v7e-m+fp/hard/libcr_c.a(alloc.o)
 .debug_info    0x00013184       0x44 /usr/local/mcuxpressoide-24.9.25/ide/plugins/com.nxp.mcuxpresso.tools.linux_24.9.0.202407110857/tools/bin/../lib/gcc/arm-none-eabi/13.2.1/../../../../arm-none-eabi/lib/thumb/v7e-m+fp/hard/libcr_c.a(errno.o)
 .debug_info    0x000131c8      0x1e0 /usr/local/mcuxpressoide-24.9.25/ide/plugins/com.nxp.mcuxpresso.tools.linux_24.9.0.202407110857/tools/bin/../lib/gcc/arm-none-eabi/13.2.1/../../../../arm-none-eabi/lib/thumb/v7e-m+fp/hard/libcr_c.a(fputs.o)
 .debug_info    0x000133a8      0x276 /usr/local/mcuxpressoide-24.9.25/ide/plugins/com.nxp.mcuxpresso.tools.linux_24.9.0.202407110857/tools/bin/../lib/gcc/arm-none-eabi/13.2.1/../../../../arm-none-eabi/lib/thumb/v7e-m+fp/hard/libcr_c.a(fseek.o)
 .debug_info    0x0001361e      0x197 /usr/local/mcuxpressoide-24.9.25/ide/plugins/com.nxp.mcuxpresso.tools.linux_24.9.0.202407110857/tools/bin/../lib/gcc/arm-none-eabi/13.2.1/../../../../arm-none-eabi/lib/thumb/v7e-m+fp/hard/libcr_c.a(ftell.o)
 .debug_info    0x000137b5      0x339 /usr/local/mcuxpressoide-24.9.25/ide/plugins/com.nxp.mcuxpresso.tools.linux_24.9.0.202407110857/tools/bin/../lib/gcc/arm-none-eabi/13.2.1/../../../../arm-none-eabi/lib/thumb/v7e-m+fp/hard/libcr_c.a(initio.o)
 .debug_info    0x00013aee      0x1fd /usr/local/mcuxpressoide-24.9.25/ide/plugins/com.nxp.mcuxpresso.tools.linux_24.9.0.202407110857/tools/bin/../lib/gcc/arm-none-eabi/13.2.1/../../../../arm-none-eabi/lib/thumb/v7e-m+fp/hard/libcr_c.a(setvbuf.o)
 .debug_info    0x00013ceb       0xe1 /usr/local/mcuxpressoide-24.9.25/ide/plugins/com.nxp.mcuxpresso.tools.linux_24.9.0.202407110857/tools/bin/../lib/gcc/arm-none-eabi/13.2.1/../../../../arm-none-eabi/lib/thumb/v7e-m+fp/hard/libcr_c.a(strlen.o)
 .debug_info    0x00013dcc       0xd4 /usr/local/mcuxpressoide-24.9.25/ide/plugins/com.nxp.mcuxpresso.tools.linux_24.9.0.202407110857/tools/bin/../lib/gcc/arm-none-eabi/13.2.1/../../../../arm-none-eabi/lib/thumb/v7e-m+fp/hard/libcr_c.a(__init_alloc.o)
 .debug_info    0x00013ea0      0x107 /usr/local/mcuxpressoide-24.9.25/ide/plugins/com.nxp.mcuxpresso.tools.linux_24.9.0.202407110857/tools/bin/../lib/gcc/arm-none-eabi/13.2.1/../../../../arm-none-eabi/lib/thumb/v7e-m+fp/hard/libcr_c.a(_cr_sbrk.o)
 .debug_info    0x00013fa7      0x24b /usr/local/mcuxpressoide-24.9.25/ide/plugins/com.nxp.mcuxpresso.tools.linux_24.9.0.202407110857/tools/bin/../lib/gcc/arm-none-eabi/13.2.1/../../../../arm-none-eabi/lib/thumb/v7e-m+fp/hard/libcr_c.a(_fdopen.o)
 .debug_info    0x000141f2      0x318 /usr/local/mcuxpressoide-24.9.25/ide/plugins/com.nxp.mcuxpresso.tools.linux_24.9.0.202407110857/tools/bin/../lib/gcc/arm-none-eabi/13.2.1/../../../../arm-none-eabi/lib/thumb/v7e-m+fp/hard/libcr_c.a(fclose.o)
 .debug_info    0x0001450a      0x209 /usr/local/mcuxpressoide-24.9.25/ide/plugins/com.nxp.mcuxpresso.tools.linux_24.9.0.202407110857/tools/bin/../lib/gcc/arm-none-eabi/13.2.1/../../../../arm-none-eabi/lib/thumb/v7e-m+fp/hard/libcr_c.a(fflush.o)
 .debug_info    0x00014713      0x1d7 /usr/local/mcuxpressoide-24.9.25/ide/plugins/com.nxp.mcuxpresso.tools.linux_24.9.0.202407110857/tools/bin/../lib/gcc/arm-none-eabi/13.2.1/../../../../arm-none-eabi/lib/thumb/v7e-m+fp/hard/libcr_c.a(remove.o)
 .debug_info    0x000148ea       0x78 /usr/local/mcuxpressoide-24.9.25/ide/plugins/com.nxp.mcuxpresso.tools.linux_24.9.0.202407110857/tools/bin/../lib/gcc/arm-none-eabi/13.2.1/../../../../arm-none-eabi/lib/thumb/v7e-m+fp/hard/libcr_c.a(_cr_check_heap.o)
 .debug_info    0x00014962      0x23a /usr/local/mcuxpressoide-24.9.25/ide/plugins/com.nxp.mcuxpresso.tools.linux_24.9.0.202407110857/tools/bin/../lib/gcc/arm-none-eabi/13.2.1/../../../../arm-none-eabi/lib/thumb/v7e-m+fp/hard/libcr_c.a(_do_fflush.o)
 .debug_info    0x00014b9c       0x6a /usr/local/mcuxpressoide-24.9.25/ide/plugins/com.nxp.mcuxpresso.tools.linux_24.9.0.202407110857/tools/bin/../lib/gcc/arm-none-eabi/13.2.1/../../../../arm-none-eabi/lib/thumb/v7e-m+fp/hard/libcr_nohost_nf.a(__sys_close.o)
 .debug_info    0x00014c06       0x6a /usr/local/mcuxpressoide-24.9.25/ide/plugins/com.nxp.mcuxpresso.tools.linux_24.9.0.202407110857/tools/bin/../lib/gcc/arm-none-eabi/13.2.1/../../../../arm-none-eabi/lib/thumb/v7e-m+fp/hard/libcr_nohost_nf.a(__sys_flen.o)
 .debug_info    0x00014c70       0x6a /usr/local/mcuxpressoide-24.9.25/ide/plugins/com.nxp.mcuxpresso.tools.linux_24.9.0.202407110857/tools/bin/../lib/gcc/arm-none-eabi/13.2.1/../../../../arm-none-eabi/lib/thumb/v7e-m+fp/hard/libcr_nohost_nf.a(__sys_istty.o)
 .debug_info    0x00014cda       0x8a /usr/local/mcuxpressoide-24.9.25/ide/plugins/com.nxp.mcuxpresso.tools.linux_24.9.0.202407110857/tools/bin/../lib/gcc/arm-none-eabi/13.2.1/../../../../arm-none-eabi/lib/thumb/v7e-m+fp/hard/libcr_nohost_nf.a(__sys_remove.o)
 .debug_info    0x00014d64       0x78 /usr/local/mcuxpressoide-24.9.25/ide/plugins/com.nxp.mcuxpresso.tools.linux_24.9.0.202407110857/tools/bin/../lib/gcc/arm-none-eabi/13.2.1/../../../../arm-none-eabi/lib/thumb/v7e-m+fp/hard/libcr_nohost_nf.a(__sys_seek.o)
 .debug_info    0x00014ddc       0x93 /usr/local/mcuxpressoide-24.9.25/ide/plugins/com.nxp.mcuxpresso.tools.linux_24.9.0.202407110857/tools/bin/../lib/gcc/arm-none-eabi/13.2.1/../../../../arm-none-eabi/lib/thumb/v7e-m+fp/hard/libcr_nohost_nf.a(__sys_tmpnam.o)
 .debug_info    0x00014e6f       0x93 /usr/local/mcuxpressoide-24.9.25/ide/plugins/com.nxp.mcuxpresso.tools.linux_24.9.0.202407110857/tools/bin/../lib/gcc/arm-none-eabi/13.2.1/../../../../arm-none-eabi/lib/thumb/v7e-m+fp/hard/libcr_nohost_nf.a(__sys_write.o)

.debug_abbrev   0x00000000     0x47f4
 .debug_abbrev  0x00000000      0x270 ./utilities/fsl_debug_console.o
 .debug_abbrev  0x00000270      0x270 ./utilities/fsl_str.o
 .debug_abbrev  0x000004e0      0x17a ./startup/startup_mk66f18.o
 .debug_abbrev  0x0000065a       0xe9 ./source/main.o
 .debug_abbrev  0x00000743       0x31 ./source/semihost_hardfault.o
 .debug_abbrev  0x00000774      0x2b4 ./myDrivers/SAE/App.o
 .debug_abbrev  0x00000a28      0x329 ./myDrivers/SAE/SO.o
 .debug_abbrev  0x00000d51      0x239 ./myDrivers/Peripherics/GPIO.o
 .debug_abbrev  0x00000f8a      0x19a ./myDrivers/Peripherics/Low_Power.o
 .debug_abbrev  0x00001124      0x381 ./drivers/fsl_clock.o
 .debug_abbrev  0x000014a5      0x392 ./drivers/fsl_i2c.o
 .debug_abbrev  0x00001837      0x312 ./drivers/fsl_smc.o
 .debug_abbrev  0x00001b49      0x45d ./drivers/fsl_uart.o
 .debug_abbrev  0x00001fa6      0x148 ./device/system_MK66F18.o
 .debug_abbrev  0x000020ee      0x214 ./component/uart/fsl_adapter_uart.o
 .debug_abbrev  0x00002302      0x25b ./component/serial_manager/fsl_component_serial_manager.o
 .debug_abbrev  0x0000255d      0x18c ./component/serial_manager/fsl_component_serial_port_uart.o
 .debug_abbrev  0x000026e9       0xc7 ./board/board.o
 .debug_abbrev  0x000027b0      0x2f3 ./board/clock_config.o
 .debug_abbrev  0x00002aa3       0x4b ./board/peripherals.o
 .debug_abbrev  0x00002aee      0x28a ./board/pin_mux.o
 .debug_abbrev  0x00002d78       0x70 /usr/local/mcuxpressoide-24.9.25/ide/plugins/com.nxp.mcuxpresso.tools.linux_24.9.0.202407110857/tools/bin/../lib/gcc/arm-none-eabi/13.2.1/../../../../arm-none-eabi/lib/thumb/v7e-m+fp/hard/libcr_nohost_nf.a(_cr__main.o)
 .debug_abbrev  0x00002de8      0x12f /usr/local/mcuxpressoide-24.9.25/ide/plugins/com.nxp.mcuxpresso.tools.linux_24.9.0.202407110857/tools/bin/../lib/gcc/arm-none-eabi/13.2.1/../../../../arm-none-eabi/lib/thumb/v7e-m+fp/hard/libcr_nohost_nf.a(_cr_assert.o)
 .debug_abbrev  0x00002f17       0xb5 /usr/local/mcuxpressoide-24.9.25/ide/plugins/com.nxp.mcuxpresso.tools.linux_24.9.0.202407110857/tools/bin/../lib/gcc/arm-none-eabi/13.2.1/../../../../arm-none-eabi/lib/thumb/v7e-m+fp/hard/libcr_nohost_nf.a(__ciob.o)
 .debug_abbrev  0x00002fcc       0x2e /usr/local/mcuxpressoide-24.9.25/ide/plugins/com.nxp.mcuxpresso.tools.linux_24.9.0.202407110857/tools/bin/../lib/gcc/arm-none-eabi/13.2.1/../../../../arm-none-eabi/lib/thumb/v7e-m+fp/hard/libcr_nohost_nf.a(__sys_appexit.o)
 .debug_abbrev  0x00002ffa       0xb6 /usr/local/mcuxpressoide-24.9.25/ide/plugins/com.nxp.mcuxpresso.tools.linux_24.9.0.202407110857/tools/bin/../lib/gcc/arm-none-eabi/13.2.1/../../../../arm-none-eabi/lib/thumb/v7e-m+fp/hard/libcr_c.a(memcpy.o)
 .debug_abbrev  0x000030b0       0xa8 /usr/local/mcuxpressoide-24.9.25/ide/plugins/com.nxp.mcuxpresso.tools.linux_24.9.0.202407110857/tools/bin/../lib/gcc/arm-none-eabi/13.2.1/../../../../arm-none-eabi/lib/thumb/v7e-m+fp/hard/libcr_c.a(memset.o)
 .debug_abbrev  0x00003158      0x152 /usr/local/mcuxpressoide-24.9.25/ide/plugins/com.nxp.mcuxpresso.tools.linux_24.9.0.202407110857/tools/bin/../lib/gcc/arm-none-eabi/13.2.1/../../../../arm-none-eabi/lib/thumb/v7e-m+fp/hard/libcr_c.a(_deferredlazyseek.o)
 .debug_abbrev  0x000032aa       0xf1 /usr/local/mcuxpressoide-24.9.25/ide/plugins/com.nxp.mcuxpresso.tools.linux_24.9.0.202407110857/tools/bin/../lib/gcc/arm-none-eabi/13.2.1/../../../../arm-none-eabi/lib/thumb/v7e-m+fp/hard/libcr_c.a(_fflush.o)
 .debug_abbrev  0x0000339b      0x126 /usr/local/mcuxpressoide-24.9.25/ide/plugins/com.nxp.mcuxpresso.tools.linux_24.9.0.202407110857/tools/bin/../lib/gcc/arm-none-eabi/13.2.1/../../../../arm-none-eabi/lib/thumb/v7e-m+fp/hard/libcr_c.a(_writebuf.o)
 .debug_abbrev  0x000034c1      0x284 /usr/local/mcuxpressoide-24.9.25/ide/plugins/com.nxp.mcuxpresso.tools.linux_24.9.0.202407110857/tools/bin/../lib/gcc/arm-none-eabi/13.2.1/../../../../arm-none-eabi/lib/thumb/v7e-m+fp/hard/libcr_c.a(alloc.o)
 .debug_abbrev  0x00003745       0x44 /usr/local/mcuxpressoide-24.9.25/ide/plugins/com.nxp.mcuxpresso.tools.linux_24.9.0.202407110857/tools/bin/../lib/gcc/arm-none-eabi/13.2.1/../../../../arm-none-eabi/lib/thumb/v7e-m+fp/hard/libcr_c.a(errno.o)
 .debug_abbrev  0x00003789      0x10c /usr/local/mcuxpressoide-24.9.25/ide/plugins/com.nxp.mcuxpresso.tools.linux_24.9.0.202407110857/tools/bin/../lib/gcc/arm-none-eabi/13.2.1/../../../../arm-none-eabi/lib/thumb/v7e-m+fp/hard/libcr_c.a(fputs.o)
 .debug_abbrev  0x00003895      0x11b /usr/local/mcuxpressoide-24.9.25/ide/plugins/com.nxp.mcuxpresso.tools.linux_24.9.0.202407110857/tools/bin/../lib/gcc/arm-none-eabi/13.2.1/../../../../arm-none-eabi/lib/thumb/v7e-m+fp/hard/libcr_c.a(fseek.o)
 .debug_abbrev  0x000039b0       0xc2 /usr/local/mcuxpressoide-24.9.25/ide/plugins/com.nxp.mcuxpresso.tools.linux_24.9.0.202407110857/tools/bin/../lib/gcc/arm-none-eabi/13.2.1/../../../../arm-none-eabi/lib/thumb/v7e-m+fp/hard/libcr_c.a(ftell.o)
 .debug_abbrev  0x00003a72      0x169 /usr/local/mcuxpressoide-24.9.25/ide/plugins/com.nxp.mcuxpresso.tools.linux_24.9.0.202407110857/tools/bin/../lib/gcc/arm-none-eabi/13.2.1/../../../../arm-none-eabi/lib/thumb/v7e-m+fp/hard/libcr_c.a(initio.o)
 .debug_abbrev  0x00003bdb       0xe1 /usr/local/mcuxpressoide-24.9.25/ide/plugins/com.nxp.mcuxpresso.tools.linux_24.9.0.202407110857/tools/bin/../lib/gcc/arm-none-eabi/13.2.1/../../../../arm-none-eabi/lib/thumb/v7e-m+fp/hard/libcr_c.a(setvbuf.o)
 .debug_abbrev  0x00003cbc       0xa7 /usr/local/mcuxpressoide-24.9.25/ide/plugins/com.nxp.mcuxpresso.tools.linux_24.9.0.202407110857/tools/bin/../lib/gcc/arm-none-eabi/13.2.1/../../../../arm-none-eabi/lib/thumb/v7e-m+fp/hard/libcr_c.a(strlen.o)
 .debug_abbrev  0x00003d63       0xaf /usr/local/mcuxpressoide-24.9.25/ide/plugins/com.nxp.mcuxpresso.tools.linux_24.9.0.202407110857/tools/bin/../lib/gcc/arm-none-eabi/13.2.1/../../../../arm-none-eabi/lib/thumb/v7e-m+fp/hard/libcr_c.a(__init_alloc.o)
 .debug_abbrev  0x00003e12       0xd3 /usr/local/mcuxpressoide-24.9.25/ide/plugins/com.nxp.mcuxpresso.tools.linux_24.9.0.202407110857/tools/bin/../lib/gcc/arm-none-eabi/13.2.1/../../../../arm-none-eabi/lib/thumb/v7e-m+fp/hard/libcr_c.a(_cr_sbrk.o)
 .debug_abbrev  0x00003ee5      0x119 /usr/local/mcuxpressoide-24.9.25/ide/plugins/com.nxp.mcuxpresso.tools.linux_24.9.0.202407110857/tools/bin/../lib/gcc/arm-none-eabi/13.2.1/../../../../arm-none-eabi/lib/thumb/v7e-m+fp/hard/libcr_c.a(_fdopen.o)
 .debug_abbrev  0x00003ffe      0x155 /usr/local/mcuxpressoide-24.9.25/ide/plugins/com.nxp.mcuxpresso.tools.linux_24.9.0.202407110857/tools/bin/../lib/gcc/arm-none-eabi/13.2.1/../../../../arm-none-eabi/lib/thumb/v7e-m+fp/hard/libcr_c.a(fclose.o)
 .debug_abbrev  0x00004153      0x125 /usr/local/mcuxpressoide-24.9.25/ide/plugins/com.nxp.mcuxpresso.tools.linux_24.9.0.202407110857/tools/bin/../lib/gcc/arm-none-eabi/13.2.1/../../../../arm-none-eabi/lib/thumb/v7e-m+fp/hard/libcr_c.a(fflush.o)
 .debug_abbrev  0x00004278       0xfb /usr/local/mcuxpressoide-24.9.25/ide/plugins/com.nxp.mcuxpresso.tools.linux_24.9.0.202407110857/tools/bin/../lib/gcc/arm-none-eabi/13.2.1/../../../../arm-none-eabi/lib/thumb/v7e-m+fp/hard/libcr_c.a(remove.o)
 .debug_abbrev  0x00004373       0x6b /usr/local/mcuxpressoide-24.9.25/ide/plugins/com.nxp.mcuxpresso.tools.linux_24.9.0.202407110857/tools/bin/../lib/gcc/arm-none-eabi/13.2.1/../../../../arm-none-eabi/lib/thumb/v7e-m+fp/hard/libcr_c.a(_cr_check_heap.o)
 .debug_abbrev  0x000043de      0x12c /usr/local/mcuxpressoide-24.9.25/ide/plugins/com.nxp.mcuxpresso.tools.linux_24.9.0.202407110857/tools/bin/../lib/gcc/arm-none-eabi/13.2.1/../../../../arm-none-eabi/lib/thumb/v7e-m+fp/hard/libcr_c.a(_do_fflush.o)
 .debug_abbrev  0x0000450a       0x5c /usr/local/mcuxpressoide-24.9.25/ide/plugins/com.nxp.mcuxpresso.tools.linux_24.9.0.202407110857/tools/bin/../lib/gcc/arm-none-eabi/13.2.1/../../../../arm-none-eabi/lib/thumb/v7e-m+fp/hard/libcr_nohost_nf.a(__sys_close.o)
 .debug_abbrev  0x00004566       0x5c /usr/local/mcuxpressoide-24.9.25/ide/plugins/com.nxp.mcuxpresso.tools.linux_24.9.0.202407110857/tools/bin/../lib/gcc/arm-none-eabi/13.2.1/../../../../arm-none-eabi/lib/thumb/v7e-m+fp/hard/libcr_nohost_nf.a(__sys_flen.o)
 .debug_abbrev  0x000045c2       0x5c /usr/local/mcuxpressoide-24.9.25/ide/plugins/com.nxp.mcuxpresso.tools.linux_24.9.0.202407110857/tools/bin/../lib/gcc/arm-none-eabi/13.2.1/../../../../arm-none-eabi/lib/thumb/v7e-m+fp/hard/libcr_nohost_nf.a(__sys_istty.o)
 .debug_abbrev  0x0000461e       0x7d /usr/local/mcuxpressoide-24.9.25/ide/plugins/com.nxp.mcuxpresso.tools.linux_24.9.0.202407110857/tools/bin/../lib/gcc/arm-none-eabi/13.2.1/../../../../arm-none-eabi/lib/thumb/v7e-m+fp/hard/libcr_nohost_nf.a(__sys_remove.o)
 .debug_abbrev  0x0000469b       0x6d /usr/local/mcuxpressoide-24.9.25/ide/plugins/com.nxp.mcuxpresso.tools.linux_24.9.0.202407110857/tools/bin/../lib/gcc/arm-none-eabi/13.2.1/../../../../arm-none-eabi/lib/thumb/v7e-m+fp/hard/libcr_nohost_nf.a(__sys_seek.o)
 .debug_abbrev  0x00004708       0x76 /usr/local/mcuxpressoide-24.9.25/ide/plugins/com.nxp.mcuxpresso.tools.linux_24.9.0.202407110857/tools/bin/../lib/gcc/arm-none-eabi/13.2.1/../../../../arm-none-eabi/lib/thumb/v7e-m+fp/hard/libcr_nohost_nf.a(__sys_tmpnam.o)
 .debug_abbrev  0x0000477e       0x76 /usr/local/mcuxpressoide-24.9.25/ide/plugins/com.nxp.mcuxpresso.tools.linux_24.9.0.202407110857/tools/bin/../lib/gcc/arm-none-eabi/13.2.1/../../../../arm-none-eabi/lib/thumb/v7e-m+fp/hard/libcr_nohost_nf.a(__sys_write.o)

.debug_aranges  0x00000000     0x14a0
 .debug_aranges
                0x00000000       0xa8 ./utilities/fsl_debug_console.o
 .debug_aranges
                0x000000a8       0xb8 ./utilities/fsl_str.o
 .debug_aranges
                0x00000160      0x3a0 ./startup/startup_mk66f18.o
 .debug_aranges
                0x00000500       0x20 ./source/main.o
 .debug_aranges
                0x00000520       0x20 ./source/semihost_hardfault.o
 .debug_aranges
                0x00000540       0xb8 ./myDrivers/SAE/App.o
 .debug_aranges
                0x000005f8       0xa8 ./myDrivers/SAE/SO.o
 .debug_aranges
                0x000006a0       0x68 ./myDrivers/Peripherics/GPIO.o
 .debug_aranges
                0x00000708       0x38 ./myDrivers/Peripherics/Low_Power.o
 .debug_aranges
                0x00000740      0x258 ./drivers/fsl_clock.o
 .debug_aranges
                0x00000998      0x188 ./drivers/fsl_i2c.o
 .debug_aranges
                0x00000b20       0x98 ./drivers/fsl_smc.o
 .debug_aranges
                0x00000bb8      0x1a8 ./drivers/fsl_uart.o
 .debug_aranges
                0x00000d60       0x30 ./device/system_MK66F18.o
 .debug_aranges
                0x00000d90       0x50 ./component/uart/fsl_adapter_uart.o
 .debug_aranges
                0x00000de0       0x98 ./component/serial_manager/fsl_component_serial_manager.o
 .debug_aranges
                0x00000e78       0x48 ./component/serial_manager/fsl_component_serial_port_uart.o
 .debug_aranges
                0x00000ec0       0x20 ./board/board.o
 .debug_aranges
                0x00000ee0       0xd8 ./board/clock_config.o
 .debug_aranges
                0x00000fb8       0x28 ./board/peripherals.o
 .debug_aranges
                0x00000fe0       0x98 ./board/pin_mux.o
 .debug_aranges
                0x00001078       0x20 /usr/local/mcuxpressoide-24.9.25/ide/plugins/com.nxp.mcuxpresso.tools.linux_24.9.0.202407110857/tools/bin/../lib/gcc/arm-none-eabi/13.2.1/../../../../arm-none-eabi/lib/thumb/v7e-m+fp/hard/libcr_nohost_nf.a(_cr__main.o)
 .debug_aranges
                0x00001098       0x20 /usr/local/mcuxpressoide-24.9.25/ide/plugins/com.nxp.mcuxpresso.tools.linux_24.9.0.202407110857/tools/bin/../lib/gcc/arm-none-eabi/13.2.1/../../../../arm-none-eabi/lib/thumb/v7e-m+fp/hard/libcr_nohost_nf.a(_cr_assert.o)
 .debug_aranges
                0x000010b8       0x18 /usr/local/mcuxpressoide-24.9.25/ide/plugins/com.nxp.mcuxpresso.tools.linux_24.9.0.202407110857/tools/bin/../lib/gcc/arm-none-eabi/13.2.1/../../../../arm-none-eabi/lib/thumb/v7e-m+fp/hard/libcr_nohost_nf.a(__ciob.o)
 .debug_aranges
                0x000010d0       0x20 /usr/local/mcuxpressoide-24.9.25/ide/plugins/com.nxp.mcuxpresso.tools.linux_24.9.0.202407110857/tools/bin/../lib/gcc/arm-none-eabi/13.2.1/../../../../arm-none-eabi/lib/thumb/v7e-m+fp/hard/libcr_nohost_nf.a(__sys_appexit.o)
 .debug_aranges
                0x000010f0       0x20 /usr/local/mcuxpressoide-24.9.25/ide/plugins/com.nxp.mcuxpresso.tools.linux_24.9.0.202407110857/tools/bin/../lib/gcc/arm-none-eabi/13.2.1/../../../../arm-none-eabi/lib/thumb/v7e-m+fp/hard/libcr_c.a(memcpy.o)
 .debug_aranges
                0x00001110       0x20 /usr/local/mcuxpressoide-24.9.25/ide/plugins/com.nxp.mcuxpresso.tools.linux_24.9.0.202407110857/tools/bin/../lib/gcc/arm-none-eabi/13.2.1/../../../../arm-none-eabi/lib/thumb/v7e-m+fp/hard/libcr_c.a(memset.o)
 .debug_aranges
                0x00001130       0x28 /usr/local/mcuxpressoide-24.9.25/ide/plugins/com.nxp.mcuxpresso.tools.linux_24.9.0.202407110857/tools/bin/../lib/gcc/arm-none-eabi/13.2.1/../../../../arm-none-eabi/lib/thumb/v7e-m+fp/hard/libcr_c.a(_deferredlazyseek.o)
 .debug_aranges
                0x00001158       0x20 /usr/local/mcuxpressoide-24.9.25/ide/plugins/com.nxp.mcuxpresso.tools.linux_24.9.0.202407110857/tools/bin/../lib/gcc/arm-none-eabi/13.2.1/../../../../arm-none-eabi/lib/thumb/v7e-m+fp/hard/libcr_c.a(_fflush.o)
 .debug_aranges
                0x00001178       0x20 /usr/local/mcuxpressoide-24.9.25/ide/plugins/com.nxp.mcuxpresso.tools.linux_24.9.0.202407110857/tools/bin/../lib/gcc/arm-none-eabi/13.2.1/../../../../arm-none-eabi/lib/thumb/v7e-m+fp/hard/libcr_c.a(_writebuf.o)
 .debug_aranges
                0x00001198       0x40 /usr/local/mcuxpressoide-24.9.25/ide/plugins/com.nxp.mcuxpresso.tools.linux_24.9.0.202407110857/tools/bin/../lib/gcc/arm-none-eabi/13.2.1/../../../../arm-none-eabi/lib/thumb/v7e-m+fp/hard/libcr_c.a(alloc.o)
 .debug_aranges
                0x000011d8       0x18 /usr/local/mcuxpressoide-24.9.25/ide/plugins/com.nxp.mcuxpresso.tools.linux_24.9.0.202407110857/tools/bin/../lib/gcc/arm-none-eabi/13.2.1/../../../../arm-none-eabi/lib/thumb/v7e-m+fp/hard/libcr_c.a(errno.o)
 .debug_aranges
                0x000011f0       0x20 /usr/local/mcuxpressoide-24.9.25/ide/plugins/com.nxp.mcuxpresso.tools.linux_24.9.0.202407110857/tools/bin/../lib/gcc/arm-none-eabi/13.2.1/../../../../arm-none-eabi/lib/thumb/v7e-m+fp/hard/libcr_c.a(fputs.o)
 .debug_aranges
                0x00001210       0x20 /usr/local/mcuxpressoide-24.9.25/ide/plugins/com.nxp.mcuxpresso.tools.linux_24.9.0.202407110857/tools/bin/../lib/gcc/arm-none-eabi/13.2.1/../../../../arm-none-eabi/lib/thumb/v7e-m+fp/hard/libcr_c.a(fseek.o)
 .debug_aranges