Archive member included to satisfy reference by file (symbol)

C:/nxp/MCUXpressoIDE_24.9.25/ide/plugins/com.nxp.mcuxpresso.tools.win32_24.9.0.202407110857/tools/bin/../lib/gcc/arm-none-eabi/13.2.1/../../../../arm-none-eabi/lib/thumb/v7e-m+fp/hard\libcr_nohost_nf.a(_cr__main.o)
                              ./startup/startup_mk66f18.o (__main)
C:/nxp/MCUXpressoIDE_24.9.25/ide/plugins/com.nxp.mcuxpresso.tools.win32_24.9.0.202407110857/tools/bin/../lib/gcc/arm-none-eabi/13.2.1/../../../../arm-none-eabi/lib/thumb/v7e-m+fp/hard\libcr_nohost_nf.a(_cr_assert.o)
                              ./drivers/fsl_clock.o (__assertion_failed)
C:/nxp/MCUXpressoIDE_24.9.25/ide/plugins/com.nxp.mcuxpresso.tools.win32_24.9.0.202407110857/tools/bin/../lib/gcc/arm-none-eabi/13.2.1/../../../../arm-none-eabi/lib/thumb/v7e-m+fp/hard\libcr_nohost_nf.a(__ciob.o)
                              C:/nxp/MCUXpressoIDE_24.9.25/ide/plugins/com.nxp.mcuxpresso.tools.win32_24.9.0.202407110857/tools/bin/../lib/gcc/arm-none-eabi/13.2.1/../../../../arm-none-eabi/lib/thumb/v7e-m+fp/hard\libcr_nohost_nf.a(_cr_assert.o) (__Ciob)
C:/nxp/MCUXpressoIDE_24.9.25/ide/plugins/com.nxp.mcuxpresso.tools.win32_24.9.0.202407110857/tools/bin/../lib/gcc/arm-none-eabi/13.2.1/../../../../arm-none-eabi/lib/thumb/v7e-m+fp/hard\libcr_nohost_nf.a(__sys_appexit.o)
                              C:/nxp/MCUXpressoIDE_24.9.25/ide/plugins/com.nxp.mcuxpresso.tools.win32_24.9.0.202407110857/tools/bin/../lib/gcc/arm-none-eabi/13.2.1/../../../../arm-none-eabi/lib/thumb/v7e-m+fp/hard\libcr_nohost_nf.a(_cr_assert.o) (__sys_appexit)
C:/nxp/MCUXpressoIDE_24.9.25/ide/plugins/com.nxp.mcuxpresso.tools.win32_24.9.0.202407110857/tools/bin/../lib/gcc/arm-none-eabi/13.2.1/../../../../arm-none-eabi/lib/thumb/v7e-m+fp/hard\libcr_c.a(memcpy.o)
                              ./utilities/fsl_str.o (memcpy)
C:/nxp/MCUXpressoIDE_24.9.25/ide/plugins/com.nxp.mcuxpresso.tools.win32_24.9.0.202407110857/tools/bin/../lib/gcc/arm-none-eabi/13.2.1/../../../../arm-none-eabi/lib/thumb/v7e-m+fp/hard\libcr_c.a(memset.o)
                              ./utilities/fsl_debug_console.o (memset)
C:/nxp/MCUXpressoIDE_24.9.25/ide/plugins/com.nxp.mcuxpresso.tools.win32_24.9.0.202407110857/tools/bin/../lib/gcc/arm-none-eabi/13.2.1/../../../../arm-none-eabi/lib/thumb/v7e-m+fp/hard\libcr_c.a(_deferredlazyseek.o)
                              C:/nxp/MCUXpressoIDE_24.9.25/ide/plugins/com.nxp.mcuxpresso.tools.win32_24.9.0.202407110857/tools/bin/../lib/gcc/arm-none-eabi/13.2.1/../../../../arm-none-eabi/lib/thumb/v7e-m+fp/hard\libcr_nohost_nf.a(_cr_assert.o) (__flsbuf)
C:/nxp/MCUXpressoIDE_24.9.25/ide/plugins/com.nxp.mcuxpresso.tools.win32_24.9.0.202407110857/tools/bin/../lib/gcc/arm-none-eabi/13.2.1/../../../../arm-none-eabi/lib/thumb/v7e-m+fp/hard\libcr_c.a(_fflush.o)
                              C:/nxp/MCUXpressoIDE_24.9.25/ide/plugins/com.nxp.mcuxpresso.tools.win32_24.9.0.202407110857/tools/bin/../lib/gcc/arm-none-eabi/13.2.1/../../../../arm-none-eabi/lib/thumb/v7e-m+fp/hard\libcr_c.a(_deferredlazyseek.o) (_fflush)
C:/nxp/MCUXpressoIDE_24.9.25/ide/plugins/com.nxp.mcuxpresso.tools.win32_24.9.0.202407110857/tools/bin/../lib/gcc/arm-none-eabi/13.2.1/../../../../arm-none-eabi/lib/thumb/v7e-m+fp/hard\libcr_c.a(_writebuf.o)
                              C:/nxp/MCUXpressoIDE_24.9.25/ide/plugins/com.nxp.mcuxpresso.tools.win32_24.9.0.202407110857/tools/bin/../lib/gcc/arm-none-eabi/13.2.1/../../../../arm-none-eabi/lib/thumb/v7e-m+fp/hard\libcr_c.a(_deferredlazyseek.o) (_Cwritebuf)
C:/nxp/MCUXpressoIDE_24.9.25/ide/plugins/com.nxp.mcuxpresso.tools.win32_24.9.0.202407110857/tools/bin/../lib/gcc/arm-none-eabi/13.2.1/../../../../arm-none-eabi/lib/thumb/v7e-m+fp/hard\libcr_c.a(alloc.o)
                              ./myDrivers/SAE/SO.o (malloc)
C:/nxp/MCUXpressoIDE_24.9.25/ide/plugins/com.nxp.mcuxpresso.tools.win32_24.9.0.202407110857/tools/bin/../lib/gcc/arm-none-eabi/13.2.1/../../../../arm-none-eabi/lib/thumb/v7e-m+fp/hard\libcr_c.a(errno.o)
                              ./utilities/fsl_str.o (errno)
C:/nxp/MCUXpressoIDE_24.9.25/ide/plugins/com.nxp.mcuxpresso.tools.win32_24.9.0.202407110857/tools/bin/../lib/gcc/arm-none-eabi/13.2.1/../../../../arm-none-eabi/lib/thumb/v7e-m+fp/hard\libcr_c.a(fputs.o)
                              C:/nxp/MCUXpressoIDE_24.9.25/ide/plugins/com.nxp.mcuxpresso.tools.win32_24.9.0.202407110857/tools/bin/../lib/gcc/arm-none-eabi/13.2.1/../../../../arm-none-eabi/lib/thumb/v7e-m+fp/hard\libcr_nohost_nf.a(_cr_assert.o) (fputs)
C:/nxp/MCUXpressoIDE_24.9.25/ide/plugins/com.nxp.mcuxpresso.tools.win32_24.9.0.202407110857/tools/bin/../lib/gcc/arm-none-eabi/13.2.1/../../../../arm-none-eabi/lib/thumb/v7e-m+fp/hard\libcr_c.a(fseek.o)
                              C:/nxp/MCUXpressoIDE_24.9.25/ide/plugins/com.nxp.mcuxpresso.tools.win32_24.9.0.202407110857/tools/bin/../lib/gcc/arm-none-eabi/13.2.1/../../../../arm-none-eabi/lib/thumb/v7e-m+fp/hard\libcr_c.a(_deferredlazyseek.o) (fseek)
[...]
Memory Configuration

Name             Origin             Length             Attributes
PROGRAM_FLASH    0x00000000         0x00200000         xr
SRAM_UPPER       0x20000000         0x00030000         xrw
SRAM_LOWER       0x1fff0000         0x00010000         xrw
FLEX_RAM         0x14000000         0x00001000         xrw
*default*        0x00000000         0xffffffff

Linker script and memory map

LOAD ./utilities/fsl_debug_console.o
LOAD ./utilities/fsl_str.o
LOAD ./startup/startup_mk66f18.o
LOAD ./source/main.o
LOAD ./source/semihost_hardfault.o
LOAD ./myDrivers/SAE/App.o
LOAD ./myDrivers/SAE/SO.o
LOAD ./myDrivers/SAE/data_structures.o
LOAD ./myDrivers/Peripherics/Low_Power.o
LOAD ./myDrivers/Peripherics/PIT.o
LOAD ./myDrivers/Peripherics/RGB.o
LOAD ./drivers/fsl_clock.o
LOAD ./drivers/fsl_common.o
LOAD ./drivers/fsl_common_arm.o
LOAD ./drivers/fsl_gpio.o
LOAD ./drivers/fsl_i2c.o
LOAD ./drivers/fsl_pit.o
LOAD ./drivers/fsl_rtc.o
LOAD ./drivers/fsl_smc.o
LOAD ./drivers/fsl_uart.o
LOAD ./device/system_MK66F18.o
LOAD ./component/uart/fsl_adapter_uart.o
LOAD ./component/serial_manager/fsl_component_serial_manager.o
LOAD ./component/serial_manager/fsl_component_serial_port_uart.o
LOAD ./component/lists/fsl_component_generic_list.o
LOAD ./board/board.o
LOAD ./board/clock_config.o
LOAD ./board/peripherals.o
LOAD ./board/pin_mux.o
START GROUP
LOAD C:/nxp/MCUXpressoIDE_24.9.25/ide/plugins/com.nxp.mcuxpresso.tools.win32_24.9.0.202407110857/tools/bin/../lib/gcc/arm-none-eabi/13.2.1/../../../../arm-none-eabi/lib/thumb/v7e-m+fp/hard\libcr_nohost_nf.a
LOAD C:/nxp/MCUXpressoIDE_24.9.25/ide/plugins/com.nxp.mcuxpresso.tools.win32_24.9.0.202407110857/tools/bin/../lib/gcc/arm-none-eabi/13.2.1/../../../../arm-none-eabi/lib/thumb/v7e-m+fp/hard\libcr_c.a
LOAD C:/nxp/MCUXpressoIDE_24.9.25/ide/plugins/com.nxp.mcuxpresso.tools.win32_24.9.0.202407110857/tools/bin/../lib/gcc/arm-none-eabi/13.2.1/thumb/v7e-m+fp/hard\libcr_eabihelpers.a
LOAD C:/nxp/MCUXpressoIDE_24.9.25/ide/plugins/com.nxp.mcuxpresso.tools.win32_24.9.0.202407110857/tools/bin/../lib/gcc/arm-none-eabi/13.2.1/thumb/v7e-m+fp/hard\libgcc.a
END GROUP
                0x00000000                        __base_PROGRAM_FLASH = 0x0
                0x00000000                        __base_Flash = 0x0
                0x00200000                        __top_PROGRAM_FLASH = 0x200000
                0x00200000                        __top_Flash = 0x200000
                0x20000000                        __base_SRAM_UPPER = 0x20000000
                0x20000000                        __base_RAM = 0x20000000
                0x20030000                        __top_SRAM_UPPER = 0x20030000
                0x20030000                        __top_RAM = 0x20030000
                0x1fff0000                        __base_SRAM_LOWER = 0x1fff0000
                0x1fff0000                        __base_RAM2 = 0x1fff0000
                0x20000000                        __top_SRAM_LOWER = 0x20000000
                0x20000000                        __top_RAM2 = 0x20000000
                0x14000000                        __base_FLEX_RAM = 0x14000000
                0x14000000                        __base_RAM3 = 0x14000000
                0x14001000                        __top_FLEX_RAM = 0x14001000
                0x14001000                        __top_RAM3 = 0x14001000

.text           0x00000000     0x38d8
 FILL mask 0xff
                0x00000000                        __vectors_start__ = ABSOLUTE (.)
 *(SORT_BY_ALIGNMENT(.isr_vector))
 .isr_vector    0x00000000      0x1d0 ./startup/startup_mk66f18.o
                0x00000000                g_pfnVectors
                0x00000000                __Vectors
                0x000001d0                        . = ALIGN (0x4)
                0x000001d0                        __section_table_start = .
                0x000001d0                        __data_section_table = .
                0x000001d0        0x4 LONG 0x38d8 LOADADDR (.data)
                0x000001d4        0x4 LONG 0x20000000 ADDR (.data)
                0x000001d8        0x4 LONG 0x10 SIZEOF (.data)
                0x000001dc        0x4 LONG 0x38d8 LOADADDR (.data_RAM2)
                0x000001e0        0x4 LONG 0x1fff0000 ADDR (.data_RAM2)
                0x000001e4        0x4 LONG 0x0 SIZEOF (.data_RAM2)
                0x000001e8        0x4 LONG 0x38d8 LOADADDR (.data_RAM3)
                0x000001ec        0x4 LONG 0x14000000 ADDR (.data_RAM3)
                0x000001f0        0x4 LONG 0x0 SIZEOF (.data_RAM3)
                0x000001f4                        __data_section_table_end = .
                0x000001f4                        __bss_section_table = .
                0x000001f4        0x4 LONG 0x20000010 ADDR (.bss)
                0x000001f8        0x4 LONG 0x138 SIZEOF (.bss)
                0x000001fc        0x4 LONG 0x1fff0000 ADDR (.bss_RAM2)
                0x00000200        0x4 LONG 0x0 SIZEOF (.bss_RAM2)
                0x00000204        0x4 LONG 0x14000000 ADDR (.bss_RAM3)
                0x00000208        0x4 LONG 0x0 SIZEOF (.bss_RAM3)
                0x0000020c                        __bss_section_table_end = .
                0x0000020c                        __section_table_end = .
 *(SORT_BY_ALIGNMENT(.after_vectors*))
 .after_vectors.reset
                0x0000020c       0x4c ./startup/startup_mk66f18.o
                0x0000020c                ResetISR
 .after_vectors.init_data
                0x00000258       0x1e ./startup/startup_mk66f18.o
                0x00000258                data_init
 .after_vectors.init_bss
                0x00000276       0x12 ./startup/startup_mk66f18.o
                0x00000276                bss_init
 .after_vectors
                0x00000288       0x14 ./startup/startup_mk66f18.o
                0x00000288                NMI_Handler
                0x0000028c                MemManage_Handler
                0x0000028e                BusFault_Handler
                0x00000290                UsageFault_Handler
                0x00000292                SVC_Handler
                0x00000294                DebugMon_Handler
                0x00000296                PendSV_Handler
                0x00000298                SysTick_Handler
                0x0000029a                DMA_Error_DriverIRQHandler
                0x0000029a                FTM1_DriverIRQHandler
                0x0000029a                FTM2_DriverIRQHandler
                0x0000029a                PIT2_DriverIRQHandler
                0x0000029a                TPM2_DriverIRQHandler
                0x0000029a                SDHC_DriverIRQHandler
                0x0000029a                DMA7_DMA23_DriverIRQHandler
                0x0000029a                I2S0_Tx_DriverIRQHandler
                0x0000029a                TSI0_DriverIRQHandler
                0x0000029a                RTC_Seconds_DriverIRQHandler
                0x0000029a                CMP3_DriverIRQHandler
                0x0000029a                LLWU_DriverIRQHandler
                0x0000029a                MCM_DriverIRQHandler
                0x0000029a                DMA14_DMA30_DriverIRQHandler
                0x0000029a                MCG_DriverIRQHandler
                0x0000029a                ENET_1588_Timer_DriverIRQHandler
                0x0000029a                DAC1_DriverIRQHandler
                0x0000029a                LPTMR0_DriverIRQHandler
                0x0000029a                CMP1_DriverIRQHandler
                0x0000029a                USBHSDCD_DriverIRQHandler
                0x0000029a                DMA0_DMA16_DriverIRQHandler
                0x0000029a                FTM0_DriverIRQHandler
                0x0000029a                IntDefaultHandler
                0x0000029a                USB0_DriverIRQHandler
                0x0000029a                PORTC_DriverIRQHandler
                0x0000029a                DMA2_DMA18_DriverIRQHandler
                0x0000029a                DAC0_DriverIRQHandler
                0x0000029a                CMP2_DriverIRQHandler
                0x0000029a                UART2_ERR_DriverIRQHandler
                0x0000029a                SPI2_DriverIRQHandler
                0x0000029a                LVD_LVW_DriverIRQHandler
                0x0000029a                Reserved84_DriverIRQHandler
                0x0000029a                PIT0_DriverIRQHandler
                0x0000029a                SPI1_DriverIRQHandler
                0x0000029a                USBDCD_DriverIRQHandler
                0x0000029a                UART3_ERR_DriverIRQHandler
                0x0000029a                DMA12_DMA28_DriverIRQHandler
                0x0000029a                DMA10_DMA26_DriverIRQHandler
                0x0000029a                UART0_ERR_DriverIRQHandler
                0x0000029a                CMT_DriverIRQHandler
                0x0000029a                Reserved71_DriverIRQHandler
                0x0000029a                ADC1_DriverIRQHandler
                0x0000029a                PORTA_DriverIRQHandler
                0x0000029a                DMA1_DMA17_DriverIRQHandler
                0x0000029a                PIT3_DriverIRQHandler
                0x0000029a                PIT1_DriverIRQHandler
                0x0000029a                TPM1_DriverIRQHandler
                0x0000029a                WDOG_EWM_DriverIRQHandler
                0x0000029a                PDB0_DriverIRQHandler
                0x0000029a                DMA8_DMA24_DriverIRQHandler
                0x0000029a                DMA6_DMA22_DriverIRQHandler
                0x0000029a                RTC_DriverIRQHandler
                0x0000029a                I2S0_Rx_DriverIRQHandler
                0x0000029a                Read_Collision_DriverIRQHandler
                0x0000029a                SWI_DriverIRQHandler
                0x0000029a                UART4_ERR_DriverIRQHandler
                0x0000029a                PORTB_DriverIRQHandler
                0x0000029a                DMA13_DMA29_DriverIRQHandler
                0x0000029a                DMA11_DMA27_DriverIRQHandler
                0x0000029a                DMA4_DMA20_DriverIRQHandler
                0x0000029a                DMA9_DMA25_DriverIRQHandler
                0x0000029a                ENET_Receive_DriverIRQHandler
                0x0000029a                DMA3_DMA19_DriverIRQHandler
                0x0000029a                ENET_Error_DriverIRQHandler
                0x0000029a                LPUART0_DriverIRQHandler
                0x0000029a                Reserved85_DriverIRQHandler
                0x0000029a                SPI0_DriverIRQHandler
                0x0000029a                ADC0_DriverIRQHandler
                0x0000029a                USBHS_DriverIRQHandler
                0x0000029a                CMP0_DriverIRQHandler
                0x0000029a                CAN0_DriverIRQHandler
                0x0000029a                FTM3_DriverIRQHandler
                0x0000029a                DMA5_DMA21_DriverIRQHandler
                0x0000029a                RNG_DriverIRQHandler
                0x0000029a                DMA15_DMA31_DriverIRQHandler
                0x0000029a                UART1_ERR_DriverIRQHandler
                0x0000029a                ENET_Transmit_DriverIRQHandler
                0x0000029a                PORTD_DriverIRQHandler
                0x0000029a                Reserved46_DriverIRQHandler
                0x0000029a                PORTE_DriverIRQHandler
                0x0000029a                FTFE_DriverIRQHandler
                0x0000029a                CAN1_DriverIRQHandler
                0x00000400                        . = 0x400
 *fill*         0x0000029c      0x164 ff
                0x00000400                        PROVIDE (__FLASH_CONFIG_START__ = .)
 *(SORT_BY_ALIGNMENT(.FlashConfig))
 .FlashConfig   0x00000400       0x10 ./startup/startup_mk66f18.o
                0x00000400                Flash_Config
                0x00000410                        PROVIDE (__FLASH_CONFIG_END__ = .)
                0x00000001                        ASSERT (! ((__FLASH_CONFIG_START__ == __FLASH_CONFIG_END__)), Linker Flash Config Support Enabled, but no .FlashConfig section provided within application)
 *(SORT_BY_ALIGNMENT(.text*))
 .text.DbgConsole_Init
                0x00000410      0x118 ./utilities/fsl_debug_console.o
                0x00000410                DbgConsole_Init
 .text.main     0x00000528      0x104 ./source/main.o
                0x00000528                main
 .text.__NVIC_EnableIRQ
                0x0000062c       0x3c ./myDrivers/SAE/App.o
 .text.GPIO_Config
                0x00000668       0x60 ./myDrivers/SAE/App.o
                0x00000668                GPIO_Config
 .text.Task_A   0x000006c8       0x18 ./myDrivers/SAE/App.o
                0x000006c8                Task_A
 .text.Task_B   0x000006e0       0x18 ./myDrivers/SAE/App.o
                0x000006e0                Task_B
 .text.Task_C   0x000006f8       0x18 ./myDrivers/SAE/App.o
                0x000006f8                Task_C
 .text.Task_D   0x00000710       0x18 ./myDrivers/SAE/App.o
                0x00000710                Task_D
 .text.Task_E   0x00000728       0x18 ./myDrivers/SAE/App.o
                0x00000728                Task_E
 .text.Task_F   0x00000740       0x18 ./myDrivers/SAE/App.o
                0x00000740                Task_F
 .text.Task_G   0x00000758       0x18 ./myDrivers/SAE/App.o
                0x00000758                Task_G
 .text.PORTA_IRQHandler
                0x00000770       0x2c ./myDrivers/SAE/App.o
                0x00000770                PORTA_IRQHandler
 .text.__NVIC_DisableIRQ
                0x0000079c       0x48 ./myDrivers/SAE/SO.o
 .text.Create_Task
                0x000007e4       0xec ./myDrivers/SAE/SO.o
                0x000007e4                Create_Task
 .text.Activate_Task_ISR
                0x000008d0       0x48 ./myDrivers/SAE/SO.o
                0x000008d0                Activate_Task_ISR
 .text.Terminate_Task
                0x00000918       0x24 ./myDrivers/SAE/SO.o
                0x00000918                Terminate_Task
 .text.Scheduler
                0x0000093c       0x6c ./myDrivers/SAE/SO.o
                0x0000093c                Scheduler
 .text.Save_Context
                0x000009a8       0x7c ./myDrivers/SAE/SO.o
                0x000009a8                Save_Context
 .text.Restore_Context
                0x00000a24       0x50 ./myDrivers/SAE/SO.o
                0x00000a24                Restore_Context
 .text.Set_Alarm
                0x00000a74       0x78 ./myDrivers/SAE/SO.o
                0x00000a74                Set_Alarm
 .text.Check_Alarms
                0x00000aec       0x90 ./myDrivers/SAE/SO.o
                0x00000aec                Check_Alarms
 .text.PIT0_IRQHandler
                0x00000b7c       0x18 ./myDrivers/SAE/SO.o
                0x00000b7c                PIT0_IRQHandler
 .text.__NVIC_EnableIRQ
                0x00000b94       0x3c ./myDrivers/Peripherics/Low_Power.o
 .text.sleep    0x00000bd0       0x20 ./myDrivers/Peripherics/Low_Power.o
                0x00000bd0                sleep
 .text.PIT_Config
                0x00000bf0       0x48 ./myDrivers/Peripherics/PIT.o
                0x00000bf0                PIT_Config
 .text.Config_Pins
                0x00000c38       0xb0 ./myDrivers/Peripherics/RGB.o
                0x00000c38                Config_Pins
 .text.Init_Pins
                0x00000ce8       0x50 ./myDrivers/Peripherics/RGB.o
                0x00000ce8                Init_Pins
 .text.Off      0x00000d38       0x30 ./myDrivers/Peripherics/RGB.o
                0x00000d38                Off
 .text.CLOCK_SetEr32kClock
                0x00000d68       0x30 ./drivers/fsl_clock.o
 .text.CLOCK_SetPllFllSelClock
                0x00000d98       0x54 ./drivers/fsl_clock.o
 .text.CLOCK_GetMcgExtClkFreq
                0x00000dec       0x7c ./drivers/fsl_clock.o
 .text.CLOCK_GetFllExtRefClkFreq
                0x00000e68       0xb0 ./drivers/fsl_clock.o
 .text.CLOCK_GetInternalRefClkSelectFreq
                0x00000f18       0x4c ./drivers/fsl_clock.o
 .text.CLOCK_GetFllRefClkFreq
                0x00000f64       0x34 ./drivers/fsl_clock.o
 .text.CLOCK_GetOscRangeFromFreq
                0x00000f98       0x3c ./drivers/fsl_clock.o
 .text.CLOCK_GetCoreSysClkFreq
                0x00000fd4       0x28 ./drivers/fsl_clock.o
                0x00000fd4                CLOCK_GetCoreSysClkFreq
 .text.CLOCK_SetSimConfig
                0x00000ffc       0x40 ./drivers/fsl_clock.o
                0x00000ffc                CLOCK_SetSimConfig
 .text.CLOCK_EnableUsbfs0Clock
                0x0000103c      0x11c ./drivers/fsl_clock.o
                0x0000103c                CLOCK_EnableUsbfs0Clock
 .text.CLOCK_GetOutClkFreq
                0x00001158       0x90 ./drivers/fsl_clock.o
                0x00001158                CLOCK_GetOutClkFreq
 .text.CLOCK_GetFllFreq
                0x000011e8       0x84 ./drivers/fsl_clock.o
                0x000011e8                CLOCK_GetFllFreq
 .text.CLOCK_GetPll0Freq
                0x0000126c       0x7c ./drivers/fsl_clock.o
                0x0000126c                CLOCK_GetPll0Freq
 .text.CLOCK_GetExtPllFreq
                0x000012e8       0x18 ./drivers/fsl_clock.o
                0x000012e8                CLOCK_GetExtPllFreq
 .text.CLOCK_SetExtPllFreq
                0x00001300       0x20 ./drivers/fsl_clock.o
                0x00001300                CLOCK_SetExtPllFreq
 .text.CLOCK_SetExternalRefClkConfig
                0x00001320       0x6c ./drivers/fsl_clock.o
                0x00001320                CLOCK_SetExternalRefClkConfig
 .text.CLOCK_SetInternalRefClkConfig
                0x0000138c      0x104 ./drivers/fsl_clock.o
                0x0000138c                CLOCK_SetInternalRefClkConfig
 .text.CLOCK_EnablePll0
                0x00001490       0x88 ./drivers/fsl_clock.o
                0x00001490                CLOCK_EnablePll0
 .text.CLOCK_InitOsc0
                0x00001518       0x8c ./drivers/fsl_clock.o
                0x00001518                CLOCK_InitOsc0
 .text.CLOCK_SetPbeMode
                0x000015a4       0xe8 ./drivers/fsl_clock.o
                0x000015a4                CLOCK_SetPbeMode
 .text.CLOCK_BootToPeeMode
                0x0000168c       0x68 ./drivers/fsl_clock.o
                0x0000168c                CLOCK_BootToPeeMode
 .text.I2C_TransferCommonIRQHandler
                0x000016f4       0x58 ./drivers/fsl_i2c.o
 .text.I2C0_DriverIRQHandler
                0x0000174c       0x1c ./drivers/fsl_i2c.o
                0x0000174c                I2C0_DriverIRQHandler
 .text.I2C1_DriverIRQHandler
                0x00001768       0x1c ./drivers/fsl_i2c.o
                0x00001768                I2C1_DriverIRQHandler
 .text.I2C2_DriverIRQHandler
                0x00001784       0x1c ./drivers/fsl_i2c.o
                0x00001784                I2C2_DriverIRQHandler
 .text.I2C3_DriverIRQHandler
                0x000017a0       0x1c ./drivers/fsl_i2c.o
                0x000017a0                I2C3_DriverIRQHandler
 .text.UART_GetInstance
                0x000017bc       0x54 ./drivers/fsl_uart.o
                0x000017bc                UART_GetInstance
 .text.UART_Init
                0x00001810      0x2f4 ./drivers/fsl_uart.o
                0x00001810                UART_Init
 .text.UART_GetDefaultConfig
                0x00001b04       0x68 ./drivers/fsl_uart.o
                0x00001b04                UART_GetDefaultConfig
 .text.UART0_DriverIRQHandler
                0x00001b6c       0x28 ./drivers/fsl_uart.o
                0x00001b6c                UART0_DriverIRQHandler
 .text.UART1_DriverIRQHandler
                0x00001b94       0x28 ./drivers/fsl_uart.o
                0x00001b94                UART1_DriverIRQHandler
 .text.UART2_DriverIRQHandler
                0x00001bbc       0x28 ./drivers/fsl_uart.o
                0x00001bbc                UART2_DriverIRQHandler
 .text.UART3_DriverIRQHandler
                0x00001be4       0x28 ./drivers/fsl_uart.o
                0x00001be4                UART3_DriverIRQHandler
 .text.UART4_DriverIRQHandler
                0x00001c0c       0x28 ./drivers/fsl_uart.o
                0x00001c0c                UART4_DriverIRQHandler
 .text.SystemInit
                0x00001c34       0x3c ./device/system_MK66F18.o
                0x00001c34                SystemInit
 .text.HAL_UartInit
                0x00001c70      0x128 ./component/uart/fsl_adapter_uart.o
                0x00001c70                HAL_UartInit
 .text.CLOCK_SetSdhc0Clock
                0x00001d98       0x38 ./board/clock_config.o
 .text.CLOCK_SetEnetTime0Clock
                0x00001dd0       0x38 ./board/clock_config.o
 .text.CLOCK_SetRmii0Clock
                0x00001e08       0x38 ./board/clock_config.o
 .text.CLOCK_SetLpuartClock
                0x00001e40       0x38 ./board/clock_config.o
 .text.CLOCK_SetTpmClock
                0x00001e78       0x38 ./board/clock_config.o
 .text.CLOCK_SetTraceClock
                0x00001eb0       0x54 ./board/clock_config.o
 .text.CLOCK_SetClkOutClock
                0x00001f04       0x34 ./board/clock_config.o
 .text.CLOCK_SetRtcClkOutClock
                0x00001f38       0x38 ./board/clock_config.o
 .text.CLOCK_SetSimSafeDivs
                0x00001f70       0x24 ./board/clock_config.o
 .text.CLOCK_SetXtal0Freq
                0x00001f94       0x20 ./board/clock_config.o
 .text.CLOCK_SetXtal32Freq
                0x00001fb4       0x20 ./board/clock_config.o
 .text.CLOCK_CONFIG_SetRtcClock
                0x00001fd4       0x84 ./board/clock_config.o
 .text.CLOCK_CONFIG_EnableUsbhs0PhyPllClock
                0x00002058       0xf4 ./board/clock_config.o
 .text.CLOCK_CONFIG_EnableUsbhs0PfdClock
                0x0000214c       0xb4 ./board/clock_config.o
 .text.CLOCK_CONFIG_SetUsbSlowClock
                0x00002200       0x38 ./board/clock_config.o
 .text.CLOCK_CONFIG_SetFllExtRefDiv
                0x00002238       0x3c ./board/clock_config.o
 .text.BOARD_BootClockHSRUN
                0x00002274       0xe0 ./board/clock_config.o
                0x00002274                BOARD_BootClockHSRUN
 .text.PORT_SetPinConfig
                0x00002354       0x38 ./board/pin_mux.o
 .text.BOARD_InitPins
                0x0000238c       0x30 ./board/pin_mux.o
                0x0000238c                BOARD_InitPins
 .text.BOARD_InitDEBUG_UARTPins
                0x000023bc       0x68 ./board/pin_mux.o
                0x000023bc                BOARD_InitDEBUG_UARTPins
 .text.__assertion_failed
                0x00002424       0x4c C:/nxp/MCUXpressoIDE_24.9.25/ide/plugins/com.nxp.mcuxpresso.tools.win32_24.9.0.202407110857/tools/bin/../lib/gcc/arm-none-eabi/13.2.1/../../../../arm-none-eabi/lib/thumb/v7e-m+fp/hard\libcr_nohost_nf.a(_cr_assert.o)
                0x00002424                __assertion_failed
 .text._Cwritebuf
                0x00002470       0x6c C:/nxp/MCUXpressoIDE_24.9.25/ide/plugins/com.nxp.mcuxpresso.tools.win32_24.9.0.202407110857/tools/bin/../lib/gcc/arm-none-eabi/13.2.1/../../../../arm-none-eabi/lib/thumb/v7e-m+fp/hard\libcr_c.a(_writebuf.o)
                0x00002470                _Cwritebuf
 .text.malloc   0x000024dc       0xc8 C:/nxp/MCUXpressoIDE_24.9.25/ide/plugins/com.nxp.mcuxpresso.tools.win32_24.9.0.202407110857/tools/bin/../lib/gcc/arm-none-eabi/13.2.1/../../../../arm-none-eabi/lib/thumb/v7e-m+fp/hard\libcr_c.a(alloc.o)
                0x000024dc                malloc
 .text._Csys_alloc
                0x000025a4       0x20 C:/nxp/MCUXpressoIDE_24.9.25/ide/plugins/com.nxp.mcuxpresso.tools.win32_24.9.0.202407110857/tools/bin/../lib/gcc/arm-none-eabi/13.2.1/../../../../arm-none-eabi/lib/thumb/v7e-m+fp/hard\libcr_c.a(alloc.o)
                0x000025a4                _Csys_alloc
 .text.fseek    0x000025c4       0xf8 C:/nxp/MCUXpressoIDE_24.9.25/ide/plugins/com.nxp.mcuxpresso.tools.win32_24.9.0.202407110857/tools/bin/../lib/gcc/arm-none-eabi/13.2.1/../../../../arm-none-eabi/lib/thumb/v7e-m+fp/hard\libcr_c.a(fseek.o)
                0x000025c4                fseek
 .text.ftell    0x000026bc       0x44 C:/nxp/MCUXpressoIDE_24.9.25/ide/plugins/com.nxp.mcuxpresso.tools.win32_24.9.0.202407110857/tools/bin/../lib/gcc/arm-none-eabi/13.2.1/../../../../arm-none-eabi/lib/thumb/v7e-m+fp/hard\libcr_c.a(ftell.o)
                0x000026bc                ftell
 .text._initio  0x00002700       0x78 C:/nxp/MCUXpressoIDE_24.9.25/ide/plugins/com.nxp.mcuxpresso.tools.win32_24.9.0.202407110857/tools/bin/../lib/gcc/arm-none-eabi/13.2.1/../../../../arm-none-eabi/lib/thumb/v7e-m+fp/hard\libcr_c.a(initio.o)
                0x00002700                _initio
 .text._sbrk    0x00002778       0x3c C:/nxp/MCUXpressoIDE_24.9.25/ide/plugins/com.nxp.mcuxpresso.tools.win32_24.9.0.202407110857/tools/bin/../lib/gcc/arm-none-eabi/13.2.1/../../../../arm-none-eabi/lib/thumb/v7e-m+fp/hard\libcr_c.a(_cr_sbrk.o)
                0x00002778                _sbrk
 .text.fflush   0x000027b4       0x3c C:/nxp/MCUXpressoIDE_24.9.25/ide/plugins/com.nxp.mcuxpresso.tools.win32_24.9.0.202407110857/tools/bin/../lib/gcc/arm-none-eabi/13.2.1/../../../../arm-none-eabi/lib/thumb/v7e-m+fp/hard\libcr_c.a(fflush.o)
                0x000027b4                fflush
 .text.__check_heap_overflow
                0x000027f0       0x18 C:/nxp/MCUXpressoIDE_24.9.25/ide/plugins/com.nxp.mcuxpresso.tools.win32_24.9.0.202407110857/tools/bin/../lib/gcc/arm-none-eabi/13.2.1/../../../../arm-none-eabi/lib/thumb/v7e-m+fp/hard\libcr_c.a(_cr_check_heap.o)
                0x000027f0                __check_heap_overflow
 .text.DMA0_DMA16_IRQHandler
                0x00002808        0x8 ./startup/startup_mk66f18.o
                0x00002808                DMA0_DMA16_IRQHandler
 .text.DMA1_DMA17_IRQHandler
                0x00002810        0x8 ./startup/startup_mk66f18.o
                0x00002810                DMA1_DMA17_IRQHandler
 .text.DMA2_DMA18_IRQHandler
                0x00002818        0x8 ./startup/startup_mk66f18.o
                0x00002818                DMA2_DMA18_IRQHandler
 .text.DMA3_DMA19_IRQHandler
                0x00002820        0x8 ./startup/startup_mk66f18.o
                0x00002820                DMA3_DMA19_IRQHandler
 .text.DMA4_DMA20_IRQHandler
                0x00002828        0x8 ./startup/startup_mk66f18.o
                0x00002828                DMA4_DMA20_IRQHandler
 .text.DMA5_DMA21_IRQHandler
                0x00002830        0x8 ./startup/startup_mk66f18.o
                0x00002830                DMA5_DMA21_IRQHandler
 .text.DMA6_DMA22_IRQHandler
                0x00002838        0x8 ./startup/startup_mk66f18.o
                0x00002838                DMA6_DMA22_IRQHandler
 .text.DMA7_DMA23_IRQHandler
                0x00002840        0x8 ./startup/startup_mk66f18.o
                0x00002840                DMA7_DMA23_IRQHandler
 .text.DMA8_DMA24_IRQHandler
                0x00002848        0x8 ./startup/startup_mk66f18.o
                0x00002848                DMA8_DMA24_IRQHandler
 .text.DMA9_DMA25_IRQHandler
                0x00002850        0x8 ./startup/startup_mk66f18.o
                0x00002850                DMA9_DMA25_IRQHandler
 .text.DMA10_DMA26_IRQHandler
                0x00002858        0x8 ./startup/startup_mk66f18.o
                0x00002858                DMA10_DMA26_IRQHandler
 .text.DMA11_DMA27_IRQHandler
                0x00002860        0x8 ./startup/startup_mk66f18.o
                0x00002860                DMA11_DMA27_IRQHandler
 .text.DMA12_DMA28_IRQHandler
                0x00002868        0x8 ./startup/startup_mk66f18.o
                0x00002868                DMA12_DMA28_IRQHandler
 .text.DMA13_DMA29_IRQHandler
                0x00002870        0x8 ./startup/startup_mk66f18.o
                0x00002870                DMA13_DMA29_IRQHandler
 .text.DMA14_DMA30_IRQHandler
                0x00002878        0x8 ./startup/startup_mk66f18.o
                0x00002878                DMA14_DMA30_IRQHandler
 .text.DMA15_DMA31_IRQHandler
                0x00002880        0x8 ./startup/startup_mk66f18.o
                0x00002880                DMA15_DMA31_IRQHandler
 .text.DMA_Error_IRQHandler
                0x00002888        0x8 ./startup/startup_mk66f18.o
                0x00002888                DMA_Error_IRQHandler
 .text.MCM_IRQHandler
                0x00002890        0x8 ./startup/startup_mk66f18.o
                0x00002890                MCM_IRQHandler
 .text.FTFE_IRQHandler
                0x00002898        0x8 ./startup/startup_mk66f18.o
                0x00002898                FTFE_IRQHandler
 .text.Read_Collision_IRQHandler
                0x000028a0        0x8 ./startup/startup_mk66f18.o
                0x000028a0                Read_Collision_IRQHandler
 .text.LVD_LVW_IRQHandler
                0x000028a8        0x8 ./startup/startup_mk66f18.o
                0x000028a8                LVD_LVW_IRQHandler
 .text.LLWU_IRQHandler
                0x000028b0        0x8 ./startup/startup_mk66f18.o
                0x000028b0                LLWU_IRQHandler
 .text.WDOG_EWM_IRQHandler
                0x000028b8        0x8 ./startup/startup_mk66f18.o
                0x000028b8                WDOG_EWM_IRQHandler
 .text.RNG_IRQHandler
                0x000028c0        0x8 ./startup/startup_mk66f18.o
                0x000028c0                RNG_IRQHandler
 .text.I2C0_IRQHandler
                0x000028c8        0x8 ./startup/startup_mk66f18.o
                0x000028c8                I2C0_IRQHandler
 .text.I2C1_IRQHandler
                0x000028d0        0x8 ./startup/startup_mk66f18.o
                0x000028d0                I2C1_IRQHandler
 .text.SPI0_IRQHandler
                0x000028d8        0x8 ./startup/startup_mk66f18.o
                0x000028d8                SPI0_IRQHandler
 .text.SPI1_IRQHandler
                0x000028e0        0x8 ./startup/startup_mk66f18.o
                0x000028e0                SPI1_IRQHandler
 .text.I2S0_Tx_IRQHandler
                0x000028e8        0x8 ./startup/startup_mk66f18.o
                0x000028e8                I2S0_Tx_IRQHandler
 .text.I2S0_Rx_IRQHandler
                0x000028f0        0x8 ./startup/startup_mk66f18.o
                0x000028f0                I2S0_Rx_IRQHandler
 .text.Reserved46_IRQHandler
                0x000028f8        0x8 ./startup/startup_mk66f18.o
                0x000028f8                Reserved46_IRQHandler
 .text.UART0_RX_TX_IRQHandler
                0x00002900        0x8 ./startup/startup_mk66f18.o
                0x00002900                UART0_RX_TX_IRQHandler
 .text.UART0_ERR_IRQHandler
                0x00002908        0x8 ./startup/startup_mk66f18.o
                0x00002908                UART0_ERR_IRQHandler
 .text.UART1_RX_TX_IRQHandler
                0x00002910        0x8 ./startup/startup_mk66f18.o
                0x00002910                UART1_RX_TX_IRQHandler
 .text.UART1_ERR_IRQHandler
                0x00002918        0x8 ./startup/startup_mk66f18.o
                0x00002918                UART1_ERR_IRQHandler
 .text.UART2_RX_TX_IRQHandler
                0x00002920        0x8 ./startup/startup_mk66f18.o
                0x00002920                UART2_RX_TX_IRQHandler
 .text.UART2_ERR_IRQHandler
                0x00002928        0x8 ./startup/startup_mk66f18.o
                0x00002928                UART2_ERR_IRQHandler
 .text.UART3_RX_TX_IRQHandler
                0x00002930        0x8 ./startup/startup_mk66f18.o
                0x00002930                UART3_RX_TX_IRQHandler
 .text.UART3_ERR_IRQHandler
                0x00002938        0x8 ./startup/startup_mk66f18.o
                0x00002938                UART3_ERR_IRQHandler
 .text.ADC0_IRQHandler
                0x00002940        0x8 ./startup/startup_mk66f18.o
                0x00002940                ADC0_IRQHandler
 .text.CMP0_IRQHandler
                0x00002948        0x8 ./startup/startup_mk66f18.o
                0x00002948                CMP0_IRQHandler
 .text.CMP1_IRQHandler
                0x00002950        0x8 ./startup/startup_mk66f18.o
                0x00002950                CMP1_IRQHandler
 .text.FTM0_IRQHandler
                0x00002958        0x8 ./startup/startup_mk66f18.o
                0x00002958                FTM0_IRQHandler
 .text.FTM1_IRQHandler
                0x00002960        0x8 ./startup/startup_mk66f18.o
                0x00002960                FTM1_IRQHandler
 .text.FTM2_IRQHandler
                0x00002968        0x8 ./startup/startup_mk66f18.o
                0x00002968                FTM2_IRQHandler
 .text.CMT_IRQHandler
                0x00002970        0x8 ./startup/startup_mk66f18.o
                0x00002970                CMT_IRQHandler
 .text.RTC_IRQHandler
                0x00002978        0x8 ./startup/startup_mk66f18.o
                0x00002978                RTC_IRQHandler
 .text.RTC_Seconds_IRQHandler
                0x00002980        0x8 ./startup/startup_mk66f18.o
                0x00002980                RTC_Seconds_IRQHandler
 .text.PIT1_IRQHandler
                0x00002988        0x8 ./startup/startup_mk66f18.o
                0x00002988                PIT1_IRQHandler
 .text.PIT2_IRQHandler
                0x00002990        0x8 ./startup/startup_mk66f18.o
                0x00002990                PIT2_IRQHandler
 .text.PIT3_IRQHandler
                0x00002998        0x8 ./startup/startup_mk66f18.o
                0x00002998                PIT3_IRQHandler
 .text.PDB0_IRQHandler
                0x000029a0        0x8 ./startup/startup_mk66f18.o
                0x000029a0                PDB0_IRQHandler
 .text.USB0_IRQHandler
                0x000029a8        0x8 ./startup/startup_mk66f18.o
                0x000029a8                USB0_IRQHandler
 .text.USBDCD_IRQHandler
                0x000029b0        0x8 ./startup/startup_mk66f18.o
                0x000029b0                USBDCD_IRQHandler
 .text.Reserved71_IRQHandler
                0x000029b8        0x8 ./startup/startup_mk66f18.o
                0x000029b8                Reserved71_IRQHandler
 .text.DAC0_IRQHandler
                0x000029c0        0x8 ./startup/startup_mk66f18.o
                0x000029c0                DAC0_IRQHandler
 .text.MCG_IRQHandler
                0x000029c8        0x8 ./startup/startup_mk66f18.o
                0x000029c8                MCG_IRQHandler
 .text.LPTMR0_IRQHandler
                0x000029d0        0x8 ./startup/startup_mk66f18.o
                0x000029d0                LPTMR0_IRQHandler
 .text.PORTB_IRQHandler
                0x000029d8        0x8 ./startup/startup_mk66f18.o
                0x000029d8                PORTB_IRQHandler
 .text.PORTC_IRQHandler
                0x000029e0        0x8 ./startup/startup_mk66f18.o
                0x000029e0                PORTC_IRQHandler
 .text.PORTD_IRQHandler
                0x000029e8        0x8 ./startup/startup_mk66f18.o
                0x000029e8                PORTD_IRQHandler
 .text.PORTE_IRQHandler
                0x000029f0        0x8 ./startup/startup_mk66f18.o
                0x000029f0                PORTE_IRQHandler
 .text.SWI_IRQHandler
                0x000029f8        0x8 ./startup/startup_mk66f18.o
                0x000029f8                SWI_IRQHandler
 .text.SPI2_IRQHandler
                0x00002a00        0x8 ./startup/startup_mk66f18.o
                0x00002a00                SPI2_IRQHandler
 .text.UART4_RX_TX_IRQHandler
                0x00002a08        0x8 ./startup/startup_mk66f18.o
                0x00002a08                UART4_RX_TX_IRQHandler
 .text.UART4_ERR_IRQHandler
                0x00002a10        0x8 ./startup/startup_mk66f18.o
                0x00002a10                UART4_ERR_IRQHandler
 .text.Reserved84_IRQHandler
                0x00002a18        0x8 ./startup/startup_mk66f18.o
                0x00002a18                Reserved84_IRQHandler
 .text.Reserved85_IRQHandler
                0x00002a20        0x8 ./startup/startup_mk66f18.o
                0x00002a20                Reserved85_IRQHandler
 .text.CMP2_IRQHandler
                0x00002a28        0x8 ./startup/startup_mk66f18.o
                0x00002a28                CMP2_IRQHandler
 .text.FTM3_IRQHandler
                0x00002a30        0x8 ./startup/startup_mk66f18.o
                0x00002a30                FTM3_IRQHandler
 .text.DAC1_IRQHandler
                0x00002a38        0x8 ./startup/startup_mk66f18.o
                0x00002a38                DAC1_IRQHandler
 .text.ADC1_IRQHandler
                0x00002a40        0x8 ./startup/startup_mk66f18.o
                0x00002a40                ADC1_IRQHandler
 .text.I2C2_IRQHandler
                0x00002a48        0x8 ./startup/startup_mk66f18.o
                0x00002a48                I2C2_IRQHandler
 .text.CAN0_ORed_Message_buffer_IRQHandler
                0x00002a50        0x8 ./startup/startup_mk66f18.o
                0x00002a50                CAN0_ORed_Message_buffer_IRQHandler
 .text.CAN0_Bus_Off_IRQHandler
                0x00002a58        0x8 ./startup/startup_mk66f18.o
                0x00002a58                CAN0_Bus_Off_IRQHandler
 .text.CAN0_Error_IRQHandler
                0x00002a60        0x8 ./startup/startup_mk66f18.o
                0x00002a60                CAN0_Error_IRQHandler
 .text.CAN0_Tx_Warning_IRQHandler
                0x00002a68        0x8 ./startup/startup_mk66f18.o
                0x00002a68                CAN0_Tx_Warning_IRQHandler
 .text.CAN0_Rx_Warning_IRQHandler
                0x00002a70        0x8 ./startup/startup_mk66f18.o
                0x00002a70                CAN0_Rx_Warning_IRQHandler
 .text.CAN0_Wake_Up_IRQHandler
                0x00002a78        0x8 ./startup/startup_mk66f18.o
                0x00002a78                CAN0_Wake_Up_IRQHandler
 .text.SDHC_IRQHandler
                0x00002a80        0x8 ./startup/startup_mk66f18.o
                0x00002a80                SDHC_IRQHandler
 .text.ENET_1588_Timer_IRQHandler
                0x00002a88        0x8 ./startup/startup_mk66f18.o
                0x00002a88                ENET_1588_Timer_IRQHandler
 .text.ENET_Transmit_IRQHandler
                0x00002a90        0x8 ./startup/startup_mk66f18.o
                0x00002a90                ENET_Transmit_IRQHandler
 .text.ENET_Receive_IRQHandler
                0x00002a98        0x8 ./startup/startup_mk66f18.o
                0x00002a98                ENET_Receive_IRQHandler
 .text.ENET_Error_IRQHandler
                0x00002aa0        0x8 ./startup/startup_mk66f18.o
                0x00002aa0                ENET_Error_IRQHandler
 .text.LPUART0_IRQHandler
                0x00002aa8        0x8 ./startup/startup_mk66f18.o
                0x00002aa8                LPUART0_IRQHandler
 .text.TSI0_IRQHandler
                0x00002ab0        0x8 ./startup/startup_mk66f18.o
                0x00002ab0                TSI0_IRQHandler
 .text.TPM1_IRQHandler
                0x00002ab8        0x8 ./startup/startup_mk66f18.o
                0x00002ab8                TPM1_IRQHandler
 .text.TPM2_IRQHandler
                0x00002ac0        0x8 ./startup/startup_mk66f18.o
                0x00002ac0                TPM2_IRQHandler
 .text.USBHSDCD_IRQHandler
                0x00002ac8        0x8 ./startup/startup_mk66f18.o
                0x00002ac8                USBHSDCD_IRQHandler
 .text.I2C3_IRQHandler
                0x00002ad0        0x8 ./startup/startup_mk66f18.o
                0x00002ad0                I2C3_IRQHandler
 .text.CMP3_IRQHandler
                0x00002ad8        0x8 ./startup/startup_mk66f18.o
                0x00002ad8                CMP3_IRQHandler
 .text.USBHS_IRQHandler
                0x00002ae0        0x8 ./startup/startup_mk66f18.o
                0x00002ae0                USBHS_IRQHandler
 .text.CAN1_ORed_Message_buffer_IRQHandler
                0x00002ae8        0x8 ./startup/startup_mk66f18.o
                0x00002ae8                CAN1_ORed_Message_buffer_IRQHandler
 .text.CAN1_Bus_Off_IRQHandler
                0x00002af0        0x8 ./startup/startup_mk66f18.o
                0x00002af0                CAN1_Bus_Off_IRQHandler
 .text.CAN1_Error_IRQHandler
                0x00002af8        0x8 ./startup/startup_mk66f18.o
                0x00002af8                CAN1_Error_IRQHandler
 .text.CAN1_Tx_Warning_IRQHandler
                0x00002b00        0x8 ./startup/startup_mk66f18.o
                0x00002b00                CAN1_Tx_Warning_IRQHandler
 .text.CAN1_Rx_Warning_IRQHandler
                0x00002b08        0x8 ./startup/startup_mk66f18.o
                0x00002b08                CAN1_Rx_Warning_IRQHandler
 .text.CAN1_Wake_Up_IRQHandler
                0x00002b10        0x8 ./startup/startup_mk66f18.o
                0x00002b10                CAN1_Wake_Up_IRQHandler
 .text.HardFault_Handler
                0x00002b18       0x36 ./source/semihost_hardfault.o
                0x00002b18                HardFault_Handler
 .text.EnableIRQ
                0x00002b4e       0x32 ./myDrivers/SAE/App.o
 .text.SO_Init  0x00002b80        0xc ./myDrivers/SAE/SO.o
                0x00002b80                SO_Init
 .text.EnableIRQ
                0x00002b8c       0x32 ./myDrivers/Peripherics/Low_Power.o
 .text.CLOCK_EnableClock
                0x00002bbe       0x34 ./drivers/fsl_clock.o
 .text.CLOCK_DisableClock
                0x00002bf2       0x38 ./drivers/fsl_clock.o
 .text.OSC_SetExtRefClkConfig
                0x00002c2a       0x40 ./drivers/fsl_clock.o
 .text.OSC_SetCapLoad
                0x00002c6a       0x34 ./drivers/fsl_clock.o
 .text.CLOCK_GetPll0RefFreq
                0x00002c9e        0xe ./drivers/fsl_clock.o
 .text.SMC_SetPowerModeHsrun
                0x00002cac       0x32 ./drivers/fsl_smc.o
                0x00002cac                SMC_SetPowerModeHsrun
 .text.CLOCK_EnableClock
                0x00002cde       0x34 ./drivers/fsl_uart.o
 .text.UART0_RX_TX_DriverIRQHandler
                0x00002d12       0x12 ./drivers/fsl_uart.o
                0x00002d12                UART0_RX_TX_DriverIRQHandler
 .text.UART1_RX_TX_DriverIRQHandler
                0x00002d24       0x12 ./drivers/fsl_uart.o
                0x00002d24                UART1_RX_TX_DriverIRQHandler
 .text.UART2_RX_TX_DriverIRQHandler
                0x00002d36       0x12 ./drivers/fsl_uart.o
                0x00002d36                UART2_RX_TX_DriverIRQHandler
 .text.UART3_RX_TX_DriverIRQHandler
                0x00002d48       0x12 ./drivers/fsl_uart.o
                0x00002d48                UART3_RX_TX_DriverIRQHandler
 .text.UART4_RX_TX_DriverIRQHandler
                0x00002d5a       0x12 ./drivers/fsl_uart.o
                0x00002d5a                UART4_RX_TX_DriverIRQHandler
 .text.SystemInitHook
                0x00002d6c        0xe ./device/system_MK66F18.o
                0x00002d6c                SystemInitHook
 .text.HAL_UartGetStatus
                0x00002d7a       0x22 ./component/uart/fsl_adapter_uart.o
 .text.DisableGlobalIRQ
                0x00002d9c       0x22 ./component/serial_manager/fsl_component_serial_manager.o
 .text.EnableGlobalIRQ
                0x00002dbe       0x20 ./component/serial_manager/fsl_component_serial_manager.o
 .text.SerialManager_Init
                0x00002dde       0x60 ./component/serial_manager/fsl_component_serial_manager.o
                0x00002dde                SerialManager_Init
 .text.SerialManager_OpenWriteHandle
                0x00002e3e       0x50 ./component/serial_manager/fsl_component_serial_manager.o
                0x00002e3e                SerialManager_OpenWriteHandle
 .text.SerialManager_OpenReadHandle
                0x00002e8e       0x60 ./component/serial_manager/fsl_component_serial_manager.o
                0x00002e8e                SerialManager_OpenReadHandle
 .text.Serial_UartInit
                0x00002eee       0x3e ./component/serial_manager/fsl_component_serial_port_uart.o
                0x00002eee                Serial_UartInit
 .text.BOARD_InitDebugConsole
                0x00002f2c       0x22 ./board/board.o
                0x00002f2c                BOARD_InitDebugConsole
 .text.CLOCK_EnableClock
                0x00002f4e       0x34 ./board/clock_config.o
 .text.CLOCK_DisableClock
                0x00002f82       0x38 ./board/clock_config.o
 .text.SMC_SetPowerModeProtection
                0x00002fba       0x1e ./board/clock_config.o
 .text.SMC_GetPowerModeState
                0x00002fd8       0x1a ./board/clock_config.o
 .text.RTC_SetOscCapLoad
                0x00002ff2       0x32 ./board/clock_config.o
 .text.BOARD_InitBootClocks
                0x00003024        0xc ./board/clock_config.o
                0x00003024                BOARD_InitBootClocks
 .text.BOARD_InitPeripherals
                0x00003030        0xe ./board/peripherals.o
                0x00003030                BOARD_InitPeripherals
 .text.BOARD_InitBootPeripherals
                0x0000303e        0xc ./board/peripherals.o
                0x0000303e                BOARD_InitBootPeripherals
 .text.CLOCK_EnableClock
                0x0000304a       0x34 ./board/pin_mux.o
 .text.PORT_SetPinMux
                0x0000307e       0x3a ./board/pin_mux.o
 .text.BOARD_InitBootPins
                0x000030b8       0x10 ./board/pin_mux.o
                0x000030b8                BOARD_InitBootPins
 .text.__main   0x000030c8        0xe C:/nxp/MCUXpressoIDE_24.9.25/ide/plugins/com.nxp.mcuxpresso.tools.win32_24.9.0.202407110857/tools/bin/../lib/gcc/arm-none-eabi/13.2.1/../../../../arm-none-eabi/lib/thumb/v7e-m+fp/hard\libcr_nohost_nf.a(_cr__main.o)
                0x000030c8                __main
 .text.__sys_appexit
                0x000030d6        0x2 C:/nxp/MCUXpressoIDE_24.9.25/ide/plugins/com.nxp.mcuxpresso.tools.win32_24.9.0.202407110857/tools/bin/../lib/gcc/arm-none-eabi/13.2.1/../../../../arm-none-eabi/lib/thumb/v7e-m+fp/hard\libcr_nohost_nf.a(__sys_appexit.o)
                0x000030d6                __sys_appexit
                0x000030d6                __exit
 .text.memset   0x000030d8        0x4 C:/nxp/MCUXpressoIDE_24.9.25/ide/plugins/com.nxp.mcuxpresso.tools.win32_24.9.0.202407110857/tools/bin/../lib/gcc/arm-none-eabi/13.2.1/../../../../arm-none-eabi/lib/thumb/v7e-m+fp/hard\libcr_c.a(memset.o)
                0x000030d8                memset
 .text._deferredlazyseek
                0x000030dc       0x40 C:/nxp/MCUXpressoIDE_24.9.25/ide/plugins/com.nxp.mcuxpresso.tools.win32_24.9.0.202407110857/tools/bin/../lib/gcc/arm-none-eabi/13.2.1/../../../../arm-none-eabi/lib/thumb/v7e-m+fp/hard\libcr_c.a(_deferredlazyseek.o)
                0x000030dc                _deferredlazyseek
 .text.__flsbuf
                0x0000311c      0x126 C:/nxp/MCUXpressoIDE_24.9.25/ide/plugins/com.nxp.mcuxpresso.tools.win32_24.9.0.202407110857/tools/bin/../lib/gcc/arm-none-eabi/13.2.1/../../../../arm-none-eabi/lib/thumb/v7e-m+fp/hard\libcr_c.a(_deferredlazyseek.o)
                0x0000311c                __flsbuf
 .text._fflush  0x00003242       0x52 C:/nxp/MCUXpressoIDE_24.9.25/ide/plugins/com.nxp.mcuxpresso.tools.win32_24.9.0.202407110857/tools/bin/../lib/gcc/arm-none-eabi/13.2.1/../../../../arm-none-eabi/lib/thumb/v7e-m+fp/hard\libcr_c.a(_fflush.o)
                0x00003242                _fflush
 .text.free     0x00003294       0x30 C:/nxp/MCUXpressoIDE_24.9.25/ide/plugins/com.nxp.mcuxpresso.tools.win32_24.9.0.202407110857/tools/bin/../lib/gcc/arm-none-eabi/13.2.1/../../../../arm-none-eabi/lib/thumb/v7e-m+fp/hard\libcr_c.a(alloc.o)
                0x00003294                free
 .text.fputs    0x000032c4       0x2c C:/nxp/MCUXpressoIDE_24.9.25/ide/plugins/com.nxp.mcuxpresso.tools.win32_24.9.0.202407110857/tools/bin/../lib/gcc/arm-none-eabi/13.2.1/../../../../arm-none-eabi/lib/thumb/v7e-m+fp/hard\libcr_c.a(fputs.o)
                0x000032c4                fputs
 .text.setvbuf  0x000032f0       0x3e C:/nxp/MCUXpressoIDE_24.9.25/ide/plugins/com.nxp.mcuxpresso.tools.win32_24.9.0.202407110857/tools/bin/../lib/gcc/arm-none-eabi/13.2.1/../../../../arm-none-eabi/lib/thumb/v7e-m+fp/hard\libcr_c.a(setvbuf.o)
                0x000032f0                setvbuf
 .text.strlen   0x0000332e       0x4e C:/nxp/MCUXpressoIDE_24.9.25/ide/plugins/com.nxp.mcuxpresso.tools.win32_24.9.0.202407110857/tools/bin/../lib/gcc/arm-none-eabi/13.2.1/../../../../arm-none-eabi/lib/thumb/v7e-m+fp/hard\libcr_c.a(strlen.o)
                0x0000332e                strlen
 .text._fdopen  0x0000337c       0x68 C:/nxp/MCUXpressoIDE_24.9.25/ide/plugins/com.nxp.mcuxpresso.tools.win32_24.9.0.202407110857/tools/bin/../lib/gcc/arm-none-eabi/13.2.1/../../../../arm-none-eabi/lib/thumb/v7e-m+fp/hard\libcr_c.a(_fdopen.o)
                0x0000337c                _fdopen
 .text.fclose   0x000033e4       0x58 C:/nxp/MCUXpressoIDE_24.9.25/ide/plugins/com.nxp.mcuxpresso.tools.win32_24.9.0.202407110857/tools/bin/../lib/gcc/arm-none-eabi/13.2.1/../../../../arm-none-eabi/lib/thumb/v7e-m+fp/hard\libcr_c.a(fclose.o)
                0x000033e4                fclose
 .text.remove   0x0000343c       0x14 C:/nxp/MCUXpressoIDE_24.9.25/ide/plugins/com.nxp.mcuxpresso.tools.win32_24.9.0.202407110857/tools/bin/../lib/gcc/arm-none-eabi/13.2.1/../../../../arm-none-eabi/lib/thumb/v7e-m+fp/hard\libcr_c.a(remove.o)
                0x0000343c                remove
 .text._do_fflush
                0x00003450       0x40 C:/nxp/MCUXpressoIDE_24.9.25/ide/plugins/com.nxp.mcuxpresso.tools.win32_24.9.0.202407110857/tools/bin/../lib/gcc/arm-none-eabi/13.2.1/../../../../arm-none-eabi/lib/thumb/v7e-m+fp/hard\libcr_c.a(_do_fflush.o)
                0x00003450                _do_fflush
 .text.__aeabi_memset_lowlevel
                0x00003490       0x32 C:/nxp/MCUXpressoIDE_24.9.25/ide/plugins/com.nxp.mcuxpresso.tools.win32_24.9.0.202407110857/tools/bin/../lib/gcc/arm-none-eabi/13.2.1/thumb/v7e-m+fp/hard\libcr_eabihelpers.a(memcpy.o)
                0x00003490                __aeabi_lowlevel_memset
 .text.__sys_close
                0x000034c2        0x6 C:/nxp/MCUXpressoIDE_24.9.25/ide/plugins/com.nxp.mcuxpresso.tools.win32_24.9.0.202407110857/tools/bin/../lib/gcc/arm-none-eabi/13.2.1/../../../../arm-none-eabi/lib/thumb/v7e-m+fp/hard\libcr_nohost_nf.a(__sys_close.o)
                0x000034c2                __sys_close
 .text.__sys_flen
                0x000034c8        0x6 C:/nxp/MCUXpressoIDE_24.9.25/ide/plugins/com.nxp.mcuxpresso.tools.win32_24.9.0.202407110857/tools/bin/../lib/gcc/arm-none-eabi/13.2.1/../../../../arm-none-eabi/lib/thumb/v7e-m+fp/hard\libcr_nohost_nf.a(__sys_flen.o)
                0x000034c8                __sys_flen
 .text.__sys_istty
                0x000034ce        0x6 C:/nxp/MCUXpressoIDE_24.9.25/ide/plugins/com.nxp.mcuxpresso.tools.win32_24.9.0.202407110857/tools/bin/../lib/gcc/arm-none-eabi/13.2.1/../../../../arm-none-eabi/lib/thumb/v7e-m+fp/hard\libcr_nohost_nf.a(__sys_istty.o)
                0x000034ce                __sys_istty
 .text.__sys_remove
                0x000034d4        0x6 C:/nxp/MCUXpressoIDE_24.9.25/ide/plugins/com.nxp.mcuxpresso.tools.win32_24.9.0.202407110857/tools/bin/../lib/gcc/arm-none-eabi/13.2.1/../../../../arm-none-eabi/lib/thumb/v7e-m+fp/hard\libcr_nohost_nf.a(__sys_remove.o)
                0x000034d4                __sys_remove
 .text.__sys_seek
                0x000034da        0x6 C:/nxp/MCUXpressoIDE_24.9.25/ide/plugins/com.nxp.mcuxpresso.tools.win32_24.9.0.202407110857/tools/bin/../lib/gcc/arm-none-eabi/13.2.1/../../../../arm-none-eabi/lib/thumb/v7e-m+fp/hard\libcr_nohost_nf.a(__sys_seek.o)
                0x000034da                __sys_seek
 .text.__sys_tmpnam
                0x000034e0        0x6 C:/nxp/MCUXpressoIDE_24.9.25/ide/plugins/com.nxp.mcuxpresso.tools.win32_24.9.0.202407110857/tools/bin/../lib/gcc/arm-none-eabi/13.2.1/../../../../arm-none-eabi/lib/thumb/v7e-m+fp/hard\libcr_nohost_nf.a(__sys_tmpnam.o)
                0x000034e0                __sys_tmpnam
 .text.__sys_write
                0x000034e6        0x4 C:/nxp/MCUXpressoIDE_24.9.25/ide/plugins/com.nxp.mcuxpresso.tools.win32_24.9.0.202407110857/tools/bin/../lib/gcc/arm-none-eabi/13.2.1/../../../../arm-none-eabi/lib/thumb/v7e-m+fp/hard\libcr_nohost_nf.a(__sys_write.o)
                0x000034e6                __sys_write
 *(SORT_BY_ALIGNMENT(.rodata) SORT_BY_ALIGNMENT(.rodata.*) SORT_BY_ALIGNMENT(.constdata) SORT_BY_ALIGNMENT(.constdata.*))
 *fill*         0x000034ea        0x2 ff
 .rodata.CLOCK_GetMcgExtClkFreq.str1.4
                0x000034ec      0x34b ./drivers/fsl_clock.o
                                 0x49 (size before relaxing)
 .rodata.CLOCK_EnableUsbfs0Clock.str1.4
                0x00003837       0x2d ./drivers/fsl_clock.o
 .rodata.CLOCK_GetPll0Freq.str1.4
                0x00003837       0x1d ./drivers/fsl_clock.o
 .rodata.CLOCK_EnablePll0.str1.4
                0x00003837       0x1a ./drivers/fsl_clock.o
 .rodata.CLOCK_SetPbeMode.str1.4
                0x00003837       0x1a ./drivers/fsl_clock.o
 .rodata.CLOCK_BootToPeeMode.str1.4
                0x00003837       0x1a ./drivers/fsl_clock.o
 *fill*         0x00003837        0x1 ff
 .rodata.fllFactorTable.1
                0x00003838       0x10 ./drivers/fsl_clock.o
 .rodata.s_uartBases
                0x00003848       0x14 ./drivers/fsl_uart.o
 .rodata.s_uartClock
                0x0000385c       0x14 ./drivers/fsl_uart.o
 .rodata.UART_GetInstance.str1.4
                0x00003870       0x2b ./drivers/fsl_uart.o
 .rodata.UART_Init.str1.4
                0x00003870       0xfb ./drivers/fsl_uart.o
 .rodata.UART_GetDefaultConfig.str1.4
                0x00003870       0x20 ./drivers/fsl_uart.o
 .rodata.s_UartAdapterBase
                0x00003870       0x14 ./component/uart/fsl_adapter_uart.o
 .rodata.HAL_UartInit.str1.4
                0x00003884       0xdd ./component/uart/fsl_adapter_uart.o
 .rodata.mcgConfig_BOARD_BootClockHSRUN
                0x00003884        0xc ./board/clock_config.o
                0x00003884                mcgConfig_BOARD_BootClockHSRUN
 .rodata.simConfig_BOARD_BootClockHSRUN
                0x00003890        0x8 ./board/clock_config.o
                0x00003890                simConfig_BOARD_BootClockHSRUN
 .rodata.oscConfig_BOARD_BootClockHSRUN
                0x00003898        0x8 ./board/clock_config.o
                0x00003898                oscConfig_BOARD_BootClockHSRUN
 .rodata.PORT_SetPinConfig.str1.4
                0x000038a0       0x2f ./board/pin_mux.o
 .rodata.__num_Ciob_streams
                0x000038a0        0x4 C:/nxp/MCUXpressoIDE_24.9.25/ide/plugins/com.nxp.mcuxpresso.tools.win32_24.9.0.202407110857/tools/bin/../lib/gcc/arm-none-eabi/13.2.1/../../../../arm-none-eabi/lib/thumb/v7e-m+fp/hard\libcr_nohost_nf.a(__ciob.o)
                0x000038a0                __num_Ciob_streams
 .rodata.__assertion_failed.str1.1
                0x000038a4       0x31 C:/nxp/MCUXpressoIDE_24.9.25/ide/plugins/com.nxp.mcuxpresso.tools.win32_24.9.0.202407110857/tools/bin/../lib/gcc/arm-none-eabi/13.2.1/../../../../arm-none-eabi/lib/thumb/v7e-m+fp/hard\libcr_nohost_nf.a(_cr_assert.o)
                                 0x15 (size before relaxing)
 .rodata._Csys_alloc.str1.1
                0x000038d5       0x18 C:/nxp/MCUXpressoIDE_24.9.25/ide/plugins/com.nxp.mcuxpresso.tools.win32_24.9.0.202407110857/tools/bin/../lib/gcc/arm-none-eabi/13.2.1/../../../../arm-none-eabi/lib/thumb/v7e-m+fp/hard\libcr_c.a(alloc.o)
 .rodata._initio.str1.1
                0x000038d5        0x4 C:/nxp/MCUXpressoIDE_24.9.25/ide/plugins/com.nxp.mcuxpresso.tools.win32_24.9.0.202407110857/tools/bin/../lib/gcc/arm-none-eabi/13.2.1/../../../../arm-none-eabi/lib/thumb/v7e-m+fp/hard\libcr_c.a(initio.o)
                0x00003970                        . = ALIGN (0x8)
 *fill*         0x000038d5        0x3 ff

.glue_7         0x000038d8        0x0
 .glue_7        0x000038d8        0x0 linker stubs

.glue_7t        0x000038d8        0x0
 .glue_7t       0x000038d8        0x0 linker stubs

.vfp11_veneer   0x000038d8        0x0
 .vfp11_veneer  0x000038d8        0x0 linker stubs

.v4_bx          0x000038d8        0x0
 .v4_bx         0x000038d8        0x0 linker stubs

.iplt           0x000038d8        0x0
 .iplt          0x000038d8        0x0 ./utilities/fsl_debug_console.o

.rel.dyn        0x000038d8        0x0
 .rel.iplt      0x000038d8        0x0 ./utilities/fsl_debug_console.o

.ARM.extab
 *(SORT_BY_ALIGNMENT(.ARM.extab*) SORT_BY_ALIGNMENT(.gnu.linkonce.armextab.*))

.ARM.exidx      0x000038d8        0x0
                0x000038d8                        __exidx_start = .
 *(SORT_BY_ALIGNMENT(.ARM.exidx*) SORT_BY_ALIGNMENT(.gnu.linkonce.armexidx.*))
                0x000038d8                        __exidx_end = .
                0x000038d8                        _etext = .

.m_usb_data
 *(SORT_BY_ALIGNMENT(m_usb_bdt))

.data_RAM2      0x1fff0000        0x0 load address 0x000038d8
 FILL mask 0xff
                [!provide]                        PROVIDE (__start_data_RAM2 = .)
                [!provide]                        PROVIDE (__start_data_SRAM_LOWER = .)
 *(SORT_BY_ALIGNMENT(.ramfunc.$RAM2))
 *(SORT_BY_ALIGNMENT(.ramfunc.$SRAM_LOWER))
 *(SORT_BY_ALIGNMENT(.data.$RAM2))
 *(SORT_BY_ALIGNMENT(.data.$SRAM_LOWER))
 *(SORT_BY_ALIGNMENT(.data.$RAM2.*))
 *(SORT_BY_ALIGNMENT(.data.$SRAM_LOWER.*))
                0x1fff0000                        . = ALIGN (0x8)
                [!provide]                        PROVIDE (__end_data_RAM2 = .)
                [!provide]                        PROVIDE (__end_data_SRAM_LOWER = .)

.data_RAM3      0x14000000        0x0 load address 0x000038d8
 FILL mask 0xff
                [!provide]                        PROVIDE (__start_data_RAM3 = .)
                [!provide]                        PROVIDE (__start_data_FLEX_RAM = .)
 *(SORT_BY_ALIGNMENT(.ramfunc.$RAM3))
 *(SORT_BY_ALIGNMENT(.ramfunc.$FLEX_RAM))
 *(SORT_BY_ALIGNMENT(.data.$RAM3))
 *(SORT_BY_ALIGNMENT(.data.$FLEX_RAM))
 *(SORT_BY_ALIGNMENT(.data.$RAM3.*))
 *(SORT_BY_ALIGNMENT(.data.$FLEX_RAM.*))
                0x14000000                        . = ALIGN (0x8)
                [!provide]                        PROVIDE (__end_data_RAM3 = .)
                [!provide]                        PROVIDE (__end_data_FLEX_RAM = .)

.uninit_RESERVED
                0x20000000        0x0
                0x20000000                        _start_uninit_RESERVED = .
 *(SORT_BY_ALIGNMENT(.bss.$RESERVED*))
                0x20000000                        . = ALIGN (0x8)
                0x20000000                        _end_uninit_RESERVED = .

.data           0x20000000       0x10 load address 0x000038d8
 FILL mask 0xff
                0x20000000                        _data = .
                [!provide]                        PROVIDE (__start_data_RAM = .)
                [!provide]                        PROVIDE (__start_data_SRAM_UPPER = .)
 *(SORT_BY_ALIGNMENT(vtable))
 *(SORT_BY_ALIGNMENT(.ramfunc*))
 *(SORT_BY_ALIGNMENT(CodeQuickAccess))
 *(SORT_BY_ALIGNMENT(DataQuickAccess))
 *(SORT_BY_ALIGNMENT(RamFunction))
 *(SORT_BY_ALIGNMENT(.data*))
 .data.s_slowIrcFreq
                0x20000000        0x4 ./drivers/fsl_clock.o
 .data.s_fastIrcFreq
                0x20000004        0x4 ./drivers/fsl_clock.o
 .data.SystemCoreClock
                0x20000008        0x4 ./device/system_MK66F18.o
                0x20000008                SystemCoreClock
                0x20000010                        . = ALIGN (0x8)
 *fill*         0x2000000c        0x4 ff
                0x20000010                        _edata = .
                [!provide]                        PROVIDE (__end_data_RAM = .)
                [!provide]                        PROVIDE (__end_data_SRAM_UPPER = .)

.igot.plt       0x20000010        0x0 load address 0x000038e8
 .igot.plt      0x20000010        0x0 ./utilities/fsl_debug_console.o

.bss_RAM2       0x1fff0000        0x0
                [!provide]                        PROVIDE (__start_bss_RAM2 = .)
                [!provide]                        PROVIDE (__start_bss_SRAM_LOWER = .)
 *(SORT_BY_ALIGNMENT(.bss.$RAM2))
 *(SORT_BY_ALIGNMENT(.bss.$SRAM_LOWER))
 *(SORT_BY_ALIGNMENT(.bss.$RAM2.*))
 *(SORT_BY_ALIGNMENT(.bss.$SRAM_LOWER.*))
                0x1fff0000                        . = ALIGN ((. != 0x0)?0x8:0x1)
                [!provide]                        PROVIDE (__end_bss_RAM2 = .)
                [!provide]                        PROVIDE (__end_bss_SRAM_LOWER = .)

.bss_RAM3       0x14000000        0x0
                [!provide]                        PROVIDE (__start_bss_RAM3 = .)
                [!provide]                        PROVIDE (__start_bss_FLEX_RAM = .)
 *(SORT_BY_ALIGNMENT(.bss.$RAM3))
 *(SORT_BY_ALIGNMENT(.bss.$FLEX_RAM))
 *(SORT_BY_ALIGNMENT(.bss.$RAM3.*))
 *(SORT_BY_ALIGNMENT(.bss.$FLEX_RAM.*))
                0x14000000                        . = ALIGN ((. != 0x0)?0x8:0x1)
                [!provide]                        PROVIDE (__end_bss_RAM3 = .)
                [!provide]                        PROVIDE (__end_bss_FLEX_RAM = .)

.bss            0x20000010      0x138
                0x20000010                        _bss = .
                [!provide]                        PROVIDE (__start_bss_RAM = .)
                [!provide]                        PROVIDE (__start_bss_SRAM_UPPER = .)
 *(SORT_BY_ALIGNMENT(.bss*))
 .bss.s_debugConsoleState
                0x20000010       0x20 ./utilities/fsl_debug_console.o
 .bss.g_serialHandle
                0x20000030        0x4 ./utilities/fsl_debug_console.o
                0x20000030                g_serialHandle
 .bss.list_a    0x20000034        0x4 ./myDrivers/SAE/SO.o
                0x20000034                list_a
 .bss.list      0x20000038        0xc ./myDrivers/SAE/SO.o
                0x20000038                list
 .bss.s_extPllFreq
                0x20000044        0x4 ./drivers/fsl_clock.o
 .bss.g_xtal0Freq
                0x20000048        0x4 ./drivers/fsl_clock.o
                0x20000048                g_xtal0Freq
 .bss.g_xtal32Freq
                0x2000004c        0x4 ./drivers/fsl_clock.o
                0x2000004c                g_xtal32Freq
 .bss.s_i2cHandle
                0x20000050       0x10 ./drivers/fsl_i2c.o
 .bss.s_i2cMasterIsr
                0x20000060        0x4 ./drivers/fsl_i2c.o
 .bss.s_i2cSlaveIsr
                0x20000064        0x4 ./drivers/fsl_i2c.o
 .bss.s_uartHandle
                0x20000068       0x14 ./drivers/fsl_uart.o
                0x20000068                s_uartHandle
 .bss.s_uartIsr
                0x2000007c        0x4 ./drivers/fsl_uart.o
                0x2000007c                s_uartIsr
 .bss.__Ciob    0x20000080       0xb4 C:/nxp/MCUXpressoIDE_24.9.25/ide/plugins/com.nxp.mcuxpresso.tools.win32_24.9.0.202407110857/tools/bin/../lib/gcc/arm-none-eabi/13.2.1/../../../../arm-none-eabi/lib/thumb/v7e-m+fp/hard\libcr_nohost_nf.a(__ciob.o)
                0x20000080                __Ciob
 .bss.errno     0x20000134        0x4 C:/nxp/MCUXpressoIDE_24.9.25/ide/plugins/com.nxp.mcuxpresso.tools.win32_24.9.0.202407110857/tools/bin/../lib/gcc/arm-none-eabi/13.2.1/../../../../arm-none-eabi/lib/thumb/v7e-m+fp/hard\libcr_c.a(errno.o)
                0x20000134                errno
 .bss.__end_of_heap
                0x20000138        0x4 C:/nxp/MCUXpressoIDE_24.9.25/ide/plugins/com.nxp.mcuxpresso.tools.win32_24.9.0.202407110857/tools/bin/../lib/gcc/arm-none-eabi/13.2.1/../../../../arm-none-eabi/lib/thumb/v7e-m+fp/hard\libcr_c.a(__init_alloc.o)
                0x20000138                __end_of_heap
 .bss.__heaps   0x2000013c        0x4 C:/nxp/MCUXpressoIDE_24.9.25/ide/plugins/com.nxp.mcuxpresso.tools.win32_24.9.0.202407110857/tools/bin/../lib/gcc/arm-none-eabi/13.2.1/../../../../arm-none-eabi/lib/thumb/v7e-m+fp/hard\libcr_c.a(__init_alloc.o)
                0x2000013c                __heaps
 .bss.s_debugConsoleReadWaitSemaphore
                0x20000140        0x1 ./utilities/fsl_debug_console.o
 *(SORT_BY_ALIGNMENT(COMMON))
                0x20000148                        . = ALIGN (0x8)
 *fill*         0x20000141        0x7 
                0x20000148                        _ebss = .
                [!provide]                        PROVIDE (__end_bss_RAM = .)
                [!provide]                        PROVIDE (__end_bss_SRAM_UPPER = .)
                [!provide]                        PROVIDE (end = .)

.noinit_RAM2    0x1fff0000        0x0
                [!provide]                        PROVIDE (__start_noinit_RAM2 = .)
                [!provide]                        PROVIDE (__start_noinit_SRAM_LOWER = .)
 *(SORT_BY_ALIGNMENT(.noinit.$RAM2))
 *(SORT_BY_ALIGNMENT(.noinit.$SRAM_LOWER))
 *(SORT_BY_ALIGNMENT(.noinit.$RAM2.*))
 *(SORT_BY_ALIGNMENT(.noinit.$SRAM_LOWER.*))
                0x1fff0000                        . = ALIGN (0x8)
                [!provide]                        PROVIDE (__end_noinit_RAM2 = .)
                [!provide]                        PROVIDE (__end_noinit_SRAM_LOWER = .)

.noinit_RAM3    0x14000000        0x0
                [!provide]                        PROVIDE (__start_noinit_RAM3 = .)
                [!provide]                        PROVIDE (__start_noinit_FLEX_RAM = .)
 *(SORT_BY_ALIGNMENT(.noinit.$RAM3))
 *(SORT_BY_ALIGNMENT(.noinit.$FLEX_RAM))
 *(SORT_BY_ALIGNMENT(.noinit.$RAM3.*))
 *(SORT_BY_ALIGNMENT(.noinit.$FLEX_RAM.*))
                0x14000000                        . = ALIGN (0x8)
                [!provide]                        PROVIDE (__end_noinit_RAM3 = .)
                [!provide]                        PROVIDE (__end_noinit_FLEX_RAM = .)

.noinit         0x20000148        0x0
                0x20000148                        _noinit = .
                [!provide]                        PROVIDE (__start_noinit_RAM = .)
                [!provide]                        PROVIDE (__start_noinit_SRAM_UPPER = .)
 *(SORT_BY_ALIGNMENT(.noinit*))
                0x20000148                        . = ALIGN (0x8)
                0x20000148                        _end_noinit = .
                [!provide]                        PROVIDE (__end_noinit_RAM = .)
                [!provide]                        PROVIDE (__end_noinit_SRAM_UPPER = .)
                0x00001000                        _HeapSize = 0x1000

.heap           0x20000148     0x1000
                0x20000148                        _pvHeapStart = .
                0x20001148                        . = (. + _HeapSize)
 *fill*         0x20000148     0x1000 
                0x20001148                        . = ALIGN (0x8)
                0x20001148                        _pvHeapLimit = .
                0x00001000                        _StackSize = 0x1000

.heap2stackfill
                0x20001148     0x1000
                0x20002148                        . = (. + _StackSize)
 *fill*         0x20001148     0x1000 

.stack          0x2002f000        0x0
                0x2002f000                        _vStackBase = .
                0x2002f000                        . = ALIGN (0x8)
                0x20030000                        _vStackTop = (. + _StackSize)
                0x00000000                        _image_start = LOADADDR (.text)
                0x000038e8                        _image_end = (LOADADDR (.data) + SIZEOF (.data))
                0x000038e8                        _image_size = (_image_end - _image_start)
OUTPUT(XD.axf elf32-littlearm)
LOAD linker stubs

.debug_info     0x00000000    0x13fa3
 .debug_info    0x00000000      0xdc9 ./utilities/fsl_debug_console.o
 .debug_info    0x00000dc9      0xe97 ./startup/startup_mk66f18.o
 .debug_info    0x00001c60      0x7ea ./source/main.o
 .debug_info    0x0000244a       0x3c ./source/semihost_hardfault.o
 .debug_info    0x00002486      0xcc6 ./myDrivers/SAE/App.o
 .debug_info    0x0000314c      0xdb1 ./myDrivers/SAE/SO.o
 .debug_info    0x00003efd      0x70f ./myDrivers/Peripherics/Low_Power.o
 .debug_info    0x0000460c      0x661 ./myDrivers/Peripherics/PIT.o
 .debug_info    0x00004c6d      0x15e ./myDrivers/Peripherics/RGB.o
 .debug_info    0x00004dcb     0x296f ./drivers/fsl_clock.o
 .debug_info    0x0000773a     0x1f92 ./drivers/fsl_i2c.o
 .debug_info    0x000096cc      0xb86 ./drivers/fsl_smc.o
 .debug_info    0x0000a252     0x20dd ./drivers/fsl_uart.o
 .debug_info    0x0000c32f      0xa4e ./device/system_MK66F18.o
 .debug_info    0x0000cd7d      0xbe9 ./component/uart/fsl_adapter_uart.o
 .debug_info    0x0000d966      0x9c2 ./component/serial_manager/fsl_component_serial_manager.o
 .debug_info    0x0000e328      0x530 ./component/serial_manager/fsl_component_serial_port_uart.o
 .debug_info    0x0000e858      0x14b ./board/board.o
 .debug_info    0x0000e9a3     0x17fe ./board/clock_config.o
 .debug_info    0x000101a1       0x4e ./board/peripherals.o
 .debug_info    0x000101ef      0xdc8 ./board/pin_mux.o
 .debug_info    0x00010fb7       0x85 C:/nxp/MCUXpressoIDE_24.9.25/ide/plugins/com.nxp.mcuxpresso.tools.win32_24.9.0.202407110857/tools/bin/../lib/gcc/arm-none-eabi/13.2.1/../../../../arm-none-eabi/lib/thumb/v7e-m+fp/hard\libcr_nohost_nf.a(_cr__main.o)
 .debug_info    0x0001103c      0x235 C:/nxp/MCUXpressoIDE_24.9.25/ide/plugins/com.nxp.mcuxpresso.tools.win32_24.9.0.202407110857/tools/bin/../lib/gcc/arm-none-eabi/13.2.1/../../../../arm-none-eabi/lib/thumb/v7e-m+fp/hard\libcr_nohost_nf.a(_cr_assert.o)
 .debug_info    0x00011271      0x18b C:/nxp/MCUXpressoIDE_24.9.25/ide/plugins/com.nxp.mcuxpresso.tools.win32_24.9.0.202407110857/tools/bin/../lib/gcc/arm-none-eabi/13.2.1/../../../../arm-none-eabi/lib/thumb/v7e-m+fp/hard\libcr_nohost_nf.a(__ciob.o)
 .debug_info    0x000113fc       0x38 C:/nxp/MCUXpressoIDE_24.9.25/ide/plugins/com.nxp.mcuxpresso.tools.win32_24.9.0.202407110857/tools/bin/../lib/gcc/arm-none-eabi/13.2.1/../../../../arm-none-eabi/lib/thumb/v7e-m+fp/hard\libcr_nohost_nf.a(__sys_appexit.o)
 .debug_info    0x00011434       0xfc C:/nxp/MCUXpressoIDE_24.9.25/ide/plugins/com.nxp.mcuxpresso.tools.win32_24.9.0.202407110857/tools/bin/../lib/gcc/arm-none-eabi/13.2.1/../../../../arm-none-eabi/lib/thumb/v7e-m+fp/hard\libcr_c.a(memset.o)
 .debug_info    0x00011530      0x369 C:/nxp/MCUXpressoIDE_24.9.25/ide/plugins/com.nxp.mcuxpresso.tools.win32_24.9.0.202407110857/tools/bin/../lib/gcc/arm-none-eabi/13.2.1/../../../../arm-none-eabi/lib/thumb/v7e-m+fp/hard\libcr_c.a(_deferredlazyseek.o)
 .debug_info    0x00011899      0x1e3 C:/nxp/MCUXpressoIDE_24.9.25/ide/plugins/com.nxp.mcuxpresso.tools.win32_24.9.0.202407110857/tools/bin/../lib/gcc/arm-none-eabi/13.2.1/../../../../arm-none-eabi/lib/thumb/v7e-m+fp/hard\libcr_c.a(_fflush.o)
 .debug_info    0x00011a7c      0x289 C:/nxp/MCUXpressoIDE_24.9.25/ide/plugins/com.nxp.mcuxpresso.tools.win32_24.9.0.202407110857/tools/bin/../lib/gcc/arm-none-eabi/13.2.1/../../../../arm-none-eabi/lib/thumb/v7e-m+fp/hard\libcr_c.a(_writebuf.o)
 .debug_info    0x00011d05      0x520 C:/nxp/MCUXpressoIDE_24.9.25/ide/plugins/com.nxp.mcuxpresso.tools.win32_24.9.0.202407110857/tools/bin/../lib/gcc/arm-none-eabi/13.2.1/../../../../arm-none-eabi/lib/thumb/v7e-m+fp/hard\libcr_c.a(alloc.o)
 .debug_info    0x00012225       0x44 C:/nxp/MCUXpressoIDE_24.9.25/ide/plugins/com.nxp.mcuxpresso.tools.win32_24.9.0.202407110857/tools/bin/../lib/gcc/arm-none-eabi/13.2.1/../../../../arm-none-eabi/lib/thumb/v7e-m+fp/hard\libcr_c.a(errno.o)
 .debug_info    0x00012269      0x1e0 C:/nxp/MCUXpressoIDE_24.9.25/ide/plugins/com.nxp.mcuxpresso.tools.win32_24.9.0.202407110857/tools/bin/../lib/gcc/arm-none-eabi/13.2.1/../../../../arm-none-eabi/lib/thumb/v7e-m+fp/hard\libcr_c.a(fputs.o)
 .debug_info    0x00012449      0x276 C:/nxp/MCUXpressoIDE_24.9.25/ide/plugins/com.nxp.mcuxpresso.tools.win32_24.9.0.202407110857/tools/bin/../lib/gcc/arm-none-eabi/13.2.1/../../../../arm-none-eabi/lib/thumb/v7e-m+fp/hard\libcr_c.a(fseek.o)
 .debug_info    0x000126bf      0x197 C:/nxp/MCUXpressoIDE_24.9.25/ide/plugins/com.nxp.mcuxpresso.tools.win32_24.9.0.202407110857/tools/bin/../lib/gcc/arm-none-eabi/13.2.1/../../../../arm-none-eabi/lib/thumb/v7e-m+fp/hard\libcr_c.a(ftell.o)
 .debug_info    0x00012856      0x339 C:/nxp/MCUXpressoIDE_24.9.25/ide/plugins/com.nxp.mcuxpresso.tools.win32_24.9.0.202407110857/tools/bin/../lib/gcc/arm-none-eabi/13.2.1/../../../../arm-none-eabi/lib/thumb/v7e-m+fp/hard\libcr_c.a(initio.o)
 .debug_info    0x00012b8f      0x1fd C:/nxp/MCUXpressoIDE_24.9.25/ide/plugins/com.nxp.mcuxpresso.tools.win32_24.9.0.202407110857/tools/bin/../lib/gcc/arm-none-eabi/13.2.1/../../../../arm-none-eabi/lib/thumb/v7e-m+fp/hard\libcr_c.a(setvbuf.o)
 .debug_info    0x00012d8c       0xe1 C:/nxp/MCUXpressoIDE_24.9.25/ide/plugins/com.nxp.mcuxpresso.tools.win32_24.9.0.202407110857/tools/bin/../lib/gcc/arm-none-eabi/13.2.1/../../../../arm-none-eabi/lib/thumb/v7e-m+fp/hard\libcr_c.a(strlen.o)
 .debug_info    0x00012e6d       0xd4 C:/nxp/MCUXpressoIDE_24.9.25/ide/plugins/com.nxp.mcuxpresso.tools.win32_24.9.0.202407110857/tools/bin/../lib/gcc/arm-none-eabi/13.2.1/../../../../arm-none-eabi/lib/thumb/v7e-m+fp/hard\libcr_c.a(__init_alloc.o)
 .debug_info    0x00012f41      0x107 C:/nxp/MCUXpressoIDE_24.9.25/ide/plugins/com.nxp.mcuxpresso.tools.win32_24.9.0.202407110857/tools/bin/../lib/gcc/arm-none-eabi/13.2.1/../../../../arm-none-eabi/lib/thumb/v7e-m+fp/hard\libcr_c.a(_cr_sbrk.o)
 .debug_info    0x00013048      0x24b C:/nxp/MCUXpressoIDE_24.9.25/ide/plugins/com.nxp.mcuxpresso.tools.win32_24.9.0.202407110857/tools/bin/../lib/gcc/arm-none-eabi/13.2.1/../../../../arm-none-eabi/lib/thumb/v7e-m+fp/hard\libcr_c.a(_fdopen.o)
 .debug_info    0x00013293      0x318 C:/nxp/MCUXpressoIDE_24.9.25/ide/plugins/com.nxp.mcuxpresso.tools.win32_24.9.0.202407110857/tools/bin/../lib/gcc/arm-none-eabi/13.2.1/../../../../arm-none-eabi/lib/thumb/v7e-m+fp/hard\libcr_c.a(fclose.o)
 .debug_info    0x000135ab      0x209 C:/nxp/MCUXpressoIDE_24.9.25/ide/plugins/com.nxp.mcuxpresso.tools.win32_24.9.0.202407110857/tools/bin/../lib/gcc/arm-none-eabi/13.2.1/../../../../arm-none-eabi/lib/thumb/v7e-m+fp/hard\libcr_c.a(fflush.o)
 .debug_info    0x000137b4      0x1d7 C:/nxp/MCUXpressoIDE_24.9.25/ide/plugins/com.nxp.mcuxpresso.tools.win32_24.9.0.202407110857/tools/bin/../lib/gcc/arm-none-eabi/13.2.1/../../../../arm-none-eabi/lib/thumb/v7e-m+fp/hard\libcr_c.a(remove.o)
 .debug_info    0x0001398b       0x78 C:/nxp/MCUXpressoIDE_24.9.25/ide/plugins/com.nxp.mcuxpresso.tools.win32_24.9.0.202407110857/tools/bin/../lib/gcc/arm-none-eabi/13.2.1/../../../../arm-none-eabi/lib/thumb/v7e-m+fp/hard\libcr_c.a(_cr_check_heap.o)
 .debug_info    0x00013a03      0x23a C:/nxp/MCUXpressoIDE_24.9.25/ide/plugins/com.nxp.mcuxpresso.tools.win32_24.9.0.202407110857/tools/bin/../lib/gcc/arm-none-eabi/13.2.1/../../../../arm-none-eabi/lib/thumb/v7e-m+fp/hard\libcr_c.a(_do_fflush.o)
 .debug_info    0x00013c3d       0x6a C:/nxp/MCUXpressoIDE_24.9.25/ide/plugins/com.nxp.mcuxpresso.tools.win32_24.9.0.202407110857/tools/bin/../lib/gcc/arm-none-eabi/13.2.1/../../../../arm-none-eabi/lib/thumb/v7e-m+fp/hard\libcr_nohost_nf.a(__sys_close.o)
 .debug_info    0x00013ca7       0x6a C:/nxp/MCUXpressoIDE_24.9.25/ide/plugins/com.nxp.mcuxpresso.tools.win32_24.9.0.202407110857/tools/bin/../lib/gcc/arm-none-eabi/13.2.1/../../../../arm-none-eabi/lib/thumb/v7e-m+fp/hard\libcr_nohost_nf.a(__sys_flen.o)
 .debug_info    0x00013d11       0x6a C:/nxp/MCUXpressoIDE_24.9.25/ide/plugins/com.nxp.mcuxpresso.tools.win32_24.9.0.202407110857/tools/bin/../lib/gcc/arm-none-eabi/13.2.1/../../../../arm-none-eabi/lib/thumb/v7e-m+fp/hard\libcr_nohost_nf.a(__sys_istty.o)
 .debug_info    0x00013d7b       0x8a C:/nxp/MCUXpressoIDE_24.9.25/ide/plugins/com.nxp.mcuxpresso.tools.win32_24.9.0.202407110857/tools/bin/../lib/gcc/arm-none-eabi/13.2.1/../../../../arm-none-eabi/lib/thumb/v7e-m+fp/hard\libcr_nohost_nf.a(__sys_remove.o)
 .debug_info    0x00013e05       0x78 C:/nxp/MCUXpressoIDE_24.9.25/ide/plugins/com.nxp.mcuxpresso.tools.win32_24.9.0.202407110857/tools/bin/../lib/gcc/arm-none-eabi/13.2.1/../../../../arm-none-eabi/lib/thumb/v7e-m+fp/hard\libcr_nohost_nf.a(__sys_seek.o)
 .debug_info    0x00013e7d       0x93 C:/nxp/MCUXpressoIDE_24.9.25/ide/plugins/com.nxp.mcuxpresso.tools.win32_24.9.0.202407110857/tools/bin/../lib/gcc/arm-none-eabi/13.2.1/../../../../arm-none-eabi/lib/thumb/v7e-m+fp/hard\libcr_nohost_nf.a(__sys_tmpnam.o)
 .debug_info    0x00013f10       0x93 C:/nxp/MCUXpressoIDE_24.9.25/ide/plugins/com.nxp.mcuxpresso.tools.win32_24.9.0.202407110857/tools/bin/../lib/gcc/arm-none-eabi/13.2.1/../../../../arm-none-eabi/lib/thumb/v7e-m+fp/hard\libcr_nohost_nf.a(__sys_write.o)

.debug_abbrev   0x00000000     0x437a
 .debug_abbrev  0x00000000      0x270 ./utilities/fsl_debug_console.o
 .debug_abbrev  0x00000270      0x17a ./startup/startup_mk66f18.o
 .debug_abbrev  0x000003ea       0xfc ./source/main.o
 .debug_abbrev  0x000004e6       0x31 ./source/semihost_hardfault.o
 .debug_abbrev  0x00000517      0x2c2 ./myDrivers/SAE/App.o
 .debug_abbrev  0x000007d9      0x2bf ./myDrivers/SAE/SO.o
 .debug_abbrev  0x00000a98      0x19a ./myDrivers/Peripherics/Low_Power.o
 .debug_abbrev  0x00000c32       0x9e ./myDrivers/Peripherics/PIT.o
 .debug_abbrev  0x00000cd0       0x90 ./myDrivers/Peripherics/RGB.o
 .debug_abbrev  0x00000d60      0x381 ./drivers/fsl_clock.o
 .debug_abbrev  0x000010e1      0x392 ./drivers/fsl_i2c.o
 .debug_abbrev  0x00001473      0x312 ./drivers/fsl_smc.o
 .debug_abbrev  0x00001785      0x45d ./drivers/fsl_uart.o
 .debug_abbrev  0x00001be2      0x148 ./device/system_MK66F18.o
 .debug_abbrev  0x00001d2a      0x214 ./component/uart/fsl_adapter_uart.o
 .debug_abbrev  0x00001f3e      0x25b ./component/serial_manager/fsl_component_serial_manager.o
 .debug_abbrev  0x00002199      0x18c ./component/serial_manager/fsl_component_serial_port_uart.o
 .debug_abbrev  0x00002325       0xc7 ./board/board.o
 .debug_abbrev  0x000023ec      0x2f3 ./board/clock_config.o
 .debug_abbrev  0x000026df       0x4b ./board/peripherals.o
 .debug_abbrev  0x0000272a      0x28a ./board/pin_mux.o
 .debug_abbrev  0x000029b4       0x70 C:/nxp/MCUXpressoIDE_24.9.25/ide/plugins/com.nxp.mcuxpresso.tools.win32_24.9.0.202407110857/tools/bin/../lib/gcc/arm-none-eabi/13.2.1/../../../../arm-none-eabi/lib/thumb/v7e-m+fp/hard\libcr_nohost_nf.a(_cr__main.o)
 .debug_abbrev  0x00002a24      0x12f C:/nxp/MCUXpressoIDE_24.9.25/ide/plugins/com.nxp.mcuxpresso.tools.win32_24.9.0.202407110857/tools/bin/../lib/gcc/arm-none-eabi/13.2.1/../../../../arm-none-eabi/lib/thumb/v7e-m+fp/hard\libcr_nohost_nf.a(_cr_assert.o)
 .debug_abbrev  0x00002b53       0xb5 C:/nxp/MCUXpressoIDE_24.9.25/ide/plugins/com.nxp.mcuxpresso.tools.win32_24.9.0.202407110857/tools/bin/../lib/gcc/arm-none-eabi/13.2.1/../../../../arm-none-eabi/lib/thumb/v7e-m+fp/hard\libcr_nohost_nf.a(__ciob.o)
 .debug_abbrev  0x00002c08       0x2e C:/nxp/MCUXpressoIDE_24.9.25/ide/plugins/com.nxp.mcuxpresso.tools.win32_24.9.0.202407110857/tools/bin/../lib/gcc/arm-none-eabi/13.2.1/../../../../arm-none-eabi/lib/thumb/v7e-m+fp/hard\libcr_nohost_nf.a(__sys_appexit.o)
 .debug_abbrev  0x00002c36       0xa8 C:/nxp/MCUXpressoIDE_24.9.25/ide/plugins/com.nxp.mcuxpresso.tools.win32_24.9.0.202407110857/tools/bin/../lib/gcc/arm-none-eabi/13.2.1/../../../../arm-none-eabi/lib/thumb/v7e-m+fp/hard\libcr_c.a(memset.o)
 .debug_abbrev  0x00002cde      0x152 C:/nxp/MCUXpressoIDE_24.9.25/ide/plugins/com.nxp.mcuxpresso.tools.win32_24.9.0.202407110857/tools/bin/../lib/gcc/arm-none-eabi/13.2.1/../../../../arm-none-eabi/lib/thumb/v7e-m+fp/hard\libcr_c.a(_deferredlazyseek.o)
 .debug_abbrev  0x00002e30       0xf1 C:/nxp/MCUXpressoIDE_24.9.25/ide/plugins/com.nxp.mcuxpresso.tools.win32_24.9.0.202407110857/tools/bin/../lib/gcc/arm-none-eabi/13.2.1/../../../../arm-none-eabi/lib/thumb/v7e-m+fp/hard\libcr_c.a(_fflush.o)
 .debug_abbrev  0x00002f21      0x126 C:/nxp/MCUXpressoIDE_24.9.25/ide/plugins/com.nxp.mcuxpresso.tools.win32_24.9.0.202407110857/tools/bin/../lib/gcc/arm-none-eabi/13.2.1/../../../../arm-none-eabi/lib/thumb/v7e-m+fp/hard\libcr_c.a(_writebuf.o)
 .debug_abbrev  0x00003047      0x284 C:/nxp/MCUXpressoIDE_24.9.25/ide/plugins/com.nxp.mcuxpresso.tools.win32_24.9.0.202407110857/tools/bin/../lib/gcc/arm-none-eabi/13.2.1/../../../../arm-none-eabi/lib/thumb/v7e-m+fp/hard\libcr_c.a(alloc.o)
 .debug_abbrev  0x000032cb       0x44 C:/nxp/MCUXpressoIDE_24.9.25/ide/plugins/com.nxp.mcuxpresso.tools.win32_24.9.0.202407110857/tools/bin/../lib/gcc/arm-none-eabi/13.2.1/../../../../arm-none-eabi/lib/thumb/v7e-m+fp/hard\libcr_c.a(errno.o)
 .debug_abbrev  0x0000330f      0x10c C:/nxp/MCUXpressoIDE_24.9.25/ide/plugins/com.nxp.mcuxpresso.tools.win32_24.9.0.202407110857/tools/bin/../lib/gcc/arm-none-eabi/13.2.1/../../../../arm-none-eabi/lib/thumb/v7e-m+fp/hard\libcr_c.a(fputs.o)
 .debug_abbrev  0x0000341b      0x11b C:/nxp/MCUXpressoIDE_24.9.25/ide/plugins/com.nxp.mcuxpresso.tools.win32_24.9.0.202407110857/tools/bin/../lib/gcc/arm-none-eabi/13.2.1/../../../../arm-none-eabi/lib/thumb/v7e-m+fp/hard\libcr_c.a(fseek.o)
 .debug_abbrev  0x00003536       0xc2 C:/nxp/MCUXpressoIDE_24.9.25/ide/plugins/com.nxp.mcuxpresso.tools.win32_24.9.0.202407110857/tools/bin/../lib/gcc/arm-none-eabi/13.2.1/../../../../arm-none-eabi/lib/thumb/v7e-m+fp/hard\libcr_c.a(ftell.o)
 .debug_abbrev  0x000035f8      0x169 C:/nxp/MCUXpressoIDE_24.9.25/ide/plugins/com.nxp.mcuxpresso.tools.win32_24.9.0.202407110857/tools/bin/../lib/gcc/arm-none-eabi/13.2.1/../../../../arm-none-eabi/lib/thumb/v7e-m+fp/hard\libcr_c.a(initio.o)
 .debug_abbrev  0x00003761       0xe1 C:/nxp/MCUXpressoIDE_24.9.25/ide/plugins/com.nxp.mcuxpresso.tools.win32_24.9.0.202407110857/tools/bin/../lib/gcc/arm-none-eabi/13.2.1/../../../../arm-none-eabi/lib/thumb/v7e-m+fp/hard\libcr_c.a(setvbuf.o)
 .debug_abbrev  0x00003842       0xa7 C:/nxp/MCUXpressoIDE_24.9.25/ide/plugins/com.nxp.mcuxpresso.tools.win32_24.9.0.202407110857/tools/bin/../lib/gcc/arm-none-eabi/13.2.1/../../../../arm-none-eabi/lib/thumb/v7e-m+fp/hard\libcr_c.a(strlen.o)
 .debug_abbrev  0x000038e9       0xaf C:/nxp/MCUXpressoIDE_24.9.25/ide/plugins/com.nxp.mcuxpresso.tools.win32_24.9.0.202407110857/tools/bin/../lib/gcc/arm-none-eabi/13.2.1/../../../../arm-none-eabi/lib/thumb/v7e-m+fp/hard\libcr_c.a(__init_alloc.o)
 .debug_abbrev  0x00003998       0xd3 C:/nxp/MCUXpressoIDE_24.9.25/ide/plugins/com.nxp.mcuxpresso.tools.win32_24.9.0.202407110857/tools/bin/../lib/gcc/arm-none-eabi/13.2.1/../../../../arm-none-eabi/lib/thumb/v7e-m+fp/hard\libcr_c.a(_cr_sbrk.o)
 .debug_abbrev  0x00003a6b      0x119 C:/nxp/MCUXpressoIDE_24.9.25/ide/plugins/com.nxp.mcuxpresso.tools.win32_24.9.0.202407110857/tools/bin/../lib/gcc/arm-none-eabi/13.2.1/../../../../arm-none-eabi/lib/thumb/v7e-m+fp/hard\libcr_c.a(_fdopen.o)
 .debug_abbrev  0x00003b84      0x155 C:/nxp/MCUXpressoIDE_24.9.25/ide/plugins/com.nxp.mcuxpresso.tools.win32_24.9.0.202407110857/tools/bin/../lib/gcc/arm-none-eabi/13.2.1/../../../../arm-none-eabi/lib/thumb/v7e-m+fp/hard\libcr_c.a(fclose.o)
 .debug_abbrev  0x00003cd9      0x125 C:/nxp/MCUXpressoIDE_24.9.25/ide/plugins/com.nxp.mcuxpresso.tools.win32_24.9.0.202407110857/tools/bin/../lib/gcc/arm-none-eabi/13.2.1/../../../../arm-none-eabi/lib/thumb/v7e-m+fp/hard\libcr_c.a(fflush.o)
 .debug_abbrev  0x00003dfe       0xfb C:/nxp/MCUXpressoIDE_24.9.25/ide/plugins/com.nxp.mcuxpresso.tools.win32_24.9.0.202407110857/tools/bin/../lib/gcc/arm-none-eabi/13.2.1/../../../../arm-none-eabi/lib/thumb/v7e-m+fp/hard\libcr_c.a(remove.o)
 .debug_abbrev  0x00003ef9       0x6b C:/nxp/MCUXpressoIDE_24.9.25/ide/plugins/com.nxp.mcuxpresso.tools.win32_24.9.0.202407110857/tools/bin/../lib/gcc/arm-none-eabi/13.2.1/../../../../arm-none-eabi/lib/thumb/v7e-m+fp/hard\libcr_c.a(_cr_check_heap.o)
 .debug_abbrev  0x00003f64      0x12c C:/nxp/MCUXpressoIDE_24.9.25/ide/plugins/com.nxp.mcuxpresso.tools.win32_24.9.0.202407110857/tools/bin/../lib/gcc/arm-none-eabi/13.2.1/../../../../arm-none-eabi/lib/thumb/v7e-m+fp/hard\libcr_c.a(_do_fflush.o)
 .debug_abbrev  0x00004090       0x5c C:/nxp/MCUXpressoIDE_24.9.25/ide/plugins/com.nxp.mcuxpresso.tools.win32_24.9.0.202407110857/tools/bin/../lib/gcc/arm-none-eabi/13.2.1/../../../../arm-none-eabi/lib/thumb/v7e-m+fp/hard\libcr_nohost_nf.a(__sys_close.o)
 .debug_abbrev  0x000040ec       0x5c C:/nxp/MCUXpressoIDE_24.9.25/ide/plugins/com.nxp.mcuxpresso.tools.win32_24.9.0.202407110857/tools/bin/../lib/gcc/arm-none-eabi/13.2.1/../../../../arm-none-eabi/lib/thumb/v7e-m+fp/hard\libcr_nohost_nf.a(__sys_flen.o)
 .debug_abbrev  0x00004148       0x5c C:/nxp/MCUXpressoIDE_24.9.25/ide/plugins/com.nxp.mcuxpresso.tools.win32_24.9.0.202407110857/tools/bin/../lib/gcc/arm-none-eabi/13.2.1/../../../../arm-none-eabi/lib/thumb/v7e-m+fp/hard\libcr_nohost_nf.a(__sys_istty.o)
 .debug_abbrev  0x000041a4       0x7d C:/nxp/MCUXpressoIDE_24.9.25/ide/plugins/com.nxp.mcuxpresso.tools.win32_24.9.0.202407110857/tools/bin/../lib/gcc/arm-none-eabi/13.2.1/../../../../arm-none-eabi/lib/thumb/v7e-m+fp/hard\libcr_nohost_nf.a(__sys_remove.o)
 .debug_abbrev  0x00004221       0x6d C:/nxp/MCUXpressoIDE_24.9.25/ide/plugins/com.nxp.mcuxpresso.tools.win32_24.9.0.202407110857/tools/bin/../lib/gcc/arm-none-eabi/13.2.1/../../../../arm-none-eabi/lib/thumb/v7e-m+fp/hard\libcr_nohost_nf.a(__sys_seek.o)
 .debug_abbrev  0x0000428e       0x76 C:/nxp/MCUXpressoIDE_24.9.25/ide/plugins/com.nxp.mcuxpresso.tools.win32_24.9.0.202407110857/tools/bin/../lib/gcc/arm-none-eabi/13.2.1/../../../../arm-none-eabi/lib/thumb/v7e-m+fp/hard\libcr_nohost_nf.a(__sys_tmpnam.o)
 .debug_abbrev  0x00004304       0x76 C:/nxp/MCUXpressoIDE_24.9.25/ide/plugins/com.nxp.mcuxpresso.tools.win32_24.9.0.202407110857/tools/bin/../lib/gcc/arm-none-eabi/13.2.1/../../../../arm-none-eabi/lib/thumb/v7e-m+fp/hard\libcr_nohost_nf.a(__sys_write.o)

.debug_aranges  0x00000000     0x1370
 .debug_aranges
                0x00000000       0xa8 ./utilities/fsl_debug_console.o
 .debug_aranges
                0x000000a8      0x3a0 ./startup/startup_mk66f18.o
 .debug_aranges
                0x00000448       0x20 ./source/main.o
 .debug_aranges
                0x00000468       0x20 ./source/semihost_hardfault.o
 .debug_aranges
                0x00000488       0x80 ./myDrivers/SAE/App.o
 .debug_aranges
                0x00000508       0x80 ./myDrivers/SAE/SO.o
 .debug_aranges
                0x00000588       0x38 ./myDrivers/Peripherics/Low_Power.o
 .debug_aranges
                0x000005c0       0x20 ./myDrivers/Peripherics/PIT.o
 .debug_aranges
                0x000005e0       0x50 ./myDrivers/Peripherics/RGB.o
 .debug_aranges
                0x00000630      0x258 ./drivers/fsl_clock.o
 .debug_aranges
                0x00000888      0x188 ./drivers/fsl_i2c.o
 .debug_aranges
                0x00000a10       0x98 ./drivers/fsl_smc.o
 .debug_aranges
                0x00000aa8      0x1a8 ./drivers/fsl_uart.o
 .debug_aranges
                0x00000c50       0x30 ./device/system_MK66F18.o
 .debug_aranges
                0x00000c80       0x50 ./component/uart/fsl_adapter_uart.o
 .debug_aranges
                0x00000cd0       0x98 ./component/serial_manager/fsl_component_serial_manager.o
 .debug_aranges
                0x00000d68       0x48 ./component/serial_manager/fsl_component_serial_port_uart.o
 .debug_aranges
                0x00000db0       0x20 ./board/board.o
 .debug_aranges
                0x00000dd0       0xd8 ./board/clock_config.o
 .debug_aranges
                0x00000ea8       0x28 ./board/peripherals.o
 .debug_aranges
                0x00000ed0       0x98 ./board/pin_mux.o
 .debug_aranges
                0x00000f68       0x20 C:/nxp/MCUXpressoIDE_24.9.25/ide/plugins/com.nxp.mcuxpresso.tools.win32_24.9.0.202407110857/tools/bin/../lib/gcc/arm-none-eabi/13.2.1/../../../../arm-none-eabi/lib/thumb/v7e-m+fp/hard\libcr_nohost_nf.a(_cr__main.o)
 .debug_aranges
                0x00000f88       0x20 C:/nxp/MCUXpressoIDE_24.9.25/ide/plugins/com.nxp.mcuxpresso.tools.win32_24.9.0.202407110857/tools/bin/../lib/gcc/arm-none-eabi/13.2.1/../../../../arm-none-eabi/lib/thumb/v7e-m+fp/hard\libcr_nohost_nf.a(_cr_assert.o)
 .debug_aranges
                0x00000fa8       0x18 C:/nxp/MCUXpressoIDE_24.9.25/ide/plugins/com.nxp.mcuxpresso.tools.win32_24.9.0.202407110857/tools/bin/../lib/gcc/arm-none-eabi/13.2.1/../../../../arm-none-eabi/lib/thumb/v7e-m+fp/hard\libcr_nohost_nf.a(__ciob.o)
 .debug_aranges
                0x00000fc0       0x20 C:/nxp/MCUXpressoIDE_24.9.25/ide/plugins/com.nxp.mcuxpresso.tools.win32_24.9.0.202407110857/tools/bin/../lib/gcc/arm-none-eabi/13.2.1/../../../../arm-none-eabi/lib/thumb/v7e-m+fp/hard\libcr_nohost_nf.a(__sys_appexit.o)
 .debug_aranges
                0x00000fe0       0x20 C:/nxp/MCUXpressoIDE_24.9.25/ide/plugins/com.nxp.mcuxpresso.tools.win32_24.9.0.202407110857/tools/bin/../lib/gcc/arm-none-eabi/13.2.1/../../../../arm-none-eabi/lib/thumb/v7e-m+fp/hard\libcr_c.a(memset.o)
 .debug_aranges
                0x00001000       0x28 C:/nxp/MCUXpressoIDE_24.9.25/ide/plugins/com.nxp.mcuxpresso.tools.win32_24.9.0.202407110857/tools/bin/../lib/gcc/arm-none-eabi/13.2.1/../../../../arm-none-eabi/lib/thumb/v7e-m+fp/hard\libcr_c.a(_deferredlazyseek.o)
 .debug_aranges
                0x00001028       0x20 C:/nxp/MCUXpressoIDE_24.9.25/ide/plugins/com.nxp.mcuxpresso.tools.win32_24.9.0.202407110857/tools/bin/../lib/gcc/arm-none-eabi/13.2.1/../../../../arm-none-eabi/lib/thumb/v7e-m+fp/hard\libcr_c.a(_fflush.o)
 .debug_aranges
                0x00001048       0x20 C:/nxp/MCUXpressoIDE_24.9.25/ide/plugins/com.nxp.mcuxpresso.tools.win32_24.9.0.202407110857/tools/bin/../lib/gcc/arm-none-eabi/13.2.1/../../../../arm-none-eabi/lib/thumb/v7e-m+fp/hard\libcr_c.a(_writebuf.o)
 .debug_aranges
                0x00001068       0x40 C:/nxp/MCUXpressoIDE_24.9.25/ide/plugins/com.nxp.mcuxpresso.tools.win32_24.9.0.202407110857/tools/bin/../lib/gcc/arm-none-eabi/13.2.1/../../../../arm-none-eabi/lib/thumb/v7e-m+fp/hard\libcr_c.a(alloc.o)
 .debug_aranges
                0x000010a8       0x18 C:/nxp/MCUXpressoIDE_24.9.25/ide/plugins/com.nxp.mcuxpresso.tools.win32_24.9.0.202407110857/tools/bin/../lib/gcc/arm-none-eabi/13.2.1/../../../../arm-none-eabi/lib/thumb/v7e-m+fp/hard\libcr_c.a(errno.o)
 .debug_aranges
                0x000010c0       0x20 C:/nxp/MCUXpressoIDE_24.9.25/ide/plugins/com.nxp.mcuxpresso.tools.win32_24.9.0.202407110857/tools/bin/../lib/gcc/arm-none-eabi/13.2.1/../../../../arm-none-eabi/lib/thumb/v7e-m+fp/hard\libcr_c.a(fputs.o)
 .debug_aranges
                0x000010e0       0x20 C:/nxp/MCUXpressoIDE_24.9.25/ide/plugins/com.nxp.mcuxpresso.tools.win32_24.9.0.202407110857/tools/bin/../lib/gcc/arm-none-eabi/13.2.1/../../../../arm-none-eabi/lib/thumb/v7e-m+fp/hard\libcr_c.a(fseek.o)
 .debug_aranges
                0x00001100       0x20 C:/nxp/MCUXpressoIDE_24.9.25/ide/plugins/com.nxp.mcuxpresso.tools.win32_24.9.0.202407110857/tools/bin/../lib/gcc/arm-none-eabi/13.2.1/../../../../arm-none-eabi/lib/thumb/v7e-m+fp/hard\libcr_c.a(ftell.o)
 .debug_aranges
                0x00001120       0x28 C:/nxp/MCUXpressoIDE_24.9.25/ide/plugins/com.nxp.mcuxpresso.tools.win32_24.9.0.202407110857/tools/bin/../lib/gcc/arm-none-eabi/13.2.1/../../../../arm-none-eabi/lib/thumb/v7e-m+fp/hard\libcr_c.a(initio.o)
 .debug_aranges
                0x00001148       0x20 C:/nxp/MCUXpressoIDE_24.9.25/ide/plugins/com.nxp.mcuxpresso.tools.win32_24.9.0.202407110857/tools/bin/../lib/gcc/arm-none-eabi/13.2.1/../../../../arm-none-eabi/lib/thumb/v7e-m+fp/hard\libcr_c.a(setvbuf.o)
 .debug_aranges
                0x00001168       0x20 C:/nxp/MCUXpressoIDE_24.9.25/ide/plugins/com.nxp.mcuxpresso.tools.win32_24.9.0.202407110857/tools/bin/../lib/gcc/arm-none-eabi/13.2.1/../../../../arm-none-eabi/lib/thumb/v7e-m+fp/hard\libcr_c.a(strlen.o)
 .debug_aranges
                0x00001188       0x20 C:/nxp/MCUXpressoIDE_24.9.25/ide/plugins/com.nxp.mcuxpresso.tools.win32_24.9.0.202407110857/tools/bin/../lib/gcc/arm-none-eabi/13.2.1/../../../../arm-none-eabi/lib/thumb/v7e-m+fp/hard\libcr_c.a(__init_alloc.o)
 .debug_aranges
                0x000011a8       0x20 C:/nxp/MCUXpressoIDE_24.9.25/ide/plugins/com.nxp.mcuxpresso.tools.win32_24.9.0.202407110857/tools/bin/../lib/gcc/arm-none-eabi/13.2.1/../../../../arm-none-eabi/lib/thumb/v7e-m+fp/hard\libcr_c.a(_cr_sbrk.o)
 .debug_aranges
                0x000011c8       0x20 C:/nxp/MCUXpressoIDE_24.9.25/ide/plugins/com.nxp.mcuxpresso.tools.win32_24.9.0.202407110857/tools/bin/../lib/gcc/arm-none-eabi/13.2.1/../../../../arm-none-eabi/lib/thumb/v7e-m+fp/hard\libcr_c.a(_fdopen.o)
 .debug_aranges
                0x000011e8       0x20 C:/nxp/MCUXpressoIDE_24.9.25/ide/plugins/com.nxp.mcuxpresso.tools.win32_24.9.0.202407110857/tools/bin/../lib/gcc/arm-none-eabi/13.2.1/../../../../arm-none-eabi/lib/thumb/v7e-m+fp/hard\libcr_c.a(fclose.o)
 .debug_aranges
                0x00001208       0x20 C:/nxp/MCUXpressoIDE_24.9.25/ide/plugins/com.nxp.mcuxpresso.tools.win32_24.9.0.202407110857/tools/bin/../lib/gcc/arm-none-eabi/13.2.1/../../../../arm-none-eabi/lib/thumb/v7e-m+fp/hard\libcr_c.a(fflush.o)
 .debug_aranges
                0x00001228       0x28 C:/nxp/MCUXpressoIDE_24.9.25/ide/plugins/com.nxp.mcuxpresso.tools.win32_24.9.0.202407110857/tools/bin/../lib/gcc/arm-none-eabi/13.2.1/../../../../arm-none-eabi/lib/thumb/v7e-m+fp/hard\libcr_c.a(remove.o)
 .debug_aranges
                0x00001250       0x20 C:/nxp/MCUXpressoIDE_24.9.25/ide/plugins/com.nxp.mcuxpresso.tools.win32_24.9.0.202407110857/tools/bin/../lib/gcc/arm-none-eabi/13.2.1/../../../../arm-none-eabi/lib/thumb/v7e-m+fp/hard\libcr_c.a(_cr_check_heap.o)
 .debug_aranges