/home/kenneth/RTOS/OSEK_vUART_PWM/CMSIS/core_cm4.h:1679:22:__NVIC_EnableIRQ	16	static
/home/kenneth/RTOS/OSEK_vUART_PWM/CMSIS/core_cm4.h:1717:22:__NVIC_DisableIRQ	16	static
/home/kenneth/RTOS/OSEK_vUART_PWM/drivers/fsl_common_arm.h:499:24:EnableIRQ	24	static
/home/kenneth/RTOS/OSEK_vUART_PWM/drivers/fsl_common_arm.h:543:24:DisableIRQ	24	static
../myDrivers/SAE/App.c:28:6:delay	24	static
../myDrivers/SAE/App.c:32:6:Task_PWM1	4	static
../myDrivers/SAE/App.c:36:6:Task_PWM2	4	static
../myDrivers/SAE/App.c:40:6:Task_PWM3	4	static
../myDrivers/SAE/App.c:44:6:Task_PWM4	4	static
../myDrivers/SAE/App.c:48:6:Task_PWM5	4	static
../myDrivers/SAE/App.c:57:6:Task_UART1	24	static
../myDrivers/SAE/App.c:101:6:Task_UART2	8	static
../myDrivers/SAE/App.c:105:6:Task_UART3	8	static
../myDrivers/SAE/App.c:109:6:Task_UART4	8	static
../myDrivers/SAE/App.c:113:6:Task_UART5	8	static
../myDrivers/SAE/App.c:121:6:PORTA_IRQHandler	8	static
../myDrivers/SAE/App.c:173:6:PORTB_IRQHandler	8	static
../myDrivers/SAE/App.c:181:6:PORTC_IRQHandler	8	static
../myDrivers/SAE/App.c:189:6:PORTD_IRQHandler	8	static
../myDrivers/SAE/App.c:197:6:PORTE_IRQHandler	8	static
