/home/kenneth/RTOS/OSEK_Queues/CMSIS/core_cm4.h:1679:22:__NVIC_EnableIRQ	16	static
/home/kenneth/RTOS/OSEK_Queues/drivers/fsl_common_arm.h:499:24:EnableIRQ	24	static
../myDrivers/SAE/App.c:24:6:GPIO_Config	16	static
../myDrivers/SAE/App.c:46:6:delay	24	static
../myDrivers/SAE/App.c:54:6:Task_A	16	static
../myDrivers/SAE/App.c:85:6:Task_B	16	static
../myDrivers/SAE/App.c:104:6:Task_C	8	static
../myDrivers/SAE/App.c:113:6:Task_ISR	8	static
../myDrivers/SAE/App.c:122:6:Task_ISR_2	8	static
../myDrivers/SAE/App.c:131:6:PORTA_IRQHandler	8	static
