/home/kenneth/RTOS/OSEK_Queues/CMSIS/core_cm4.h:1717:22:__NVIC_DisableIRQ	16	static
../myDrivers/SAE/SO.c:35:6:Create_Task	32	static
../myDrivers/SAE/SO.c:89:6:Activate_Task	24	static
../myDrivers/SAE/SO.c:126:6:Activate_Task_ISR	24	static
../myDrivers/SAE/SO.c:153:6:Chain_Task	24	static
../myDrivers/SAE/SO.c:178:6:Terminate_Task	8	static
../myDrivers/SAE/SO.c:198:6:Scheduler	16	static
../myDrivers/SAE/SO.c:242:6:SO_Init	8	static
../myDrivers/SAE/SO.c:253:6:Save_Context	4	static
../myDrivers/SAE/SO.c:311:6:Restore_Context	4	static
../myDrivers/SAE/SO.c:358:6:Set_Alarm	24	static
../myDrivers/SAE/SO.c:397:10:Queue_Init	24	static
../myDrivers/SAE/SO.c:419:6:Queue_IsEmpty	16	static
../myDrivers/SAE/SO.c:427:6:Queue_IsFull	16	static
../myDrivers/SAE/SO.c:440:5:Queue_Enqueue	16	static
../myDrivers/SAE/SO.c:460:5:Queue_Dequeue	16	static
../myDrivers/SAE/SO.c:475:6:Queue_Free	16	static
../myDrivers/SAE/SO.c:487:6:PIT0_IRQHandler	16	static
