/home/kenneth/RTOS/OSEK_vUART_PWM/CMSIS/core_cm4.h:1679:22:__NVIC_EnableIRQ	16	static
/home/kenneth/RTOS/OSEK_vUART_PWM/drivers/fsl_common_arm.h:499:24:EnableIRQ	24	static
../myDrivers/Peripherics/GPIO.c:19:6:Config_Pins	8	static
../myDrivers/Peripherics/GPIO.c:44:6:GPIO_Config	16	static
../myDrivers/Peripherics/GPIO.c:94:6:Init_Pins	8	static
../myDrivers/Peripherics/GPIO.c:109:6:Red	4	static
../myDrivers/Peripherics/GPIO.c:121:6:Blue	4	static
../myDrivers/Peripherics/GPIO.c:133:6:Green	4	static
../myDrivers/Peripherics/GPIO.c:145:6:White	4	static
../myDrivers/Peripherics/GPIO.c:157:6:Off	4	static
