/home/kenneth/RTOS/OSEK_vUART_PWM/CMSIS/core_cm4.h:1679:22:__NVIC_EnableIRQ	16	static
/home/kenneth/RTOS/OSEK_vUART_PWM/drivers/fsl_common_arm.h:499:24:EnableIRQ	24	static
../myDrivers/Peripherics/RGB.c:19:6:Config_Pins	8	static
../myDrivers/Peripherics/RGB.c:44:6:GPIO_Config	32	static
../myDrivers/Peripherics/RGB.c:75:6:Init_Pins	8	static
../myDrivers/Peripherics/RGB.c:90:6:Red	4	static
../myDrivers/Peripherics/RGB.c:102:6:Blue	4	static
../myDrivers/Peripherics/RGB.c:114:6:Green	4	static
../myDrivers/Peripherics/RGB.c:126:6:White	4	static
../myDrivers/Peripherics/RGB.c:138:6:Off	4	static
